Archive member included to satisfy reference by file (symbol)

c:/program files (x86)/atollic/truestudio for stm32 9.3.0/armtools/bin/../lib/gcc/arm-atollic-eabi/6.3.1/../../../../arm-atollic-eabi/lib/armv7-m\libc.a(lib_a-init.o)
                              src\startup_stm32f10x_md.o (__libc_init_array)
c:/program files (x86)/atollic/truestudio for stm32 9.3.0/armtools/bin/../lib/gcc/arm-atollic-eabi/6.3.1/../../../../arm-atollic-eabi/lib/armv7-m\libc.a(lib_a-itoa.o)
                              src\tmc2300.o (itoa)
c:/program files (x86)/atollic/truestudio for stm32 9.3.0/armtools/bin/../lib/gcc/arm-atollic-eabi/6.3.1/../../../../arm-atollic-eabi/lib/armv7-m\libc.a(lib_a-memcmp.o)
                              src\gcode.o (memcmp)
c:/program files (x86)/atollic/truestudio for stm32 9.3.0/armtools/bin/../lib/gcc/arm-atollic-eabi/6.3.1/../../../../arm-atollic-eabi/lib/armv7-m\libc.a(lib_a-memset.o)
                              src\eeprom.o (memset)
c:/program files (x86)/atollic/truestudio for stm32 9.3.0/armtools/bin/../lib/gcc/arm-atollic-eabi/6.3.1/../../../../arm-atollic-eabi/lib/armv7-m\libc.a(lib_a-utoa.o)
                              c:/program files (x86)/atollic/truestudio for stm32 9.3.0/armtools/bin/../lib/gcc/arm-atollic-eabi/6.3.1/../../../../arm-atollic-eabi/lib/armv7-m\libc.a(lib_a-itoa.o) (__utoa)
c:/program files (x86)/atollic/truestudio for stm32 9.3.0/armtools/bin/../lib/gcc/arm-atollic-eabi/6.3.1/../../../../arm-atollic-eabi/lib/armv7-m\libm.a(lib_a-sf_ceil.o)
                              src\nuts_bolts.o (ceilf)
c:/program files (x86)/atollic/truestudio for stm32 9.3.0/armtools/bin/../lib/gcc/arm-atollic-eabi/6.3.1/../../../../arm-atollic-eabi/lib/armv7-m\libm.a(lib_a-sf_cos.o)
                              src\motion_control.o (cosf)
c:/program files (x86)/atollic/truestudio for stm32 9.3.0/armtools/bin/../lib/gcc/arm-atollic-eabi/6.3.1/../../../../arm-atollic-eabi/lib/armv7-m\libm.a(lib_a-sf_floor.o)
                              src\motion_control.o (floorf)
c:/program files (x86)/atollic/truestudio for stm32 9.3.0/armtools/bin/../lib/gcc/arm-atollic-eabi/6.3.1/../../../../arm-atollic-eabi/lib/armv7-m\libm.a(lib_a-sf_lround.o)
                              src\gcode.o (lroundf)
c:/program files (x86)/atollic/truestudio for stm32 9.3.0/armtools/bin/../lib/gcc/arm-atollic-eabi/6.3.1/../../../../arm-atollic-eabi/lib/armv7-m\libm.a(lib_a-sf_sin.o)
                              src\motion_control.o (sinf)
c:/program files (x86)/atollic/truestudio for stm32 9.3.0/armtools/bin/../lib/gcc/arm-atollic-eabi/6.3.1/../../../../arm-atollic-eabi/lib/armv7-m\libm.a(lib_a-wf_atan2.o)
                              src\motion_control.o (atan2f)
c:/program files (x86)/atollic/truestudio for stm32 9.3.0/armtools/bin/../lib/gcc/arm-atollic-eabi/6.3.1/../../../../arm-atollic-eabi/lib/armv7-m\libm.a(lib_a-wf_sqrt.o)
                              src\gcode.o (sqrtf)
c:/program files (x86)/atollic/truestudio for stm32 9.3.0/armtools/bin/../lib/gcc/arm-atollic-eabi/6.3.1/../../../../arm-atollic-eabi/lib/armv7-m\libm.a(lib_a-ef_atan2.o)
                              c:/program files (x86)/atollic/truestudio for stm32 9.3.0/armtools/bin/../lib/gcc/arm-atollic-eabi/6.3.1/../../../../arm-atollic-eabi/lib/armv7-m\libm.a(lib_a-wf_atan2.o) (__ieee754_atan2f)
c:/program files (x86)/atollic/truestudio for stm32 9.3.0/armtools/bin/../lib/gcc/arm-atollic-eabi/6.3.1/../../../../arm-atollic-eabi/lib/armv7-m\libm.a(lib_a-ef_rem_pio2.o)
                              c:/program files (x86)/atollic/truestudio for stm32 9.3.0/armtools/bin/../lib/gcc/arm-atollic-eabi/6.3.1/../../../../arm-atollic-eabi/lib/armv7-m\libm.a(lib_a-sf_cos.o) (__ieee754_rem_pio2f)
c:/program files (x86)/atollic/truestudio for stm32 9.3.0/armtools/bin/../lib/gcc/arm-atollic-eabi/6.3.1/../../../../arm-atollic-eabi/lib/armv7-m\libm.a(lib_a-ef_sqrt.o)
                              c:/program files (x86)/atollic/truestudio for stm32 9.3.0/armtools/bin/../lib/gcc/arm-atollic-eabi/6.3.1/../../../../arm-atollic-eabi/lib/armv7-m\libm.a(lib_a-wf_sqrt.o) (__ieee754_sqrtf)
c:/program files (x86)/atollic/truestudio for stm32 9.3.0/armtools/bin/../lib/gcc/arm-atollic-eabi/6.3.1/../../../../arm-atollic-eabi/lib/armv7-m\libm.a(lib_a-kf_cos.o)
                              c:/program files (x86)/atollic/truestudio for stm32 9.3.0/armtools/bin/../lib/gcc/arm-atollic-eabi/6.3.1/../../../../arm-atollic-eabi/lib/armv7-m\libm.a(lib_a-sf_cos.o) (__kernel_cosf)
c:/program files (x86)/atollic/truestudio for stm32 9.3.0/armtools/bin/../lib/gcc/arm-atollic-eabi/6.3.1/../../../../arm-atollic-eabi/lib/armv7-m\libm.a(lib_a-kf_rem_pio2.o)
                              c:/program files (x86)/atollic/truestudio for stm32 9.3.0/armtools/bin/../lib/gcc/arm-atollic-eabi/6.3.1/../../../../arm-atollic-eabi/lib/armv7-m\libm.a(lib_a-ef_rem_pio2.o) (__kernel_rem_pio2f)
[...]
Memory Configuration

Name             Origin             Length             Attributes
FLASH            0x08000000         0x00010000         xr
RAM              0x20000000         0x00005000         xrw
MEMORY_B1        0x60000000         0x00000000         xr
*default*        0x00000000         0xffffffff

Linker script and memory map

LOAD c:/program files (x86)/atollic/truestudio for stm32 9.3.0/armtools/bin/../lib/gcc/arm-atollic-eabi/6.3.1/armv7-m/crti.o
LOAD c:/program files (x86)/atollic/truestudio for stm32 9.3.0/armtools/bin/../lib/gcc/arm-atollic-eabi/6.3.1/armv7-m/crtbegin.o
LOAD Libraries\STM32F10x_StdPeriph_Driver\src\misc.o
LOAD Libraries\STM32F10x_StdPeriph_Driver\src\stm32f10x_adc.o
LOAD Libraries\STM32F10x_StdPeriph_Driver\src\stm32f10x_bkp.o
LOAD Libraries\STM32F10x_StdPeriph_Driver\src\stm32f10x_can.o
LOAD Libraries\STM32F10x_StdPeriph_Driver\src\stm32f10x_cec.o
LOAD Libraries\STM32F10x_StdPeriph_Driver\src\stm32f10x_crc.o
LOAD Libraries\STM32F10x_StdPeriph_Driver\src\stm32f10x_dac.o
LOAD Libraries\STM32F10x_StdPeriph_Driver\src\stm32f10x_dbgmcu.o
LOAD Libraries\STM32F10x_StdPeriph_Driver\src\stm32f10x_dma.o
LOAD Libraries\STM32F10x_StdPeriph_Driver\src\stm32f10x_exti.o
LOAD Libraries\STM32F10x_StdPeriph_Driver\src\stm32f10x_flash.o
LOAD Libraries\STM32F10x_StdPeriph_Driver\src\stm32f10x_fsmc.o
LOAD Libraries\STM32F10x_StdPeriph_Driver\src\stm32f10x_gpio.o
LOAD Libraries\STM32F10x_StdPeriph_Driver\src\stm32f10x_i2c.o
LOAD Libraries\STM32F10x_StdPeriph_Driver\src\stm32f10x_iwdg.o
LOAD Libraries\STM32F10x_StdPeriph_Driver\src\stm32f10x_pwr.o
LOAD Libraries\STM32F10x_StdPeriph_Driver\src\stm32f10x_rcc.o
LOAD Libraries\STM32F10x_StdPeriph_Driver\src\stm32f10x_rtc.o
LOAD Libraries\STM32F10x_StdPeriph_Driver\src\stm32f10x_sdio.o
LOAD Libraries\STM32F10x_StdPeriph_Driver\src\stm32f10x_spi.o
LOAD Libraries\STM32F10x_StdPeriph_Driver\src\stm32f10x_tim.o
LOAD Libraries\STM32F10x_StdPeriph_Driver\src\stm32f10x_usart.o
LOAD Libraries\STM32F10x_StdPeriph_Driver\src\stm32f10x_wwdg.o
LOAD src\coolant_control.o
LOAD src\eeprom.o
LOAD src\gcode.o
LOAD src\jog.o
LOAD src\limits.o
LOAD src\main.o
LOAD src\motion_control.o
LOAD src\nuts_bolts.o
LOAD src\planner.o
LOAD src\print.o
LOAD src\probe.o
LOAD src\protocol.o
LOAD src\report.o
LOAD src\serial.o
LOAD src\settings.o
LOAD src\spindle_control.o
LOAD src\startup_stm32f10x_md.o
LOAD src\stepper.o
LOAD src\system.o
LOAD src\system_stm32f10x.o
LOAD src\tmc2300.o
LOAD stm_usb_fs_lib\src\usb_core.o
LOAD stm_usb_fs_lib\src\usb_init.o
LOAD stm_usb_fs_lib\src\usb_int.o
LOAD stm_usb_fs_lib\src\usb_mem.o
LOAD stm_usb_fs_lib\src\usb_regs.o
LOAD stm_usb_fs_lib\src\usb_sil.o
LOAD usb\hw_config.o
LOAD usb\usb_desc.o
LOAD usb\usb_endp.o
LOAD usb\usb_istr.o
LOAD usb\usb_prop.o
LOAD usb\usb_pwr.o
LOAD util\stm32f10x_it.o
                0x00000080                malloc_getpagesize_P = 0x80
START GROUP
LOAD c:/program files (x86)/atollic/truestudio for stm32 9.3.0/armtools/bin/../lib/gcc/arm-atollic-eabi/6.3.1/../../../../arm-atollic-eabi/lib/armv7-m\libc.a
LOAD c:/program files (x86)/atollic/truestudio for stm32 9.3.0/armtools/bin/../lib/gcc/arm-atollic-eabi/6.3.1/../../../../arm-atollic-eabi/lib/armv7-m\libm.a
END GROUP
START GROUP
LOAD c:/program files (x86)/atollic/truestudio for stm32 9.3.0/armtools/bin/../lib/gcc/arm-atollic-eabi/6.3.1/armv7-m\libgcc.a
LOAD c:/program files (x86)/atollic/truestudio for stm32 9.3.0/armtools/bin/../lib/gcc/arm-atollic-eabi/6.3.1/../../../../arm-atollic-eabi/lib/armv7-m\libc.a
END GROUP
START GROUP
LOAD c:/program files (x86)/atollic/truestudio for stm32 9.3.0/armtools/bin/../lib/gcc/arm-atollic-eabi/6.3.1/armv7-m\libgcc.a
LOAD c:/program files (x86)/atollic/truestudio for stm32 9.3.0/armtools/bin/../lib/gcc/arm-atollic-eabi/6.3.1/../../../../arm-atollic-eabi/lib/armv7-m\libc.a
LOAD c:/program files (x86)/atollic/truestudio for stm32 9.3.0/armtools/bin/../lib/gcc/arm-atollic-eabi/6.3.1/../../../../arm-atollic-eabi/lib/armv7-m\libnosys.a
END GROUP
LOAD c:/program files (x86)/atollic/truestudio for stm32 9.3.0/armtools/bin/../lib/gcc/arm-atollic-eabi/6.3.1/armv7-m/crtend.o
LOAD c:/program files (x86)/atollic/truestudio for stm32 9.3.0/armtools/bin/../lib/gcc/arm-atollic-eabi/6.3.1/armv7-m/crtn.o
                0x20005000                _estack = 0x20005000
                0x00000080                _Min_Heap_Size = 0x80
                0x00000200                _Min_Stack_Size = 0x200

.isr_vector     0x08000000      0x10c
                0x08000000                . = ALIGN (0x4)
 *(.isr_vector)
 .isr_vector    0x08000000      0x10c src\startup_stm32f10x_md.o
                0x08000000                g_pfnVectors
                0x0800010c                . = ALIGN (0x4)

.text           0x08000110     0xc534
                0x08000110                . = ALIGN (0x4)
 *(.text)
 .text          0x08000110       0x40 c:/program files (x86)/atollic/truestudio for stm32 9.3.0/armtools/bin/../lib/gcc/arm-atollic-eabi/6.3.1/armv7-m/crtbegin.o
 .text          0x08000150      0x370 c:/program files (x86)/atollic/truestudio for stm32 9.3.0/armtools/bin/../lib/gcc/arm-atollic-eabi/6.3.1/armv7-m\libgcc.a(_arm_addsubdf3.o)
                0x08000150                __aeabi_drsub
                0x08000158                __aeabi_dsub
                0x08000158                __subdf3
                0x0800015c                __aeabi_dadd
                0x0800015c                __adddf3
                0x080003d4                __floatunsidf
                0x080003d4                __aeabi_ui2d
                0x080003f4                __floatsidf
                0x080003f4                __aeabi_i2d
                0x08000418                __aeabi_f2d
                0x08000418                __extendsfdf2
                0x08000454                __floatundidf
                0x08000454                __aeabi_ul2d
                0x08000464                __floatdidf
                0x08000464                __aeabi_l2d
 .text          0x080004c0      0x424 c:/program files (x86)/atollic/truestudio for stm32 9.3.0/armtools/bin/../lib/gcc/arm-atollic-eabi/6.3.1/armv7-m\libgcc.a(_arm_muldivdf3.o)
                0x080004c0                __aeabi_dmul
                0x080004c0                __muldf3
                0x08000714                __divdf3
                0x08000714                __aeabi_ddiv
 .text          0x080008e4      0x110 c:/program files (x86)/atollic/truestudio for stm32 9.3.0/armtools/bin/../lib/gcc/arm-atollic-eabi/6.3.1/armv7-m\libgcc.a(_arm_cmpdf2.o)
                0x080008e4                __gtdf2
                0x080008e4                __gedf2
                0x080008ec                __ltdf2
                0x080008ec                __ledf2
                0x080008f4                __nedf2
                0x080008f4                __eqdf2
                0x080008f4                __cmpdf2
                0x08000970                __aeabi_cdrcmple
                0x08000980                __aeabi_cdcmpeq
                0x08000980                __aeabi_cdcmple
                0x08000990                __aeabi_dcmpeq
                0x080009a4                __aeabi_dcmplt
                0x080009b8                __aeabi_dcmple
                0x080009cc                __aeabi_dcmpge
                0x080009e0                __aeabi_dcmpgt
 .text          0x080009f4       0xa0 c:/program files (x86)/atollic/truestudio for stm32 9.3.0/armtools/bin/../lib/gcc/arm-atollic-eabi/6.3.1/armv7-m\libgcc.a(_arm_truncdfsf2.o)
                0x080009f4                __truncdfsf2
                0x080009f4                __aeabi_d2f
 .text          0x08000a94      0x21c c:/program files (x86)/atollic/truestudio for stm32 9.3.0/armtools/bin/../lib/gcc/arm-atollic-eabi/6.3.1/armv7-m\libgcc.a(_arm_addsubsf3.o)
                0x08000a94                __aeabi_frsub
                0x08000a9c                __subsf3
                0x08000a9c                __aeabi_fsub
                0x08000aa0                __aeabi_fadd
                0x08000aa0                __addsf3
                0x08000c00                __aeabi_ui2f
                0x08000c00                __floatunsisf
                0x08000c08                __aeabi_i2f
                0x08000c08                __floatsisf
                0x08000c24                __aeabi_ul2f
                0x08000c24                __floatundisf
                0x08000c34                __aeabi_l2f
                0x08000c34                __floatdisf
 .text          0x08000cb0      0x2a0 c:/program files (x86)/atollic/truestudio for stm32 9.3.0/armtools/bin/../lib/gcc/arm-atollic-eabi/6.3.1/armv7-m\libgcc.a(_arm_muldivsf3.o)
                0x08000cb0                __mulsf3
                0x08000cb0                __aeabi_fmul
                0x08000e18                __aeabi_fdiv
                0x08000e18                __divsf3
 .text          0x08000f50       0xec c:/program files (x86)/atollic/truestudio for stm32 9.3.0/armtools/bin/../lib/gcc/arm-atollic-eabi/6.3.1/armv7-m\libgcc.a(_arm_cmpsf2.o)
                0x08000f50                __gesf2
                0x08000f50                __gtsf2
                0x08000f58                __lesf2
                0x08000f58                __ltsf2
                0x08000f60                __nesf2
                0x08000f60                __eqsf2
                0x08000f60                __cmpsf2
                0x08000fc0                __aeabi_cfrcmple
                0x08000fc8                __aeabi_cfcmpeq
                0x08000fc8                __aeabi_cfcmple
                0x08000fd8                __aeabi_fcmpeq
                0x08000fec                __aeabi_fcmplt
                0x08001000                __aeabi_fcmple
                0x08001014                __aeabi_fcmpge
                0x08001028                __aeabi_fcmpgt
 .text          0x0800103c       0x2c c:/program files (x86)/atollic/truestudio for stm32 9.3.0/armtools/bin/../lib/gcc/arm-atollic-eabi/6.3.1/armv7-m\libgcc.a(_arm_unordsf2.o)
                0x0800103c                __unordsf2
                0x0800103c                __aeabi_fcmpun
 .text          0x08001068       0x4c c:/program files (x86)/atollic/truestudio for stm32 9.3.0/armtools/bin/../lib/gcc/arm-atollic-eabi/6.3.1/armv7-m\libgcc.a(_arm_fixsfsi.o)
                0x08001068                __aeabi_f2iz
                0x08001068                __fixsfsi
 .text          0x080010b4       0x40 c:/program files (x86)/atollic/truestudio for stm32 9.3.0/armtools/bin/../lib/gcc/arm-atollic-eabi/6.3.1/armv7-m\libgcc.a(_arm_fixunssfsi.o)
                0x080010b4                __fixunssfsi
                0x080010b4                __aeabi_f2uiz
 *(.text*)
 .text.NVIC_PriorityGroupConfig
                0x080010f4       0x14 Libraries\STM32F10x_StdPeriph_Driver\src\misc.o
                0x080010f4                NVIC_PriorityGroupConfig
 .text.NVIC_Init
                0x08001108       0x64 Libraries\STM32F10x_StdPeriph_Driver\src\misc.o
                0x08001108                NVIC_Init
 .text.EXTI_Init
                0x0800116c       0x7c Libraries\STM32F10x_StdPeriph_Driver\src\stm32f10x_exti.o
                0x0800116c                EXTI_Init
 .text.EXTI_GetITStatus
                0x080011e8       0x1c Libraries\STM32F10x_StdPeriph_Driver\src\stm32f10x_exti.o
                0x080011e8                EXTI_GetITStatus
 .text.EXTI_ClearITPendingBit
                0x08001204        0xc Libraries\STM32F10x_StdPeriph_Driver\src\stm32f10x_exti.o
                0x08001204                EXTI_ClearITPendingBit
 .text.FLASH_Unlock
                0x08001210       0x18 Libraries\STM32F10x_StdPeriph_Driver\src\stm32f10x_flash.o
                0x08001210                FLASH_Unlock
 .text.FLASH_ErasePage
                0x08001228       0xec Libraries\STM32F10x_StdPeriph_Driver\src\stm32f10x_flash.o
                0x08001228                FLASH_ErasePage
 .text.FLASH_ProgramHalfWord
                0x08001314       0xec Libraries\STM32F10x_StdPeriph_Driver\src\stm32f10x_flash.o
                0x08001314                FLASH_ProgramHalfWord
 .text.GPIO_Init
                0x08001400      0x36c Libraries\STM32F10x_StdPeriph_Driver\src\stm32f10x_gpio.o
                0x08001400                GPIO_Init
 .text.GPIO_ReadInputData
                0x0800176c        0x8 Libraries\STM32F10x_StdPeriph_Driver\src\stm32f10x_gpio.o
                0x0800176c                GPIO_ReadInputData
 .text.GPIO_ReadOutputData
                0x08001774        0x8 Libraries\STM32F10x_StdPeriph_Driver\src\stm32f10x_gpio.o
                0x08001774                GPIO_ReadOutputData
 .text.GPIO_SetBits
                0x0800177c        0x4 Libraries\STM32F10x_StdPeriph_Driver\src\stm32f10x_gpio.o
                0x0800177c                GPIO_SetBits
 .text.GPIO_ResetBits
                0x08001780        0x4 Libraries\STM32F10x_StdPeriph_Driver\src\stm32f10x_gpio.o
                0x08001780                GPIO_ResetBits
 .text.GPIO_WriteBit
                0x08001784        0xc Libraries\STM32F10x_StdPeriph_Driver\src\stm32f10x_gpio.o
                0x08001784                GPIO_WriteBit
 .text.GPIO_PinRemapConfig
                0x08001790       0x6c Libraries\STM32F10x_StdPeriph_Driver\src\stm32f10x_gpio.o
                0x08001790                GPIO_PinRemapConfig
 .text.GPIO_EXTILineConfig
                0x080017fc       0x30 Libraries\STM32F10x_StdPeriph_Driver\src\stm32f10x_gpio.o
                0x080017fc                GPIO_EXTILineConfig
 .text.RCC_USBCLKConfig
                0x0800182c        0xc Libraries\STM32F10x_StdPeriph_Driver\src\stm32f10x_rcc.o
                0x0800182c                RCC_USBCLKConfig
 .text.RCC_GetClocksFreq
                0x08001838       0xac Libraries\STM32F10x_StdPeriph_Driver\src\stm32f10x_rcc.o
                0x08001838                RCC_GetClocksFreq
 .text.RCC_APB2PeriphClockCmd
                0x080018e4       0x18 Libraries\STM32F10x_StdPeriph_Driver\src\stm32f10x_rcc.o
                0x080018e4                RCC_APB2PeriphClockCmd
 .text.RCC_APB1PeriphClockCmd
                0x080018fc       0x18 Libraries\STM32F10x_StdPeriph_Driver\src\stm32f10x_rcc.o
                0x080018fc                RCC_APB1PeriphClockCmd
 .text.TIM_TimeBaseInit
                0x08001914       0xac Libraries\STM32F10x_StdPeriph_Driver\src\stm32f10x_tim.o
                0x08001914                TIM_TimeBaseInit
 .text.TIM_OC1Init
                0x080019c0       0x90 Libraries\STM32F10x_StdPeriph_Driver\src\stm32f10x_tim.o
                0x080019c0                TIM_OC1Init
 .text.TIM_TimeBaseStructInit
                0x08001a50       0x10 Libraries\STM32F10x_StdPeriph_Driver\src\stm32f10x_tim.o
                0x08001a50                TIM_TimeBaseStructInit
 .text.TIM_Cmd  0x08001a60       0x1c Libraries\STM32F10x_StdPeriph_Driver\src\stm32f10x_tim.o
                0x08001a60                TIM_Cmd
 .text.TIM_CtrlPWMOutputs
                0x08001a7c       0x20 Libraries\STM32F10x_StdPeriph_Driver\src\stm32f10x_tim.o
                0x08001a7c                TIM_CtrlPWMOutputs
 .text.TIM_ITConfig
                0x08001a9c       0x14 Libraries\STM32F10x_StdPeriph_Driver\src\stm32f10x_tim.o
                0x08001a9c                TIM_ITConfig
 .text.TIM_OC1PreloadConfig
                0x08001ab0       0x10 Libraries\STM32F10x_StdPeriph_Driver\src\stm32f10x_tim.o
                0x08001ab0                TIM_OC1PreloadConfig
 .text.TIM_ClearITPendingBit
                0x08001ac0        0x8 Libraries\STM32F10x_StdPeriph_Driver\src\stm32f10x_tim.o
                0x08001ac0                TIM_ClearITPendingBit
 .text.USART_Init
                0x08001ac8       0xbc Libraries\STM32F10x_StdPeriph_Driver\src\stm32f10x_usart.o
                0x08001ac8                USART_Init
 .text.USART_Cmd
                0x08001b84       0x1c Libraries\STM32F10x_StdPeriph_Driver\src\stm32f10x_usart.o
                0x08001b84                USART_Cmd
 .text.USART_ITConfig
                0x08001ba0       0x38 Libraries\STM32F10x_StdPeriph_Driver\src\stm32f10x_usart.o
                0x08001ba0                USART_ITConfig
 .text.USART_SendData
                0x08001bd8        0x8 Libraries\STM32F10x_StdPeriph_Driver\src\stm32f10x_usart.o
                0x08001bd8                USART_SendData
 .text.coolant_init
                0x08001be0       0x64 src\coolant_control.o
                0x08001be0                coolant_init
 .text.coolant_get_state
                0x08001c44       0x24 src\coolant_control.o
                0x08001c44                coolant_get_state
 .text.coolant_stop
                0x08001c68       0x1c src\coolant_control.o
                0x08001c68                coolant_stop
 .text.coolant_set_state
                0x08001c84       0x48 src\coolant_control.o
                0x08001c84                coolant_set_state
 .text.coolant_sync
                0x08001ccc       0x54 src\coolant_control.o
                0x08001ccc                coolant_sync
 .text.eeprom_init
                0x08001d20       0x3c src\eeprom.o
                0x08001d20                eeprom_init
 .text.eeprom_get_char
                0x08001d5c        0xc src\eeprom.o
                0x08001d5c                eeprom_get_char
 .text.eeprom_put_char
                0x08001d68        0xc src\eeprom.o
                0x08001d68                eeprom_put_char
 .text.memcpy_to_eeprom_with_checksum
                0x08001d74       0xa4 src\eeprom.o
                0x08001d74                memcpy_to_eeprom_with_checksum
 .text.memcpy_from_eeprom_with_checksum
                0x08001e18       0x44 src\eeprom.o
                0x08001e18                memcpy_from_eeprom_with_checksum
 .text.gc_init  0x08001e5c       0x2c src\gcode.o
                0x08001e5c                gc_init
 .text.gc_sync_position
                0x08001e88       0x10 src\gcode.o
                0x08001e88                gc_sync_position
 .text.gc_execute_line
                0x08001e98     0x1318 src\gcode.o
                0x08001e98                gc_execute_line
 .text.jog_execute
                0x080031b0       0x60 src\jog.o
                0x080031b0                jog_execute
 .text.limits_init
                0x08003210       0xac src\limits.o
                0x08003210                limits_init
 .text.limits_disable
                0x080032bc       0x10 src\limits.o
                0x080032bc                limits_disable
 .text.limits_get_state
                0x080032cc       0x84 src\limits.o
                0x080032cc                limits_get_state
 .text.EXTI15_10_IRQHandler
                0x08003350       0x88 src\limits.o
                0x08003350                EXTI15_10_IRQHandler
 .text.limits_go_home
                0x080033d8      0x420 src\limits.o
                0x080033d8                limits_go_home
 .text.limits_soft_check
                0x080037f8       0x44 src\limits.o
                0x080037f8                limits_soft_check
 .text.USART3_Configuration
                0x0800383c       0xb8 src\main.o
                0x0800383c                USART3_Configuration
 .text.startup.main
                0x080038f4      0x118 src\main.o
                0x080038f4                main
 .text._delay_ms
                0x08003a0c       0x30 src\main.o
                0x08003a0c                _delay_ms
 .text.LedBlink
                0x08003a3c       0x28 src\main.o
                0x08003a3c                LedBlink
 .text.mc_line  0x08003a64       0x68 src\motion_control.o
                0x08003a64                mc_line
 *fill*         0x08003acc        0x4 
 .text.mc_arc   0x08003ad0      0x404 src\motion_control.o
                0x08003ad0                mc_arc
 .text.mc_dwell
                0x08003ed4       0x24 src\motion_control.o
                0x08003ed4                mc_dwell
 .text.mc_homing_cycle
                0x08003ef8       0x54 src\motion_control.o
                0x08003ef8                mc_homing_cycle
 .text.mc_probe_cycle
                0x08003f4c      0x124 src\motion_control.o
                0x08003f4c                mc_probe_cycle
 .text.mc_reset
                0x08004070       0x60 src\motion_control.o
                0x08004070                mc_reset
 .text.read_float
                0x080040d0      0x110 src\nuts_bolts.o
                0x080040d0                read_float
 .text.delay_sec
                0x080041e0       0x70 src\nuts_bolts.o
                0x080041e0                delay_sec
 .text.delay_ms
                0x08004250       0x20 src\nuts_bolts.o
                0x08004250                delay_ms
 .text.hypot_f  0x08004270       0x24 src\nuts_bolts.o
                0x08004270                hypot_f
 .text.convert_delta_vector_to_unit_vector
                0x08004294       0xd0 src\nuts_bolts.o
                0x08004294                convert_delta_vector_to_unit_vector
 .text.limit_value_by_axis_maximum
                0x08004364       0xac src\nuts_bolts.o
                0x08004364                limit_value_by_axis_maximum
 .text.planner_recalculate
                0x08004410      0x1f8 src\planner.o
 .text.plan_reset
                0x08004608       0x38 src\planner.o
                0x08004608                plan_reset
 .text.plan_discard_current_block
                0x08004640       0x34 src\planner.o
                0x08004640                plan_discard_current_block
 .text.plan_get_system_motion_block
                0x08004674       0x18 src\planner.o
                0x08004674                plan_get_system_motion_block
 .text.plan_get_current_block
                0x0800468c       0x28 src\planner.o
                0x0800468c                plan_get_current_block
 .text.plan_get_exec_block_exit_speed_sqr
                0x080046b4       0x34 src\planner.o
                0x080046b4                plan_get_exec_block_exit_speed_sqr
 .text.plan_check_full_buffer
                0x080046e8       0x1c src\planner.o
                0x080046e8                plan_check_full_buffer
 .text.plan_compute_profile_nominal_speed
                0x08004704       0x6c src\planner.o
                0x08004704                plan_compute_profile_nominal_speed
 .text.plan_update_velocity_profile_parameters
                0x08004770       0xf8 src\planner.o
                0x08004770                plan_update_velocity_profile_parameters
 .text.plan_buffer_line
                0x08004868      0x4c4 src\planner.o
                0x08004868                plan_buffer_line
 .text.plan_sync_position
                0x08004d2c       0x18 src\planner.o
                0x08004d2c                plan_sync_position
 .text.plan_get_block_buffer_available
                0x08004d44       0x24 src\planner.o
                0x08004d44                plan_get_block_buffer_available
 .text.plan_cycle_reinitialize
                0x08004d68       0x20 src\planner.o
                0x08004d68                plan_cycle_reinitialize
 .text.printString
                0x08004d88       0x18 src\print.o
                0x08004d88                printString
 .text.print_uint8_base10
                0x08004da0       0x84 src\print.o
                0x08004da0                print_uint8_base10
 .text.printFloat
                0x08004e24       0xe4 src\print.o
                0x08004e24                printFloat
 .text.printFloat_CoordValue
                0x08004f08      0x1d0 src\print.o
                0x08004f08                printFloat_CoordValue
 .text.printFloat_RateValue
                0x080050d8      0x148 src\print.o
                0x080050d8                printFloat_RateValue
 .text.probe_init
                0x08005220       0x4c src\probe.o
                0x08005220                probe_init
 .text.probe_configure_invert_mask
                0x0800526c       0x28 src\probe.o
                0x0800526c                probe_configure_invert_mask
 .text.probe_get_state
                0x08005294       0x20 src\probe.o
                0x08005294                probe_get_state
 .text.probe_state_monitor
                0x080052b4       0x48 src\probe.o
                0x080052b4                probe_state_monitor
 .text.protocol_auto_cycle_start
                0x080052fc       0x14 src\protocol.o
                0x080052fc                protocol_auto_cycle_start
 .text.protocol_exec_rt_system
                0x08005310      0x3d4 src\protocol.o
                0x08005310                protocol_exec_rt_system
 .text.protocol_exec_rt_suspend
                0x080056e4      0x670 src\protocol.o
 .text.protocol_execute_realtime
                0x08005d54      0x3e4 src\protocol.o
                0x08005d54                protocol_execute_realtime
 .text.protocol_buffer_synchronize
                0x08006138      0x478 src\protocol.o
                0x08006138                protocol_buffer_synchronize
 .text.protocol_main_loop
                0x080065b0      0x174 src\protocol.o
                0x080065b0                protocol_main_loop
 .text.report_status_message
                0x08006724       0x30 src\report.o
                0x08006724                report_status_message
 .text.report_alarm_message
                0x08006754       0x2c src\report.o
                0x08006754                report_alarm_message
 .text.report_feedback_message
                0x08006780       0xbc src\report.o
                0x08006780                report_feedback_message
 .text.report_init_message
                0x0800683c        0xc src\report.o
                0x0800683c                report_init_message
 .text.report_grbl_help
                0x08006848        0xc src\report.o
                0x08006848                report_grbl_help
 .text.report_grbl_settings
                0x08006854      0x5ec src\report.o
                0x08006854                report_grbl_settings
 .text.report_probe_parameters
                0x08006e40       0x6c src\report.o
                0x08006e40                report_probe_parameters
 .text.report_ngc_parameters
                0x08006eac      0x17c src\report.o
                0x08006eac                report_ngc_parameters
 .text.report_gcode_modes
                0x08007028      0x170 src\report.o
                0x08007028                report_gcode_modes
 .text.report_startup_line
                0x08007198       0x30 src\report.o
                0x08007198                report_startup_line
 .text.report_execute_startup_message
                0x080071c8       0x48 src\report.o
                0x080071c8                report_execute_startup_message
 .text.report_build_info
                0x08007210       0x78 src\report.o
                0x08007210                report_build_info
 .text.report_realtime_status
                0x08007288      0x3e4 src\report.o
                0x08007288                report_realtime_status
 .text.serial_get_rx_buffer_available
                0x0800766c       0x24 src\serial.o
                0x0800766c                serial_get_rx_buffer_available
 .text.serial3_get_rx_buffer_count
                0x08007690       0x20 src\serial.o
                0x08007690                serial3_get_rx_buffer_count
 .text.serial_init
                0x080076b0        0x4 src\serial.o
                0x080076b0                serial_init
 .text.serial_write
                0x080076b4       0x54 src\serial.o
                0x080076b4                serial_write
 .text.serial_read
                0x08007708       0x30 src\serial.o
                0x08007708                serial_read
 .text.serial3_read
                0x08007738       0x30 src\serial.o
                0x08007738                serial3_read
 .text.OnUsbDataRx
                0x08007768      0x1a4 src\serial.o
                0x08007768                OnUsbDataRx
 .text.USART3_IRQHandler
                0x0800790c       0x58 src\serial.o
                0x0800790c                USART3_IRQHandler
 .text.serial_reset_read_buffer
                0x08007964       0x14 src\serial.o
                0x08007964                serial_reset_read_buffer
 .text.serial3_reset_read_buffer
                0x08007978       0x14 src\serial.o
                0x08007978                serial3_reset_read_buffer
 .text.settings_store_startup_line
                0x0800798c       0x24 src\settings.o
                0x0800798c                settings_store_startup_line
 .text.settings_store_build_info
                0x080079b0        0xc src\settings.o
                0x080079b0                settings_store_build_info
 .text.settings_write_coord_data
                0x080079bc       0x20 src\settings.o
                0x080079bc                settings_write_coord_data
 .text.settings_restore
                0x080079dc      0x130 src\settings.o
                0x080079dc                settings_restore
 .text.settings_read_startup_line
                0x08007b0c       0x38 src\settings.o
                0x08007b0c                settings_read_startup_line
 .text.settings_read_build_info
                0x08007b44       0x28 src\settings.o
                0x08007b44                settings_read_build_info
 .text.settings_read_coord_data
                0x08007b6c       0x3c src\settings.o
                0x08007b6c                settings_read_coord_data
 .text.settings_store_global_setting
                0x08007ba8      0x2b4 src\settings.o
                0x08007ba8                settings_store_global_setting
 .text.settings_init
                0x08007e5c      0x138 src\settings.o
                0x08007e5c                settings_init
 .text.spindle_init
                0x08007f94      0x12c src\spindle_control.o
                0x08007f94                spindle_init
 .text.spindle_get_state
                0x080080c0       0x24 src\spindle_control.o
                0x080080c0                spindle_get_state
 .text.spindle_stop
                0x080080e4       0x20 src\spindle_control.o
                0x080080e4                spindle_stop
 .text.spindle_set_speed
                0x08008104       0x14 src\spindle_control.o
                0x08008104                spindle_set_speed
 .text.spindle_compute_pwm_value
                0x08008118       0x8c src\spindle_control.o
                0x08008118                spindle_compute_pwm_value
 .text.spindle_set_state
                0x080081a4      0x114 src\spindle_control.o
                0x080081a4                spindle_set_state
 .text.spindle_sync
                0x080082b8      0x118 src\spindle_control.o
                0x080082b8                spindle_sync
 .text.Reset_Handler
                0x080083d0       0x50 src\startup_stm32f10x_md.o
                0x080083d0                Reset_Handler
 .text.Default_Handler
                0x08008420        0x2 src\startup_stm32f10x_md.o
                0x08008420                EXTI2_IRQHandler
                0x08008420                TIM1_CC_IRQHandler
                0x08008420                SysTick_Handler
                0x08008420                PVD_IRQHandler
                0x08008420                EXTI3_IRQHandler
                0x08008420                EXTI0_IRQHandler
                0x08008420                I2C2_EV_IRQHandler
                0x08008420                ADC1_2_IRQHandler
                0x08008420                SPI1_IRQHandler
                0x08008420                TAMPER_IRQHandler
                0x08008420                DMA1_Channel4_IRQHandler
                0x08008420                RTC_IRQHandler
                0x08008420                DMA1_Channel7_IRQHandler
                0x08008420                CAN1_RX1_IRQHandler
                0x08008420                TIM4_IRQHandler
                0x08008420                I2C1_EV_IRQHandler
                0x08008420                DMA1_Channel6_IRQHandler
                0x08008420                RCC_IRQHandler
                0x08008420                TIM1_TRG_COM_IRQHandler
                0x08008420                DMA1_Channel1_IRQHandler
                0x08008420                Default_Handler
                0x08008420                SPI2_IRQHandler
                0x08008420                DMA1_Channel5_IRQHandler
                0x08008420                EXTI4_IRQHandler
                0x08008420                USB_HP_CAN1_TX_IRQHandler
                0x08008420                DMA1_Channel3_IRQHandler
                0x08008420                TIM1_UP_IRQHandler
                0x08008420                WWDG_IRQHandler
                0x08008420                TIM1_BRK_IRQHandler
                0x08008420                EXTI1_IRQHandler
                0x08008420                RTCAlarm_IRQHandler
                0x08008420                USART2_IRQHandler
                0x08008420                I2C2_ER_IRQHandler
                0x08008420                DMA1_Channel2_IRQHandler
                0x08008420                CAN1_SCE_IRQHandler
                0x08008420                FLASH_IRQHandler
                0x08008420                USART1_IRQHandler
                0x08008420                I2C1_ER_IRQHandler
                0x08008420                USBWakeUp_IRQHandler
 *fill*         0x08008422        0x2 
 .text.st_wake_up
                0x08008424       0x80 src\stepper.o
                0x08008424                st_wake_up
 .text.st_go_idle
                0x080084a4       0x80 src\stepper.o
                0x080084a4                st_go_idle
 .text.TIM2_IRQHandler
                0x08008524      0x2a0 src\stepper.o
                0x08008524                TIM2_IRQHandler
 .text.TIM3_IRQHandler
                0x080087c4       0x40 src\stepper.o
                0x080087c4                TIM3_IRQHandler
 .text.st_generate_step_dir_invert_masks
                0x08008804       0x68 src\stepper.o
                0x08008804                st_generate_step_dir_invert_masks
 .text.st_reset
                0x0800886c      0x148 src\stepper.o
                0x0800886c                st_reset
 .text.stepper_init
                0x080089b4      0x17c src\stepper.o
                0x080089b4                stepper_init
 .text.st_update_plan_block_parameters
                0x08008b30       0x2c src\stepper.o
                0x08008b30                st_update_plan_block_parameters
 .text.st_prep_buffer
                0x08008b5c      0xaac src\stepper.o
                0x08008b5c                st_prep_buffer
 .text.st_get_realtime_rate
                0x08009608       0x1c src\stepper.o
                0x08009608                st_get_realtime_rate
 .text.system_init
                0x08009624       0x88 src\system.o
                0x08009624                system_init
 .text.system_control_get_state
                0x080096ac       0x30 src\system.o
                0x080096ac                system_control_get_state
 .text.EXTI9_5_IRQHandler
                0x080096dc       0x84 src\system.o
                0x080096dc                EXTI9_5_IRQHandler
 .text.system_check_safety_door_ajar
                0x08009760        0x4 src\system.o
                0x08009760                system_check_safety_door_ajar
 .text.system_execute_startup
                0x08009764       0x38 src\system.o
                0x08009764                system_execute_startup
 .text.system_execute_line
                0x0800979c      0x348 src\system.o
                0x0800979c                system_execute_line
 .text.system_flag_wco_change
                0x08009ae4       0x14 src\system.o
                0x08009ae4                system_flag_wco_change
 .text.system_convert_array_steps_to_mpos
                0x08009af8       0x48 src\system.o
                0x08009af8                system_convert_array_steps_to_mpos
 .text.system_check_travel_limits
                0x08009b40       0xfc src\system.o
                0x08009b40                system_check_travel_limits
 .text.system_set_exec_state_flag
                0x08009c3c       0x14 src\system.o
                0x08009c3c                system_set_exec_state_flag
 .text.system_clear_exec_state_flag
                0x08009c50       0x14 src\system.o
                0x08009c50                system_clear_exec_state_flag
 .text.system_set_exec_alarm
                0x08009c64       0x10 src\system.o
                0x08009c64                system_set_exec_alarm
 .text.system_clear_exec_alarm
                0x08009c74       0x10 src\system.o
                0x08009c74                system_clear_exec_alarm
 .text.system_set_exec_motion_override_flag
                0x08009c84       0x14 src\system.o
                0x08009c84                system_set_exec_motion_override_flag
 .text.system_set_exec_accessory_override_flag
                0x08009c98       0x14 src\system.o
                0x08009c98                system_set_exec_accessory_override_flag
 .text.system_clear_exec_motion_overrides
                0x08009cac       0x10 src\system.o
                0x08009cac                system_clear_exec_motion_overrides
 .text.system_clear_exec_accessory_overrides
                0x08009cbc       0x10 src\system.o
                0x08009cbc                system_clear_exec_accessory_overrides
 .text.SystemInit
                0x08009ccc      0x104 src\system_stm32f10x.o
                0x08009ccc                SystemInit
 .text.tmc_set  0x08009dd0      0x10c src\tmc2300.o
                0x08009dd0                tmc_set
 .text.tmc_read
                0x08009edc      0x1b8 src\tmc2300.o
                0x08009edc                tmc_read
 .text.Standard_GetConfiguration
                0x0800a094       0x28 stm_usb_fs_lib\src\usb_core.o
                0x0800a094                Standard_GetConfiguration
 .text.Standard_GetInterface
                0x0800a0bc       0x28 stm_usb_fs_lib\src\usb_core.o
                0x0800a0bc                Standard_GetInterface
 .text.Standard_GetStatus
                0x0800a0e4       0x90 stm_usb_fs_lib\src\usb_core.o
                0x0800a0e4                Standard_GetStatus
 .text.DataStageIn
                0x0800a174       0xb0 stm_usb_fs_lib\src\usb_core.o
 .text.Standard_ClearFeature
                0x0800a224       0xd4 stm_usb_fs_lib\src\usb_core.o
                0x0800a224                Standard_ClearFeature
 .text.Standard_SetEndPointFeature
                0x0800a2f8       0x94 stm_usb_fs_lib\src\usb_core.o
                0x0800a2f8                Standard_SetEndPointFeature
 .text.Standard_GetDescriptorData
                0x0800a38c       0x1c stm_usb_fs_lib\src\usb_core.o
                0x0800a38c                Standard_GetDescriptorData
 .text.Setup0_Process
                0x0800a3a8      0x3fc stm_usb_fs_lib\src\usb_core.o
                0x0800a3a8                Setup0_Process
 .text.In0_Process
                0x0800a7a4       0xcc stm_usb_fs_lib\src\usb_core.o
                0x0800a7a4                In0_Process
 .text.Out0_Process
                0x0800a870      0x110 stm_usb_fs_lib\src\usb_core.o
                0x0800a870                Out0_Process
 .text.SetDeviceAddress
                0x0800a980       0x40 stm_usb_fs_lib\src\usb_core.o
                0x0800a980                SetDeviceAddress
 .text.NOP_Process
                0x0800a9c0        0x4 stm_usb_fs_lib\src\usb_core.o
                0x0800a9c0                NOP_Process
 .text.USB_Init
                0x0800a9c4       0x38 stm_usb_fs_lib\src\usb_init.o
                0x0800a9c4                USB_Init
 .text.CTR_LP   0x0800a9fc      0x180 stm_usb_fs_lib\src\usb_int.o
                0x0800a9fc                CTR_LP
 .text.UserToPMABufferCopy
                0x0800ab7c       0x28 stm_usb_fs_lib\src\usb_mem.o
                0x0800ab7c                UserToPMABufferCopy
 .text.PMAToUserBufferCopy
                0x0800aba4       0x20 stm_usb_fs_lib\src\usb_mem.o
                0x0800aba4                PMAToUserBufferCopy
 .text.SetBTABLE
                0x0800abc4       0x10 stm_usb_fs_lib\src\usb_regs.o
                0x0800abc4                SetBTABLE
 .text.SetEPType
                0x0800abd4       0x1c stm_usb_fs_lib\src\usb_regs.o
                0x0800abd4                SetEPType
 .text.SetEPTxStatus
                0x0800abf0       0x34 stm_usb_fs_lib\src\usb_regs.o
                0x0800abf0                SetEPTxStatus
 .text.SetEPRxStatus
                0x0800ac24       0x34 stm_usb_fs_lib\src\usb_regs.o
                0x0800ac24                SetEPRxStatus
 .text.SetEPTxValid
                0x0800ac58       0x28 stm_usb_fs_lib\src\usb_regs.o
                0x0800ac58                SetEPTxValid
 .text.SetEPRxValid
                0x0800ac80       0x28 stm_usb_fs_lib\src\usb_regs.o
                0x0800ac80                SetEPRxValid
 .text.Clear_Status_Out
                0x0800aca8       0x20 stm_usb_fs_lib\src\usb_regs.o
                0x0800aca8                Clear_Status_Out
 .text.ClearDTOG_RX
                0x0800acc8       0x24 stm_usb_fs_lib\src\usb_regs.o
                0x0800acc8                ClearDTOG_RX
 .text.ClearDTOG_TX
                0x0800acec       0x24 stm_usb_fs_lib\src\usb_regs.o
                0x0800acec                ClearDTOG_TX
 .text.SetEPTxAddr
                0x0800ad10       0x20 stm_usb_fs_lib\src\usb_regs.o
                0x0800ad10                SetEPTxAddr
 .text.SetEPRxAddr
                0x0800ad30       0x20 stm_usb_fs_lib\src\usb_regs.o
                0x0800ad30                SetEPRxAddr
 .text.GetEPTxAddr
                0x0800ad50       0x1c stm_usb_fs_lib\src\usb_regs.o
                0x0800ad50                GetEPTxAddr
 .text.GetEPRxAddr
                0x0800ad6c       0x1c stm_usb_fs_lib\src\usb_regs.o
                0x0800ad6c                GetEPRxAddr
 .text.SetEPTxCount
                0x0800ad88       0x1c stm_usb_fs_lib\src\usb_regs.o
                0x0800ad88                SetEPTxCount
 .text.SetEPRxCount
                0x0800ada4       0x44 stm_usb_fs_lib\src\usb_regs.o
                0x0800ada4                SetEPRxCount
 .text.GetEPRxCount
                0x0800ade8       0x20 stm_usb_fs_lib\src\usb_regs.o
                0x0800ade8                GetEPRxCount
 .text.ByteSwap
                0x0800ae08        0xc stm_usb_fs_lib\src\usb_regs.o
                0x0800ae08                ByteSwap
 .text.USB_SIL_Init
                0x0800ae14       0x24 stm_usb_fs_lib\src\usb_sil.o
                0x0800ae14                USB_SIL_Init
 .text.USB_SIL_Read
                0x0800ae38       0x24 stm_usb_fs_lib\src\usb_sil.o
                0x0800ae38                USB_SIL_Read
 .text.Set_USBClock
                0x0800ae5c       0x18 usb\hw_config.o
                0x0800ae5c                Set_USBClock
 .text.USB_Interrupts_Config
                0x0800ae74       0x24 usb\hw_config.o
                0x0800ae74                USB_Interrupts_Config
 .text.USB_Cable_Config
                0x0800ae98        0x4 usb\hw_config.o
                0x0800ae98                USB_Cable_Config
 .text.Get_SerialNum
                0x0800ae9c       0xfc usb\hw_config.o
                0x0800ae9c                Get_SerialNum
 .text.EP1_IN_Callback.part.0
                0x0800af98       0xc4 usb\usb_endp.o
 .text.EP3_OUT_Callback
                0x0800b05c       0x24 usb\usb_endp.o
                0x0800b05c                EP3_OUT_Callback
 .text.EP1_IN_Callback
                0x0800b080       0x18 usb\usb_endp.o
                0x0800b080                EP1_IN_Callback
 .text.SOF_Callback
                0x0800b098       0x24 usb\usb_endp.o
                0x0800b098                SOF_Callback
 .text.USB_Istr
                0x0800b0bc       0x74 usb\usb_istr.o
                0x0800b0bc                USB_Istr
 .text.Virtual_Com_Port_SetConfiguration
                0x0800b130       0x18 usb\usb_prop.o
                0x0800b130                Virtual_Com_Port_SetConfiguration
 .text.Virtual_Com_Port_SetDeviceAddress
                0x0800b148        0xc usb\usb_prop.o
                0x0800b148                Virtual_Com_Port_SetDeviceAddress
 .text.Virtual_Com_Port_Status_In
                0x0800b154       0x14 usb\usb_prop.o
                0x0800b154                Virtual_Com_Port_Status_In
 .text.Virtual_Com_Port_Status_Out
                0x0800b168        0x4 usb\usb_prop.o
                0x0800b168                Virtual_Com_Port_Status_Out
 .text.Virtual_Com_Port_Data_Setup
                0x0800b16c       0x5c usb\usb_prop.o
                0x0800b16c                Virtual_Com_Port_Data_Setup
 .text.Virtual_Com_Port_NoData_Setup
                0x0800b1c8       0x24 usb\usb_prop.o
                0x0800b1c8                Virtual_Com_Port_NoData_Setup
 .text.Virtual_Com_Port_Get_Interface_Setting
                0x0800b1ec       0x10 usb\usb_prop.o
                0x0800b1ec                Virtual_Com_Port_Get_Interface_Setting
 .text.Virtual_Com_Port_SetLineCoding
                0x0800b1fc       0x18 usb\usb_prop.o
                0x0800b1fc                Virtual_Com_Port_SetLineCoding
 .text.Virtual_Com_Port_init
                0x0800b214       0x24 usb\usb_prop.o
                0x0800b214                Virtual_Com_Port_init
 .text.Virtual_Com_Port_Reset
                0x0800b238       0xe0 usb\usb_prop.o
                0x0800b238                Virtual_Com_Port_Reset
 .text.Virtual_Com_Port_GetDeviceDescriptor
                0x0800b318        0xc usb\usb_prop.o
                0x0800b318                Virtual_Com_Port_GetDeviceDescriptor
 .text.Virtual_Com_Port_GetConfigDescriptor
                0x0800b324        0xc usb\usb_prop.o
                0x0800b324                Virtual_Com_Port_GetConfigDescriptor
 .text.Virtual_Com_Port_GetStringDescriptor
                0x0800b330       0x20 usb\usb_prop.o
                0x0800b330                Virtual_Com_Port_GetStringDescriptor
 .text.Virtual_Com_Port_GetLineCoding
                0x0800b350       0x18 usb\usb_prop.o
                0x0800b350                Virtual_Com_Port_GetLineCoding
 .text.PowerOn  0x0800b368       0x30 usb\usb_pwr.o
                0x0800b368                PowerOn
 .text.NMI_Handler
                0x0800b398        0x4 util\stm32f10x_it.o
                0x0800b398                NMI_Handler
 .text.HardFault_Handler
                0x0800b39c        0x4 util\stm32f10x_it.o
                0x0800b39c                HardFault_Handler
 .text.MemManage_Handler
                0x0800b3a0        0x4 util\stm32f10x_it.o
                0x0800b3a0                MemManage_Handler
 .text.BusFault_Handler
                0x0800b3a4        0x4 util\stm32f10x_it.o
                0x0800b3a4                BusFault_Handler
 .text.UsageFault_Handler
                0x0800b3a8        0x4 util\stm32f10x_it.o
                0x0800b3a8                UsageFault_Handler
 .text.SVC_Handler
                0x0800b3ac        0x4 util\stm32f10x_it.o
                0x0800b3ac                SVC_Handler
 .text.DebugMon_Handler
                0x0800b3b0        0x4 util\stm32f10x_it.o
                0x0800b3b0                DebugMon_Handler
 .text.PendSV_Handler
                0x0800b3b4        0x4 util\stm32f10x_it.o
                0x0800b3b4                PendSV_Handler
 .text.USB_LP_CAN1_RX0_IRQHandler
                0x0800b3b8        0x4 util\stm32f10x_it.o
                0x0800b3b8                USB_LP_CAN1_RX0_IRQHandler
 .text.__libc_init_array
                0x0800b3bc       0x48 c:/program files (x86)/atollic/truestudio for stm32 9.3.0/armtools/bin/../lib/gcc/arm-atollic-eabi/6.3.1/../../../../arm-atollic-eabi/lib/armv7-m\libc.a(lib_a-init.o)
                0x0800b3bc                __libc_init_array
 .text.__itoa   0x0800b404       0x30 c:/program files (x86)/atollic/truestudio for stm32 9.3.0/armtools/bin/../lib/gcc/arm-atollic-eabi/6.3.1/../../../../arm-atollic-eabi/lib/armv7-m\libc.a(lib_a-itoa.o)
                0x0800b404                __itoa
 .text.itoa     0x0800b434        0x4 c:/program files (x86)/atollic/truestudio for stm32 9.3.0/armtools/bin/../lib/gcc/arm-atollic-eabi/6.3.1/../../../../arm-atollic-eabi/lib/armv7-m\libc.a(lib_a-itoa.o)
                0x0800b434                itoa
 .text.memcmp   0x0800b438       0x1e c:/program files (x86)/atollic/truestudio for stm32 9.3.0/armtools/bin/../lib/gcc/arm-atollic-eabi/6.3.1/../../../../arm-atollic-eabi/lib/armv7-m\libc.a(lib_a-memcmp.o)
                0x0800b438                memcmp
 .text.memset   0x0800b456       0x10 c:/program files (x86)/atollic/truestudio for stm32 9.3.0/armtools/bin/../lib/gcc/arm-atollic-eabi/6.3.1/../../../../arm-atollic-eabi/lib/armv7-m\libc.a(lib_a-memset.o)
                0x0800b456                memset
 *fill*         0x0800b466        0x2 
 .text.__utoa   0x0800b468       0x80 c:/program files (x86)/atollic/truestudio for stm32 9.3.0/armtools/bin/../lib/gcc/arm-atollic-eabi/6.3.1/../../../../arm-atollic-eabi/lib/armv7-m\libc.a(lib_a-utoa.o)
                0x0800b468                __utoa
 .text.ceilf    0x0800b4e8       0x80 c:/program files (x86)/atollic/truestudio for stm32 9.3.0/armtools/bin/../lib/gcc/arm-atollic-eabi/6.3.1/../../../../arm-atollic-eabi/lib/armv7-m\libm.a(lib_a-sf_ceil.o)
                0x0800b4e8                ceilf
 .text.cosf     0x0800b568       0x68 c:/program files (x86)/atollic/truestudio for stm32 9.3.0/armtools/bin/../lib/gcc/arm-atollic-eabi/6.3.1/../../../../arm-atollic-eabi/lib/armv7-m\libm.a(lib_a-sf_cos.o)
                0x0800b568                cosf
 .text.floorf   0x0800b5d0       0x80 c:/program files (x86)/atollic/truestudio for stm32 9.3.0/armtools/bin/../lib/gcc/arm-atollic-eabi/6.3.1/../../../../arm-atollic-eabi/lib/armv7-m\libm.a(lib_a-sf_floor.o)
                0x0800b5d0                floorf
 .text.lroundf  0x0800b650       0x58 c:/program files (x86)/atollic/truestudio for stm32 9.3.0/armtools/bin/../lib/gcc/arm-atollic-eabi/6.3.1/../../../../arm-atollic-eabi/lib/armv7-m\libm.a(lib_a-sf_lround.o)
                0x0800b650                lroundf
 .text.sinf     0x0800b6a8       0x6c c:/program files (x86)/atollic/truestudio for stm32 9.3.0/armtools/bin/../lib/gcc/arm-atollic-eabi/6.3.1/../../../../arm-atollic-eabi/lib/armv7-m\libm.a(lib_a-sf_sin.o)
                0x0800b6a8                sinf
 .text.atan2f   0x0800b714        0x4 c:/program files (x86)/atollic/truestudio for stm32 9.3.0/armtools/bin/../lib/gcc/arm-atollic-eabi/6.3.1/../../../../arm-atollic-eabi/lib/armv7-m\libm.a(lib_a-wf_atan2.o)
                0x0800b714                atan2f
 .text.sqrtf    0x0800b718       0x94 c:/program files (x86)/atollic/truestudio for stm32 9.3.0/armtools/bin/../lib/gcc/arm-atollic-eabi/6.3.1/../../../../arm-atollic-eabi/lib/armv7-m\libm.a(lib_a-wf_sqrt.o)
                0x0800b718                sqrtf
 .text.__ieee754_atan2f
                0x0800b7ac      0x120 c:/program files (x86)/atollic/truestudio for stm32 9.3.0/armtools/bin/../lib/gcc/arm-atollic-eabi/6.3.1/../../../../arm-atollic-eabi/lib/armv7-m\libm.a(lib_a-ef_atan2.o)
                0x0800b7ac                __ieee754_atan2f
 .text.__ieee754_rem_pio2f
                0x0800b8cc      0x2b0 c:/program files (x86)/atollic/truestudio for stm32 9.3.0/armtools/bin/../lib/gcc/arm-atollic-eabi/6.3.1/../../../../arm-atollic-eabi/lib/armv7-m\libm.a(lib_a-ef_rem_pio2.o)
                0x0800b8cc                __ieee754_rem_pio2f
 .text.__ieee754_sqrtf
                0x0800bb7c       0xa4 c:/program files (x86)/atollic/truestudio for stm32 9.3.0/armtools/bin/../lib/gcc/arm-atollic-eabi/6.3.1/../../../../arm-atollic-eabi/lib/armv7-m\libm.a(lib_a-ef_sqrt.o)
                0x0800bb7c                __ieee754_sqrtf
 .text.__kernel_cosf
                0x0800bc20      0x128 c:/program files (x86)/atollic/truestudio for stm32 9.3.0/armtools/bin/../lib/gcc/arm-atollic-eabi/6.3.1/../../../../arm-atollic-eabi/lib/armv7-m\libm.a(lib_a-kf_cos.o)
                0x0800bc20                __kernel_cosf
 .text.__kernel_rem_pio2f
                0x0800bd48      0x51c c:/program files (x86)/atollic/truestudio for stm32 9.3.0/armtools/bin/../lib/gcc/arm-atollic-eabi/6.3.1/../../../../arm-atollic-eabi/lib/armv7-m\libm.a(lib_a-kf_rem_pio2.o)
                0x0800bd48                __kernel_rem_pio2f
 .text.__kernel_sinf
                0x0800c264       0xec c:/program files (x86)/atollic/truestudio for stm32 9.3.0/armtools/bin/../lib/gcc/arm-atollic-eabi/6.3.1/../../../../arm-atollic-eabi/lib/armv7-m\libm.a(lib_a-kf_sin.o)
                0x0800c264                __kernel_sinf
 .text.matherr  0x0800c350        0x4 c:/program files (x86)/atollic/truestudio for stm32 9.3.0/armtools/bin/../lib/gcc/arm-atollic-eabi/6.3.1/../../../../arm-atollic-eabi/lib/armv7-m\libm.a(lib_a-s_matherr.o)
                0x0800c350                matherr
 .text.atanf    0x0800c354      0x220 c:/program files (x86)/atollic/truestudio for stm32 9.3.0/armtools/bin/../lib/gcc/arm-atollic-eabi/6.3.1/../../../../arm-atollic-eabi/lib/armv7-m\libm.a(lib_a-sf_atan.o)
                0x0800c354                atanf
 .text.fabsf    0x0800c574        0x6 c:/program files (x86)/atollic/truestudio for stm32 9.3.0/armtools/bin/../lib/gcc/arm-atollic-eabi/6.3.1/../../../../arm-atollic-eabi/lib/armv7-m\libm.a(lib_a-sf_fabs.o)
                0x0800c574                fabsf
 *fill*         0x0800c57a        0x2 
 .text.scalbnf  0x0800c57c       0x98 c:/program files (x86)/atollic/truestudio for stm32 9.3.0/armtools/bin/../lib/gcc/arm-atollic-eabi/6.3.1/../../../../arm-atollic-eabi/lib/armv7-m\libm.a(lib_a-sf_scalbn.o)
                0x0800c57c                scalbnf
 .text.copysignf
                0x0800c614        0xc c:/program files (x86)/atollic/truestudio for stm32 9.3.0/armtools/bin/../lib/gcc/arm-atollic-eabi/6.3.1/../../../../arm-atollic-eabi/lib/armv7-m\libm.a(lib_a-sf_copysign.o)
                0x0800c614                copysignf
 .text.__errno  0x0800c620        0xc c:/program files (x86)/atollic/truestudio for stm32 9.3.0/armtools/bin/../lib/gcc/arm-atollic-eabi/6.3.1/../../../../arm-atollic-eabi/lib/armv7-m\libc.a(lib_a-errno.o)
                0x0800c620                __errno
 *(.glue_7)
 .glue_7        0x0800c62c        0x0 linker stubs
 *(.glue_7t)
 .glue_7t       0x0800c62c        0x0 linker stubs
 *(.eh_frame)
 .eh_frame      0x0800c62c        0x0 c:/program files (x86)/atollic/truestudio for stm32 9.3.0/armtools/bin/../lib/gcc/arm-atollic-eabi/6.3.1/armv7-m/crtbegin.o
 *(.init)
 .init          0x0800c62c        0x4 c:/program files (x86)/atollic/truestudio for stm32 9.3.0/armtools/bin/../lib/gcc/arm-atollic-eabi/6.3.1/armv7-m/crti.o
                0x0800c62c                _init
 .init          0x0800c630        0x8 c:/program files (x86)/atollic/truestudio for stm32 9.3.0/armtools/bin/../lib/gcc/arm-atollic-eabi/6.3.1/armv7-m/crtn.o
 *(.fini)
 .fini          0x0800c638        0x4 c:/program files (x86)/atollic/truestudio for stm32 9.3.0/armtools/bin/../lib/gcc/arm-atollic-eabi/6.3.1/armv7-m/crti.o
                0x0800c638                _fini
 .fini          0x0800c63c        0x8 c:/program files (x86)/atollic/truestudio for stm32 9.3.0/armtools/bin/../lib/gcc/arm-atollic-eabi/6.3.1/armv7-m/crtn.o
                0x0800c644                . = ALIGN (0x4)
                0x0800c644                _etext = .

.vfp11_veneer   0x0800c644        0x0
 .vfp11_veneer  0x0800c644        0x0 linker stubs

.v4_bx          0x0800c644        0x0
 .v4_bx         0x0800c644        0x0 linker stubs

.iplt           0x0800c644        0x0
 .iplt          0x0800c644        0x0 c:/program files (x86)/atollic/truestudio for stm32 9.3.0/armtools/bin/../lib/gcc/arm-atollic-eabi/6.3.1/armv7-m/crtbegin.o

.rodata         0x0800c644      0x6f8
                0x0800c644                . = ALIGN (0x4)
 *(.rodata)
 *(.rodata*)
 .rodata.report_alarm_message.str1.4
                0x0800c644        0x7 src\report.o
 *fill*         0x0800c64b        0x1 
 .rodata.report_build_info.str1.4
                0x0800c64c       0x22 src\report.o
 *fill*         0x0800c66e        0x2 
 .rodata.report_feedback_message.str1.4
                0x0800c670       0xad src\report.o
 *fill*         0x0800c71d        0x3 
 .rodata.report_gcode_modes.str1.4
                0x0800c720       0x1f src\report.o
 *fill*         0x0800c73f        0x1 
 .rodata.report_grbl_help.str1.4
                0x0800c740       0x4a src\report.o
 *fill*         0x0800c78a        0x2 
 .rodata.report_init_message.str1.4
                0x0800c78c       0x22 src\report.o
 *fill*         0x0800c7ae        0x2 
 .rodata.report_ngc_parameters.str1.4
                0x0800c7b0       0x1a src\report.o
 *fill*         0x0800c7ca        0x2 
 .rodata.report_probe_parameters.str1.4
                0x0800c7cc        0x6 src\report.o
 *fill*         0x0800c7d2        0x2 
 .rodata.report_realtime_status.str1.4
                0x0800c7d4       0x7b src\report.o
 *fill*         0x0800c84f        0x1 
 .rodata.report_startup_line.str1.4
                0x0800c850        0x3 src\report.o
 *fill*         0x0800c853        0x1 
 .rodata.report_status_message.str1.4
                0x0800c854       0x13 src\report.o
 *fill*         0x0800c867        0x1 
 .rodata.direction_pin_mask
                0x0800c868        0x8 src\stepper.o
                0x0800c868                direction_pin_mask
 .rodata.limit_pin_mask
                0x0800c870        0x8 src\stepper.o
                0x0800c870                limit_pin_mask
 .rodata.step_pin_mask
                0x0800c878        0x8 src\stepper.o
                0x0800c878                step_pin_mask
 .rodata.tmc_read.str1.4
                0x0800c880       0x10 src\tmc2300.o
                                  0xe (size before relaxing)
 .rodata.Virtual_Com_Port_ConfigDescriptor
                0x0800c890       0x43 usb\usb_desc.o
                0x0800c890                Virtual_Com_Port_ConfigDescriptor
 *fill*         0x0800c8d3        0x1 
 .rodata.Virtual_Com_Port_DeviceDescriptor
                0x0800c8d4       0x12 usb\usb_desc.o
                0x0800c8d4                Virtual_Com_Port_DeviceDescriptor
 *fill*         0x0800c8e6        0x2 
 .rodata.Virtual_Com_Port_StringLangID
                0x0800c8e8        0x4 usb\usb_desc.o
                0x0800c8e8                Virtual_Com_Port_StringLangID
 .rodata.Virtual_Com_Port_StringProduct
                0x0800c8ec       0x1c usb\usb_desc.o
                0x0800c8ec                Virtual_Com_Port_StringProduct
 .rodata.Virtual_Com_Port_StringVendor
                0x0800c908       0x16 usb\usb_desc.o
                0x0800c908                Virtual_Com_Port_StringVendor
 .rodata.__utoa.str1.1
                0x0800c91e       0x25 c:/program files (x86)/atollic/truestudio for stm32 9.3.0/armtools/bin/../lib/gcc/arm-atollic-eabi/6.3.1/../../../../arm-atollic-eabi/lib/armv7-m\libc.a(lib_a-utoa.o)
 .rodata.sqrtf.str1.1
                0x0800c943        0x6 c:/program files (x86)/atollic/truestudio for stm32 9.3.0/armtools/bin/../lib/gcc/arm-atollic-eabi/6.3.1/../../../../arm-atollic-eabi/lib/armv7-m\libm.a(lib_a-wf_sqrt.o)
 *fill*         0x0800c949        0x3 
 .rodata.npio2_hw
                0x0800c94c       0x80 c:/program files (x86)/atollic/truestudio for stm32 9.3.0/armtools/bin/../lib/gcc/arm-atollic-eabi/6.3.1/../../../../arm-atollic-eabi/lib/armv7-m\libm.a(lib_a-ef_rem_pio2.o)
 .rodata.two_over_pi
                0x0800c9cc      0x318 c:/program files (x86)/atollic/truestudio for stm32 9.3.0/armtools/bin/../lib/gcc/arm-atollic-eabi/6.3.1/../../../../arm-atollic-eabi/lib/armv7-m\libm.a(lib_a-ef_rem_pio2.o)
 .rodata.PIo2   0x0800cce4       0x2c c:/program files (x86)/atollic/truestudio for stm32 9.3.0/armtools/bin/../lib/gcc/arm-atollic-eabi/6.3.1/../../../../arm-atollic-eabi/lib/armv7-m\libm.a(lib_a-kf_rem_pio2.o)
 .rodata.init_jk
                0x0800cd10        0xc c:/program files (x86)/atollic/truestudio for stm32 9.3.0/armtools/bin/../lib/gcc/arm-atollic-eabi/6.3.1/../../../../arm-atollic-eabi/lib/armv7-m\libm.a(lib_a-kf_rem_pio2.o)
 .rodata.atanhi
                0x0800cd1c       0x10 c:/program files (x86)/atollic/truestudio for stm32 9.3.0/armtools/bin/../lib/gcc/arm-atollic-eabi/6.3.1/../../../../arm-atollic-eabi/lib/armv7-m\libm.a(lib_a-sf_atan.o)
 .rodata.atanlo
                0x0800cd2c       0x10 c:/program files (x86)/atollic/truestudio for stm32 9.3.0/armtools/bin/../lib/gcc/arm-atollic-eabi/6.3.1/../../../../arm-atollic-eabi/lib/armv7-m\libm.a(lib_a-sf_atan.o)
                0x0800cd3c                . = ALIGN (0x4)

.rel.dyn        0x0800cd3c        0x0
 .rel.iplt      0x0800cd3c        0x0 c:/program files (x86)/atollic/truestudio for stm32 9.3.0/armtools/bin/../lib/gcc/arm-atollic-eabi/6.3.1/armv7-m/crtbegin.o

.ARM.extab
 *(.ARM.extab* .gnu.linkonce.armextab.*)

.ARM            0x0800cd3c        0x0
                0x0800cd3c                __exidx_start = .
 *(.ARM.exidx*)
                0x0800cd3c                __exidx_end = .

.preinit_array  0x0800cd3c        0x0
                0x0800cd3c                PROVIDE (__preinit_array_start, .)
 *(.preinit_array*)
                0x0800cd3c                PROVIDE (__preinit_array_end, .)

.init_array     0x0800cd3c        0x4
                0x0800cd3c                PROVIDE (__init_array_start, .)
 *(SORT(.init_array.*))
 *(.init_array*)
 .init_array    0x0800cd3c        0x4 c:/program files (x86)/atollic/truestudio for stm32 9.3.0/armtools/bin/../lib/gcc/arm-atollic-eabi/6.3.1/armv7-m/crtbegin.o
                0x0800cd40                PROVIDE (__init_array_end, .)

.fini_array     0x0800cd40        0x4
                [!provide]                PROVIDE (__fini_array_start, .)
 *(SORT(.fini_array.*))
 *(.fini_array*)
 .fini_array    0x0800cd40        0x4 c:/program files (x86)/atollic/truestudio for stm32 9.3.0/armtools/bin/../lib/gcc/arm-atollic-eabi/6.3.1/armv7-m/crtbegin.o
                [!provide]                PROVIDE (__fini_array_end, .)
                0x0800cd44                _sidata = LOADADDR (.data)

.data           0x20000000      0x1f8 load address 0x0800cd44
                0x20000000                . = ALIGN (0x4)
                0x20000000                _sdata = .
 *(.data)
 *(.data*)
 .data.ADCPrescTable
                0x20000000        0x4 Libraries\STM32F10x_StdPeriph_Driver\src\stm32f10x_rcc.o
 .data.APBAHBPrescTable
                0x20000004       0x10 Libraries\STM32F10x_StdPeriph_Driver\src\stm32f10x_rcc.o
 .data.nOnFlag.8717
                0x20000014        0x1 src\main.o
 *fill*         0x20000015        0x3 
 .data.SystemCoreClock
                0x20000018        0x4 src\system_stm32f10x.o
                0x20000018                SystemCoreClock
 .data.Virtual_Com_Port_StringSerial
                0x2000001c       0x1a usb\usb_desc.o
                0x2000001c                Virtual_Com_Port_StringSerial
 *fill*         0x20000036        0x2 
 .data.pEpInt_IN
                0x20000038       0x1c usb\usb_istr.o
                0x20000038                pEpInt_IN
 .data.pEpInt_OUT
                0x20000054       0x1c usb\usb_istr.o
                0x20000054                pEpInt_OUT
 .data.Config_Descriptor
                0x20000070        0x8 usb\usb_prop.o
                0x20000070                Config_Descriptor
 .data.Device_Descriptor
                0x20000078        0x8 usb\usb_prop.o
                0x20000078                Device_Descriptor
 .data.Device_Property
                0x20000080       0x30 usb\usb_prop.o
                0x20000080                Device_Property
 .data.Device_Table
                0x200000b0        0x2 usb\usb_prop.o
                0x200000b0                Device_Table
 *fill*         0x200000b2        0x2 
 .data.String_Descriptor
                0x200000b4       0x20 usb\usb_prop.o
                0x200000b4                String_Descriptor
 .data.User_Standard_Requests
                0x200000d4       0x24 usb\usb_prop.o
                0x200000d4                User_Standard_Requests
 .data.linecoding
                0x200000f8        0x8 usb\usb_prop.o
                0x200000f8                linecoding
 .data.__fdlib_version
                0x20000100        0x1 c:/program files (x86)/atollic/truestudio for stm32 9.3.0/armtools/bin/../lib/gcc/arm-atollic-eabi/6.3.1/../../../../arm-atollic-eabi/lib/armv7-m\libm.a(lib_a-s_lib_ver.o)
                0x20000100                __fdlib_version
 *fill*         0x20000101        0x3 
 .data._impure_ptr
                0x20000104        0x4 c:/program files (x86)/atollic/truestudio for stm32 9.3.0/armtools/bin/../lib/gcc/arm-atollic-eabi/6.3.1/../../../../arm-atollic-eabi/lib/armv7-m\libc.a(lib_a-impure.o)
                0x20000104                _impure_ptr
 .data.impure_data
                0x20000108       0xf0 c:/program files (x86)/atollic/truestudio for stm32 9.3.0/armtools/bin/../lib/gcc/arm-atollic-eabi/6.3.1/../../../../arm-atollic-eabi/lib/armv7-m\libc.a(lib_a-impure.o)
                0x200001f8                . = ALIGN (0x4)
                0x200001f8                _edata = .

.igot.plt       0x200001f8        0x0 load address 0x0800cf3c
 .igot.plt      0x200001f8        0x0 c:/program files (x86)/atollic/truestudio for stm32 9.3.0/armtools/bin/../lib/gcc/arm-atollic-eabi/6.3.1/armv7-m/crtbegin.o
                0x200001f8                . = ALIGN (0x4)

.bss            0x200001f8     0x12f8 load address 0x0800cf3c
                0x200001f8                _sbss = .
                0x200001f8                __bss_start__ = _sbss
 *(.bss)
 .bss           0x200001f8       0x1c c:/program files (x86)/atollic/truestudio for stm32 9.3.0/armtools/bin/../lib/gcc/arm-atollic-eabi/6.3.1/armv7-m/crtbegin.o
 *(.bss*)
 .bss.block_buffer
                0x20000214      0x7e0 src\planner.o
 .bss.block_buffer_head
                0x200009f4        0x1 src\planner.o
 .bss.block_buffer_planned
                0x200009f5        0x1 src\planner.o
 .bss.block_buffer_tail
                0x200009f6        0x1 src\planner.o
 .bss.next_buffer_head
                0x200009f7        0x1 src\planner.o
 .bss.pl        0x200009f8       0x24 src\planner.o
 .bss.line      0x20000a1c       0x50 src\protocol.o
 .bss.serial3_rx_buffer_head
                0x20000a6c        0x1 src\serial.o
                0x20000a6c                serial3_rx_buffer_head
 .bss.serial3_rx_buffer_tail
                0x20000a6d        0x1 src\serial.o
                0x20000a6d                serial3_rx_buffer_tail
 .bss.serial_rx_buffer_head
                0x20000a6e        0x1 src\serial.o
                0x20000a6e                serial_rx_buffer_head
 .bss.serial_rx_buffer_tail
                0x20000a6f        0x1 src\serial.o
                0x20000a6f                serial_rx_buffer_tail
 .bss.serial_tx_buffer_head
                0x20000a70        0x1 src\serial.o
                0x20000a70                serial_tx_buffer_head
 .bss.serial_tx_buffer_tail
                0x20000a71        0x1 src\serial.o
                0x20000a71                serial_tx_buffer_tail
 *fill*         0x20000a72        0x2 
 .bss.pwm_gradient
                0x20000a74        0x4 src\spindle_control.o
 .bss.busy      0x20000a78        0x1 src\stepper.o
 *fill*         0x20000a79        0x1 
 .bss.dir_port_invert_mask
                0x20000a7a        0x2 src\stepper.o
 .bss.pl_block  0x20000a7c        0x4 src\stepper.o
 .bss.prep      0x20000a80       0x38 src\stepper.o
 .bss.segment_buffer
                0x20000ab8       0x50 src\stepper.o
 .bss.segment_buffer_head
                0x20000b08        0x1 src\stepper.o
 .bss.segment_buffer_tail
                0x20000b09        0x1 src\stepper.o
 .bss.segment_next_head
                0x20000b0a        0x1 src\stepper.o
 *fill*         0x20000b0b        0x1 
 .bss.st        0x20000b0c       0x34 src\stepper.o
 .bss.st_block_buffer
                0x20000b40       0xd8 src\stepper.o
 .bss.st_prep_block
                0x20000c18        0x4 src\stepper.o
 .bss.step_port_invert_mask
                0x20000c1c        0x2 src\stepper.o
 *fill*         0x20000c1e        0x2 
 .bss.Data_Mul_MaxPacketSize
                0x20000c20        0x4 stm_usb_fs_lib\src\usb_core.o
                0x20000c20                Data_Mul_MaxPacketSize
 .bss.txUsbLock
                0x20000c24        0x1 usb\usb_endp.o
                0x20000c24                txUsbLock
 .bss.bIntPackSOF
                0x20000c25        0x1 usb\usb_istr.o
                0x20000c25                bIntPackSOF
 .bss.Request   0x20000c26        0x1 usb\usb_prop.o
                0x20000c26                Request
 *fill*         0x20000c27        0x1 
 .bss.bDeviceState
                0x20000c28        0x4 usb\usb_pwr.o
                0x20000c28                bDeviceState
 *(COMMON)
 COMMON         0x20000c2c      0x400 src\eeprom.o
                0x20000c2c                EE_Buffer
 COMMON         0x2000102c       0x98 src\gcode.o
                0x2000102c                gc_state
                0x2000107c                gc_block
 COMMON         0x200010c4       0x3d src\main.o
                0x200010c4                sys_rt_exec_motion_override
                0x200010c8                sys
                0x200010dc                sys_rt_exec_accessory_override
                0x200010dd                sys_rt_exec_state
                0x200010de                sys_probe_state
                0x200010e0                sys_probe_position
                0x200010f0                sys_position
                0x20001100                sys_rt_exec_alarm
 *fill*         0x20001101        0x1 
 COMMON         0x20001102        0x2 src\probe.o
                0x20001102                probe_invert_mask
 COMMON         0x20001104      0x300 src\serial.o
                0x20001104                serial3_rx_buffer
                0x20001204                serial_tx_buffer
                0x20001284                serial_rx_buffer
                0x20001384                serial3_tx_buffer
 COMMON         0x20001404       0x6c src\settings.o
                0x20001404                settings
 COMMON         0x20001470        0x2 stm_usb_fs_lib\src\usb_core.o
                0x20001470                StatusInfo
 *fill*         0x20001472        0x2 
 COMMON         0x20001474       0x32 stm_usb_fs_lib\src\usb_init.o
                0x20001474                SaveState
                0x20001478                pProperty
                0x2000147c                EPindex
                0x20001480                Device_Info
                0x2000149c                pUser_Standard_Requests
                0x200014a0                pInformation
                0x200014a4                wInterrupt_Mask
 COMMON         0x200014a6        0x4 stm_usb_fs_lib\src\usb_int.o
                0x200014a6                SaveRState
                0x200014a8                SaveTState
 *fill*         0x200014aa        0x2 
 COMMON         0x200014ac       0x40 usb\usb_endp.o
                0x200014ac                USB_Rx_Buffer
 COMMON         0x200014ec        0x2 usb\usb_istr.o
                0x200014ec                wIstr
                0x200014f0                . = ALIGN (0x4)
 *fill*         0x200014ee        0x2 
                0x200014f0                _ebss = .
                0x200014f0                __bss_end__ = _ebss

._user_heap_stack
                0x200014f0      0x280 load address 0x0800cf3c
                0x200014f0                . = ALIGN (0x4)
                [!provide]                PROVIDE (end, .)
                [!provide]                PROVIDE (_end, .)
                0x20001570                . = (. + _Min_Heap_Size)
 *fill*         0x200014f0       0x80 
                0x20001770                . = (. + _Min_Stack_Size)
 *fill*         0x20001570      0x200 
                0x20001770                . = ALIGN (0x4)

.memory_b1_text
 *(.mb1text)
 *(.mb1text*)
 *(.mb1rodata)
 *(.mb1rodata*)

/DISCARD/
 libc.a(*)
 libm.a(*)
 libgcc.a(*)

.ARM.attributes
                0x00000000       0x29
 *(.ARM.attributes)
 .ARM.attributes
                0x00000000       0x1d c:/program files (x86)/atollic/truestudio for stm32 9.3.0/armtools/bin/../lib/gcc/arm-atollic-eabi/6.3.1/armv7-m/crti.o
 .ARM.attributes
                0x0000001d       0x2d c:/program files (x86)/atollic/truestudio for stm32 9.3.0/armtools/bin/../lib/gcc/arm-atollic-eabi/6.3.1/armv7-m/crtbegin.o
 .ARM.attributes
                0x0000004a       0x2f Libraries\STM32F10x_StdPeriph_Driver\src\misc.o
 .ARM.attributes
                0x00000079       0x2f Libraries\STM32F10x_StdPeriph_Driver\src\stm32f10x_exti.o
 .ARM.attributes
                0x000000a8       0x2f Libraries\STM32F10x_StdPeriph_Driver\src\stm32f10x_flash.o
 .ARM.attributes
                0x000000d7       0x2f Libraries\STM32F10x_StdPeriph_Driver\src\stm32f10x_gpio.o
 .ARM.attributes
                0x00000106       0x2f Libraries\STM32F10x_StdPeriph_Driver\src\stm32f10x_rcc.o
 .ARM.attributes
                0x00000135       0x2f Libraries\STM32F10x_StdPeriph_Driver\src\stm32f10x_tim.o
 .ARM.attributes
                0x00000164       0x2f Libraries\STM32F10x_StdPeriph_Driver\src\stm32f10x_usart.o
 .ARM.attributes
                0x00000193       0x2f src\coolant_control.o
 .ARM.attributes
                0x000001c2       0x2f src\eeprom.o
 .ARM.attributes
                0x000001f1       0x2f src\gcode.o
 .ARM.attributes
                0x00000220       0x2f src\jog.o
 .ARM.attributes
                0x0000024f       0x2f src\limits.o
 .ARM.attributes
                0x0000027e       0x2f src\main.o
 .ARM.attributes
                0x000002ad       0x2f src\motion_control.o
 .ARM.attributes
                0x000002dc       0x2f src\nuts_bolts.o
 .ARM.attributes
                0x0000030b       0x2f src\planner.o
 .ARM.attributes
                0x0000033a       0x2f src\print.o
 .ARM.attributes
                0x00000369       0x2f src\probe.o
 .ARM.attributes
                0x00000398       0x2f src\protocol.o
 .ARM.attributes
                0x000003c7       0x2f src\report.o
 .ARM.attributes
                0x000003f6       0x2f src\serial.o
 .ARM.attributes
                0x00000425       0x2f src\settings.o
 .ARM.attributes
                0x00000454       0x2f src\spindle_control.o
 .ARM.attributes
                0x00000483       0x21 src\startup_stm32f10x_md.o
 .ARM.attributes
                0x000004a4       0x2f src\stepper.o
 .ARM.attributes
                0x000004d3       0x2f src\system.o
 .ARM.attributes
                0x00000502       0x2f src\system_stm32f10x.o
 .ARM.attributes
                0x00000531       0x2f src\tmc2300.o
 .ARM.attributes
                0x00000560       0x2f stm_usb_fs_lib\src\usb_core.o
 .ARM.attributes
                0x0000058f       0x2f stm_usb_fs_lib\src\usb_init.o
 .ARM.attributes
                0x000005be       0x2f stm_usb_fs_lib\src\usb_int.o
 .ARM.attributes
                0x000005ed       0x2f stm_usb_fs_lib\src\usb_mem.o
 .ARM.attributes
                0x0000061c       0x2f stm_usb_fs_lib\src\usb_regs.o
 .ARM.attributes
                0x0000064b       0x2f stm_usb_fs_lib\src\usb_sil.o
 .ARM.attributes
                0x0000067a       0x2f usb\hw_config.o
 .ARM.attributes
                0x000006a9       0x2f usb\usb_desc.o
 .ARM.attributes
                0x000006d8       0x2f usb\usb_endp.o
 .ARM.attributes
                0x00000707       0x2f usb\usb_istr.o
 .ARM.attributes
                0x00000736       0x2f usb\usb_prop.o
 .ARM.attributes
                0x00000765       0x2f usb\usb_pwr.o
 .ARM.attributes
                0x00000794       0x2f util\stm32f10x_it.o
 .ARM.attributes
                0x000007c3       0x2d c:/program files (x86)/atollic/truestudio for stm32 9.3.0/armtools/bin/../lib/gcc/arm-atollic-eabi/6.3.1/../../../../arm-atollic-eabi/lib/armv7-m\libc.a(lib_a-init.o)
 .ARM.attributes
                0x000007f0       0x2d c:/program files (x86)/atollic/truestudio for stm32 9.3.0/armtools/bin/../lib/gcc/arm-atollic-eabi/6.3.1/../../../../arm-atollic-eabi/lib/armv7-m\libc.a(lib_a-itoa.o)
 .ARM.attributes
                0x0000081d       0x2d c:/program files (x86)/atollic/truestudio for stm32 9.3.0/armtools/bin/../lib/gcc/arm-atollic-eabi/6.3.1/../../../../arm-atollic-eabi/lib/armv7-m\libc.a(lib_a-memcmp.o)
 .ARM.attributes
                0x0000084a       0x2d c:/program files (x86)/atollic/truestudio for stm32 9.3.0/armtools/bin/../lib/gcc/arm-atollic-eabi/6.3.1/../../../../arm-atollic-eabi/lib/armv7-m\libc.a(lib_a-memset.o)
 .ARM.attributes
                0x00000877       0x2d c:/program files (x86)/atollic/truestudio for stm32 9.3.0/armtools/bin/../lib/gcc/arm-atollic-eabi/6.3.1/../../../../arm-atollic-eabi/lib/armv7-m\libc.a(lib_a-utoa.o)
 .ARM.attributes
                0x000008a4       0x2d c:/program files (x86)/atollic/truestudio for stm32 9.3.0/armtools/bin/../lib/gcc/arm-atollic-eabi/6.3.1/../../../../arm-atollic-eabi/lib/armv7-m\libm.a(lib_a-sf_ceil.o)
 .ARM.attributes
                0x000008d1       0x2d c:/program files (x86)/atollic/truestudio for stm32 9.3.0/armtools/bin/../lib/gcc/arm-atollic-eabi/6.3.1/../../../../arm-atollic-eabi/lib/armv7-m\libm.a(lib_a-sf_cos.o)
 .ARM.attributes
                0x000008fe       0x2d c:/program files (x86)/atollic/truestudio for stm32 9.3.0/armtools/bin/../lib/gcc/arm-atollic-eabi/6.3.1/../../../../arm-atollic-eabi/lib/armv7-m\libm.a(lib_a-sf_floor.o)
 .ARM.attributes
                0x0000092b       0x2d c:/program files (x86)/atollic/truestudio for stm32 9.3.0/armtools/bin/../lib/gcc/arm-atollic-eabi/6.3.1/../../../../arm-atollic-eabi/lib/armv7-m\libm.a(lib_a-sf_lround.o)
 .ARM.attributes
                0x00000958       0x2d c:/program files (x86)/atollic/truestudio for stm32 9.3.0/armtools/bin/../lib/gcc/arm-atollic-eabi/6.3.1/../../../../arm-atollic-eabi/lib/armv7-m\libm.a(lib_a-sf_sin.o)
 .ARM.attributes
                0x00000985       0x2d c:/program files (x86)/atollic/truestudio for stm32 9.3.0/armtools/bin/../lib/gcc/arm-atollic-eabi/6.3.1/../../../../arm-atollic-eabi/lib/armv7-m\libm.a(lib_a-wf_atan2.o)
 .ARM.attributes
                0x000009b2       0x2d c:/program files (x86)/atollic/truestudio for stm32 9.3.0/armtools/bin/../lib/gcc/arm-atollic-eabi/6.3.1/../../../../arm-atollic-eabi/lib/armv7-m\libm.a(lib_a-wf_sqrt.o)
 .ARM.attributes
                0x000009df       0x2d c:/program files (x86)/atollic/truestudio for stm32 9.3.0/armtools/bin/../lib/gcc/arm-atollic-eabi/6.3.1/../../../../arm-atollic-eabi/lib/armv7-m\libm.a(lib_a-ef_atan2.o)
 .ARM.attributes
                0x00000a0c       0x2d c:/program files (x86)/atollic/truestudio for stm32 9.3.0/armtools/bin/../lib/gcc/arm-atollic-eabi/6.3.1/../../../../arm-atollic-eabi/lib/armv7-m\libm.a(lib_a-ef_rem_pio2.o)
 .ARM.attributes
                0x00000a39       0x2d c:/program files (x86)/atollic/truestudio for stm32 9.3.0/armtools/bin/../lib/gcc/arm-atollic-eabi/6.3.1/../../../../arm-atollic-eabi/lib/armv7-m\libm.a(lib_a-ef_sqrt.o)
 .ARM.attributes
                0x00000a66       0x2d c:/program files (x86)/atollic/truestudio for stm32 9.3.0/armtools/bin/../lib/gcc/arm-atollic-eabi/6.3.1/../../../../arm-atollic-eabi/lib/armv7-m\libm.a(lib_a-kf_cos.o)
 .ARM.attributes
                0x00000a93       0x2d c:/program files (x86)/atollic/truestudio for stm32 9.3.0/armtools/bin/../lib/gcc/arm-atollic-eabi/6.3.1/../../../../arm-atollic-eabi/lib/armv7-m\libm.a(lib_a-kf_rem_pio2.o)
 .ARM.attributes
                0x00000ac0       0x2d c:/program files (x86)/atollic/truestudio for stm32 9.3.0/armtools/bin/../lib/gcc/arm-atollic-eabi/6.3.1/../../../../arm-atollic-eabi/lib/armv7-m\libm.a(lib_a-kf_sin.o)
 .ARM.attributes
                0x00000aed       0x2d c:/program files (x86)/atollic/truestudio for stm32 9.3.0/armtools/bin/../lib/gcc/arm-atollic-eabi/6.3.1/../../../../arm-atollic-eabi/lib/armv7-m\libm.a(lib_a-s_lib_ver.o)
 .ARM.attributes
                0x00000b1a       0x2d c:/program files (x86)/atollic/truestudio for stm32 9.3.0/armtools/bin/../lib/gcc/arm-atollic-eabi/6.3.1/../../../../arm-atollic-eabi/lib/armv7-m\libm.a(lib_a-s_matherr.o)
 .ARM.attributes
                0x00000b47       0x2d c:/program files (x86)/atollic/truestudio for stm32 9.3.0/armtools/bin/../lib/gcc/arm-atollic-eabi/6.3.1/../../../../arm-atollic-eabi/lib/armv7-m\libm.a(lib_a-sf_atan.o)
 .ARM.attributes
                0x00000b74       0x2d c:/program files (x86)/atollic/truestudio for stm32 9.3.0/armtools/bin/../lib/gcc/arm-atollic-eabi/6.3.1/../../../../arm-atollic-eabi/lib/armv7-m\libm.a(lib_a-sf_fabs.o)
 .ARM.attributes
                0x00000ba1       0x2d c:/program files (x86)/atollic/truestudio for stm32 9.3.0/armtools/bin/../lib/gcc/arm-atollic-eabi/6.3.1/../../../../arm-atollic-eabi/lib/armv7-m\libm.a(lib_a-sf_scalbn.o)
 .ARM.attributes
                0x00000bce       0x2d c:/program files (x86)/atollic/truestudio for stm32 9.3.0/armtools/bin/../lib/gcc/arm-atollic-eabi/6.3.1/../../../../arm-atollic-eabi/lib/armv7-m\libm.a(lib_a-sf_copysign.o)
 .ARM.attributes
                0x00000bfb       0x2d c:/program files (x86)/atollic/truestudio for stm32 9.3.0/armtools/bin/../lib/gcc/arm-atollic-eabi/6.3.1/../../../../arm-atollic-eabi/lib/armv7-m\libc.a(lib_a-errno.o)
 .ARM.attributes
                0x00000c28       0x2d c:/program files (x86)/atollic/truestudio for stm32 9.3.0/armtools/bin/../lib/gcc/arm-atollic-eabi/6.3.1/../../../../arm-atollic-eabi/lib/armv7-m\libc.a(lib_a-impure.o)
 .ARM.attributes
                0x00000c55       0x1d c:/program files (x86)/atollic/truestudio for stm32 9.3.0/armtools/bin/../lib/gcc/arm-atollic-eabi/6.3.1/armv7-m\libgcc.a(_arm_addsubdf3.o)
 .ARM.attributes
                0x00000c72       0x1d c:/program files (x86)/atollic/truestudio for stm32 9.3.0/armtools/bin/../lib/gcc/arm-atollic-eabi/6.3.1/armv7-m\libgcc.a(_arm_muldivdf3.o)
 .ARM.attributes
                0x00000c8f       0x1d c:/program files (x86)/atollic/truestudio for stm32 9.3.0/armtools/bin/../lib/gcc/arm-atollic-eabi/6.3.1/armv7-m\libgcc.a(_arm_cmpdf2.o)
 .ARM.attributes
                0x00000cac       0x1d c:/program files (x86)/atollic/truestudio for stm32 9.3.0/armtools/bin/../lib/gcc/arm-atollic-eabi/6.3.1/armv7-m\libgcc.a(_arm_truncdfsf2.o)
 .ARM.attributes
                0x00000cc9       0x1d c:/program files (x86)/atollic/truestudio for stm32 9.3.0/armtools/bin/../lib/gcc/arm-atollic-eabi/6.3.1/armv7-m\libgcc.a(_arm_addsubsf3.o)
 .ARM.attributes
                0x00000ce6       0x1d c:/program files (x86)/atollic/truestudio for stm32 9.3.0/armtools/bin/../lib/gcc/arm-atollic-eabi/6.3.1/armv7-m\libgcc.a(_arm_muldivsf3.o)
 .ARM.attributes
                0x00000d03       0x1d c:/program files (x86)/atollic/truestudio for stm32 9.3.0/armtools/bin/../lib/gcc/arm-atollic-eabi/6.3.1/armv7-m\libgcc.a(_arm_cmpsf2.o)
 .ARM.attributes
                0x00000d20       0x1d c:/program files (x86)/atollic/truestudio for stm32 9.3.0/armtools/bin/../lib/gcc/arm-atollic-eabi/6.3.1/armv7-m\libgcc.a(_arm_unordsf2.o)
 .ARM.attributes
                0x00000d3d       0x1d c:/program files (x86)/atollic/truestudio for stm32 9.3.0/armtools/bin/../lib/gcc/arm-atollic-eabi/6.3.1/armv7-m\libgcc.a(_arm_fixsfsi.o)
 .ARM.attributes
                0x00000d5a       0x1d c:/program files (x86)/atollic/truestudio for stm32 9.3.0/armtools/bin/../lib/gcc/arm-atollic-eabi/6.3.1/armv7-m\libgcc.a(_arm_fixunssfsi.o)
 .ARM.attributes
                0x00000d77       0x1d c:/program files (x86)/atollic/truestudio for stm32 9.3.0/armtools/bin/../lib/gcc/arm-atollic-eabi/6.3.1/armv7-m/crtn.o
OUTPUT(stm32grbl11.elf elf32-littlearm)

.debug_info     0x00000000    0x2993a
 .debug_info    0x00000000      0x551 Libraries\STM32F10x_StdPeriph_Driver\src\misc.o
 .debug_info    0x00000551      0x365 Libraries\STM32F10x_StdPeriph_Driver\src\stm32f10x_exti.o
 .debug_info    0x000008b6     0x1594 Libraries\STM32F10x_StdPeriph_Driver\src\stm32f10x_flash.o
 .debug_info    0x00001e4a      0x89a Libraries\STM32F10x_StdPeriph_Driver\src\stm32f10x_gpio.o
 .debug_info    0x000026e4      0x94b Libraries\STM32F10x_StdPeriph_Driver\src\stm32f10x_rcc.o
 .debug_info    0x0000302f     0x2596 Libraries\STM32F10x_StdPeriph_Driver\src\stm32f10x_tim.o
 .debug_info    0x000055c5      0xb35 Libraries\STM32F10x_StdPeriph_Driver\src\stm32f10x_usart.o
 .debug_info    0x000060fa     0x1194 src\coolant_control.o
 .debug_info    0x0000728e     0x10c7 src\eeprom.o
 .debug_info    0x00008355     0x1595 src\gcode.o
 .debug_info    0x000098ea      0xeb8 src\jog.o
 .debug_info    0x0000a7a2     0x19dd src\limits.o
 .debug_info    0x0000c17f     0x1abe src\main.o
 .debug_info    0x0000dc3d     0x1881 src\motion_control.o
 .debug_info    0x0000f4be      0xfd5 src\nuts_bolts.o
 .debug_info    0x00010493     0x1551 src\planner.o
 .debug_info    0x000119e4     0x1301 src\print.o
 .debug_info    0x00012ce5      0xfa0 src\probe.o
 .debug_info    0x00013c85     0x1a87 src\protocol.o
 .debug_info    0x0001570c     0x3ca4 src\report.o
 .debug_info    0x000193b0     0x12d3 src\serial.o
 .debug_info    0x0001a683     0x163d src\settings.o
 .debug_info    0x0001bcc0     0x181c src\spindle_control.o
 .debug_info    0x0001d4dc       0xa9 src\startup_stm32f10x_md.o
 .debug_info    0x0001d585     0x249c src\stepper.o
 .debug_info    0x0001fa21     0x1beb src\system.o
 .debug_info    0x0002160c      0x4cb src\system_stm32f10x.o
 .debug_info    0x00021ad7     0x12d7 src\tmc2300.o
 .debug_info    0x00022dae      0xf61 stm_usb_fs_lib\src\usb_core.o
 .debug_info    0x00023d0f      0x50c stm_usb_fs_lib\src\usb_init.o
 .debug_info    0x0002421b      0x5bd stm_usb_fs_lib\src\usb_int.o
 .debug_info    0x000247d8      0x593 stm_usb_fs_lib\src\usb_mem.o
 .debug_info    0x00024d6b     0x10ae stm_usb_fs_lib\src\usb_regs.o
 .debug_info    0x00025e19      0x60b stm_usb_fs_lib\src\usb_sil.o
 .debug_info    0x00026424      0x9a2 usb\hw_config.o
 .debug_info    0x00026dc6      0x5a6 usb\usb_desc.o
 .debug_info    0x0002736c      0x80c usb\usb_endp.o
 .debug_info    0x00027b78      0x55e usb\usb_istr.o
 .debug_info    0x000280d6      0xbfb usb\usb_prop.o
 .debug_info    0x00028cd1      0x728 usb\usb_pwr.o
 .debug_info    0x000293f9      0x541 util\stm32f10x_it.o

.debug_abbrev   0x00000000     0x6be2
 .debug_abbrev  0x00000000      0x181 Libraries\STM32F10x_StdPeriph_Driver\src\misc.o
 .debug_abbrev  0x00000181      0x1c1 Libraries\STM32F10x_StdPeriph_Driver\src\stm32f10x_exti.o
 .debug_abbrev  0x00000342      0x274 Libraries\STM32F10x_StdPeriph_Driver\src\stm32f10x_flash.o
 .debug_abbrev  0x000005b6      0x213 Libraries\STM32F10x_StdPeriph_Driver\src\stm32f10x_gpio.o
 .debug_abbrev  0x000007c9      0x27f Libraries\STM32F10x_StdPeriph_Driver\src\stm32f10x_rcc.o
 .debug_abbrev  0x00000a48      0x2c8 Libraries\STM32F10x_StdPeriph_Driver\src\stm32f10x_tim.o
 .debug_abbrev  0x00000d10      0x1f7 Libraries\STM32F10x_StdPeriph_Driver\src\stm32f10x_usart.o
 .debug_abbrev  0x00000f07      0x304 src\coolant_control.o
 .debug_abbrev  0x0000120b      0x3a3 src\eeprom.o
 .debug_abbrev  0x000015ae      0x2f4 src\gcode.o
 .debug_abbrev  0x000018a2      0x201 src\jog.o
 .debug_abbrev  0x00001aa3      0x421 src\limits.o
 .debug_abbrev  0x00001ec4      0x30a src\main.o
 .debug_abbrev  0x000021ce      0x3a0 src\motion_control.o
 .debug_abbrev  0x0000256e      0x27f src\nuts_bolts.o
 .debug_abbrev  0x000027ed      0x4c3 src\planner.o
 .debug_abbrev  0x00002cb0      0x33b src\print.o
 .debug_abbrev  0x00002feb      0x2aa src\probe.o
 .debug_abbrev  0x00003295      0x321 src\protocol.o
 .debug_abbrev  0x000035b6      0x429 src\report.o
 .debug_abbrev  0x000039df      0x2e9 src\serial.o
 .debug_abbrev  0x00003cc8      0x3a8 src\settings.o
 .debug_abbrev  0x00004070      0x3c4 src\spindle_control.o
 .debug_abbrev  0x00004434       0x12 src\startup_stm32f10x_md.o
 .debug_abbrev  0x00004446      0x462 src\stepper.o
 .debug_abbrev  0x000048a8      0x4c7 src\system.o
 .debug_abbrev  0x00004d6f      0x18c src\system_stm32f10x.o
 .debug_abbrev  0x00004efb      0x325 src\tmc2300.o
 .debug_abbrev  0x00005220      0x3e1 stm_usb_fs_lib\src\usb_core.o
 .debug_abbrev  0x00005601      0x11b stm_usb_fs_lib\src\usb_init.o
 .debug_abbrev  0x0000571c      0x194 stm_usb_fs_lib\src\usb_int.o
 .debug_abbrev  0x000058b0      0x140 stm_usb_fs_lib\src\usb_mem.o
 .debug_abbrev  0x000059f0      0x2ea stm_usb_fs_lib\src\usb_regs.o
 .debug_abbrev  0x00005cda      0x193 stm_usb_fs_lib\src\usb_sil.o
 .debug_abbrev  0x00005e6d      0x28d usb\hw_config.o
 .debug_abbrev  0x000060fa      0x11b usb\usb_desc.o
 .debug_abbrev  0x00006215      0x22c usb\usb_endp.o
 .debug_abbrev  0x00006441      0x15c usb\usb_istr.o
 .debug_abbrev  0x0000659d      0x28b usb\usb_prop.o
 .debug_abbrev  0x00006828      0x240 usb\usb_pwr.o
 .debug_abbrev  0x00006a68      0x17a util\stm32f10x_it.o

.debug_loc      0x00000000    0x105d9
 .debug_loc     0x00000000      0x147 Libraries\STM32F10x_StdPeriph_Driver\src\misc.o
 .debug_loc     0x00000147      0x212 Libraries\STM32F10x_StdPeriph_Driver\src\stm32f10x_exti.o
 .debug_loc     0x00000359     0x2d32 Libraries\STM32F10x_StdPeriph_Driver\src\stm32f10x_flash.o
 .debug_loc     0x0000308b     0x14f5 Libraries\STM32F10x_StdPeriph_Driver\src\stm32f10x_gpio.o
 .debug_loc     0x00004580      0x728 Libraries\STM32F10x_StdPeriph_Driver\src\stm32f10x_rcc.o
 .debug_loc     0x00004ca8     0x24cb Libraries\STM32F10x_StdPeriph_Driver\src\stm32f10x_tim.o
 .debug_loc     0x00007173      0x811 Libraries\STM32F10x_StdPeriph_Driver\src\stm32f10x_usart.o
 .debug_loc     0x00007984      0x10f src\coolant_control.o
 .debug_loc     0x00007a93      0x205 src\eeprom.o
 .debug_loc     0x00007c98     0x1254 src\gcode.o
 .debug_loc     0x00008eec       0x5a src\jog.o
 .debug_loc     0x00008f46      0x566 src\limits.o
 .debug_loc     0x000094ac       0x77 src\main.o
 .debug_loc     0x00009523      0x94d src\motion_control.o
 .debug_loc     0x00009e70      0x62d src\nuts_bolts.o
 .debug_loc     0x0000a49d      0x639 src\planner.o
 .debug_loc     0x0000aad6      0x6f7 src\print.o
 .debug_loc     0x0000b1cd       0x27 src\probe.o
 .debug_loc     0x0000b1f4      0x2fa src\protocol.o
 .debug_loc     0x0000b4ee     0x105a src\report.o
 .debug_loc     0x0000c548      0x301 src\serial.o
 .debug_loc     0x0000c849      0x4f9 src\settings.o
 .debug_loc     0x0000cd42      0x3c5 src\spindle_control.o
 .debug_loc     0x0000d107      0xbbe src\stepper.o
 .debug_loc     0x0000dcc5      0x598 src\system.o
 .debug_loc     0x0000e25d       0xdf src\system_stm32f10x.o
 .debug_loc     0x0000e33c      0x51f src\tmc2300.o
 .debug_loc     0x0000e85b      0xacd stm_usb_fs_lib\src\usb_core.o
 .debug_loc     0x0000f328       0x7d stm_usb_fs_lib\src\usb_int.o
 .debug_loc     0x0000f3a5      0x26c stm_usb_fs_lib\src\usb_mem.o
 .debug_loc     0x0000f611      0xa09 stm_usb_fs_lib\src\usb_regs.o
 .debug_loc     0x0001001a       0xcf stm_usb_fs_lib\src\usb_sil.o
 .debug_loc     0x000100e9      0x150 usb\hw_config.o
 .debug_loc     0x00010239       0xe3 usb\usb_endp.o
 .debug_loc     0x0001031c      0x1e1 usb\usb_prop.o
 .debug_loc     0x000104fd       0xdc usb\usb_pwr.o

.debug_aranges  0x00000000     0x1258
 .debug_aranges
                0x00000000       0x40 Libraries\STM32F10x_StdPeriph_Driver\src\misc.o
 .debug_aranges
                0x00000040       0x50 Libraries\STM32F10x_StdPeriph_Driver\src\stm32f10x_exti.o
 .debug_aranges
                0x00000090       0xd8 Libraries\STM32F10x_StdPeriph_Driver\src\stm32f10x_flash.o
 .debug_aranges
                0x00000168       0xa8 Libraries\STM32F10x_StdPeriph_Driver\src\stm32f10x_gpio.o
 .debug_aranges
                0x00000210      0x118 Libraries\STM32F10x_StdPeriph_Driver\src\stm32f10x_rcc.o
 .debug_aranges
                0x00000328      0x2c0 Libraries\STM32F10x_StdPeriph_Driver\src\stm32f10x_tim.o
 .debug_aranges
                0x000005e8      0x100 Libraries\STM32F10x_StdPeriph_Driver\src\stm32f10x_usart.o
 .debug_aranges
                0x000006e8       0x40 src\coolant_control.o
 .debug_aranges
                0x00000728       0x48 src\eeprom.o
 .debug_aranges
                0x00000770       0x30 src\gcode.o
 .debug_aranges
                0x000007a0       0x20 src\jog.o
 .debug_aranges
                0x000007c0       0x48 src\limits.o
 .debug_aranges
                0x00000808       0x38 src\main.o
 .debug_aranges
                0x00000840       0x48 src\motion_control.o
 .debug_aranges
                0x00000888       0x48 src\nuts_bolts.o
 .debug_aranges
                0x000008d0       0x98 src\planner.o
 .debug_aranges
                0x00000968       0x58 src\print.o
 .debug_aranges
                0x000009c0       0x38 src\probe.o
 .debug_aranges
                0x000009f8       0x48 src\protocol.o
 .debug_aranges
                0x00000a40       0x90 src\report.o
 .debug_aranges