Archive member included to satisfy reference by file (symbol)

c:/st/stm32cubeide_1.3.0/stm32cubeide/plugins/com.st.stm32cube.ide.mcu.externaltools.gnu-tools-for-stm32.7-2018-q2-update.win32_1.0.0.201904181610/tools/bin/../lib/gcc/arm-none-eabi/7.3.1/../../../../arm-none-eabi/lib/thumb/v7-m\libc.a(lib_a-exit.o)
                              c:/st/stm32cubeide_1.3.0/stm32cubeide/plugins/com.st.stm32cube.ide.mcu.externaltools.gnu-tools-for-stm32.7-2018-q2-update.win32_1.0.0.201904181610/tools/bin/../lib/gcc/arm-none-eabi/7.3.1/../../../../arm-none-eabi/lib/thumb/v7-m/crt0.o (exit)
c:/st/stm32cubeide_1.3.0/stm32cubeide/plugins/com.st.stm32cube.ide.mcu.externaltools.gnu-tools-for-stm32.7-2018-q2-update.win32_1.0.0.201904181610/tools/bin/../lib/gcc/arm-none-eabi/7.3.1/../../../../arm-none-eabi/lib/thumb/v7-m\libc.a(lib_a-impure.o)
                              c:/st/stm32cubeide_1.3.0/stm32cubeide/plugins/com.st.stm32cube.ide.mcu.externaltools.gnu-tools-for-stm32.7-2018-q2-update.win32_1.0.0.201904181610/tools/bin/../lib/gcc/arm-none-eabi/7.3.1/../../../../arm-none-eabi/lib/thumb/v7-m\libc.a(lib_a-exit.o) (_global_impure_ptr)
c:/st/stm32cubeide_1.3.0/stm32cubeide/plugins/com.st.stm32cube.ide.mcu.externaltools.gnu-tools-for-stm32.7-2018-q2-update.win32_1.0.0.201904181610/tools/bin/../lib/gcc/arm-none-eabi/7.3.1/../../../../arm-none-eabi/lib/thumb/v7-m\libc.a(lib_a-init.o)
                              c:/st/stm32cubeide_1.3.0/stm32cubeide/plugins/com.st.stm32cube.ide.mcu.externaltools.gnu-tools-for-stm32.7-2018-q2-update.win32_1.0.0.201904181610/tools/bin/../lib/gcc/arm-none-eabi/7.3.1/../../../../arm-none-eabi/lib/thumb/v7-m/crt0.o (__libc_init_array)
c:/st/stm32cubeide_1.3.0/stm32cubeide/plugins/com.st.stm32cube.ide.mcu.externaltools.gnu-tools-for-stm32.7-2018-q2-update.win32_1.0.0.201904181610/tools/bin/../lib/gcc/arm-none-eabi/7.3.1/../../../../arm-none-eabi/lib/thumb/v7-m\libc.a(lib_a-itoa.o)
                              src/tmc2300.o (itoa)
c:/st/stm32cubeide_1.3.0/stm32cubeide/plugins/com.st.stm32cube.ide.mcu.externaltools.gnu-tools-for-stm32.7-2018-q2-update.win32_1.0.0.201904181610/tools/bin/../lib/gcc/arm-none-eabi/7.3.1/../../../../arm-none-eabi/lib/thumb/v7-m\libc.a(lib_a-memcmp.o)
                              src/gcode.o (memcmp)
c:/st/stm32cubeide_1.3.0/stm32cubeide/plugins/com.st.stm32cube.ide.mcu.externaltools.gnu-tools-for-stm32.7-2018-q2-update.win32_1.0.0.201904181610/tools/bin/../lib/gcc/arm-none-eabi/7.3.1/../../../../arm-none-eabi/lib/thumb/v7-m\libc.a(lib_a-memset.o)
                              c:/st/stm32cubeide_1.3.0/stm32cubeide/plugins/com.st.stm32cube.ide.mcu.externaltools.gnu-tools-for-stm32.7-2018-q2-update.win32_1.0.0.201904181610/tools/bin/../lib/gcc/arm-none-eabi/7.3.1/../../../../arm-none-eabi/lib/thumb/v7-m/crt0.o (memset)
c:/st/stm32cubeide_1.3.0/stm32cubeide/plugins/com.st.stm32cube.ide.mcu.externaltools.gnu-tools-for-stm32.7-2018-q2-update.win32_1.0.0.201904181610/tools/bin/../lib/gcc/arm-none-eabi/7.3.1/../../../../arm-none-eabi/lib/thumb/v7-m\libc.a(lib_a-utoa.o)
                              c:/st/stm32cubeide_1.3.0/stm32cubeide/plugins/com.st.stm32cube.ide.mcu.externaltools.gnu-tools-for-stm32.7-2018-q2-update.win32_1.0.0.201904181610/tools/bin/../lib/gcc/arm-none-eabi/7.3.1/../../../../arm-none-eabi/lib/thumb/v7-m\libc.a(lib_a-itoa.o) (__utoa)
c:/st/stm32cubeide_1.3.0/stm32cubeide/plugins/com.st.stm32cube.ide.mcu.externaltools.gnu-tools-for-stm32.7-2018-q2-update.win32_1.0.0.201904181610/tools/bin/../lib/gcc/arm-none-eabi/7.3.1/../../../../arm-none-eabi/lib/thumb/v7-m\libc.a(lib_a-__call_atexit.o)
                              c:/st/stm32cubeide_1.3.0/stm32cubeide/plugins/com.st.stm32cube.ide.mcu.externaltools.gnu-tools-for-stm32.7-2018-q2-update.win32_1.0.0.201904181610/tools/bin/../lib/gcc/arm-none-eabi/7.3.1/../../../../arm-none-eabi/lib/thumb/v7-m\libc.a(lib_a-exit.o) (__call_exitprocs)
c:/st/stm32cubeide_1.3.0/stm32cubeide/plugins/com.st.stm32cube.ide.mcu.externaltools.gnu-tools-for-stm32.7-2018-q2-update.win32_1.0.0.201904181610/tools/bin/../lib/gcc/arm-none-eabi/7.3.1/../../../../arm-none-eabi/lib/thumb/v7-m\libc.a(lib_a-atexit.o)
                              c:/st/stm32cubeide_1.3.0/stm32cubeide/plugins/com.st.stm32cube.ide.mcu.externaltools.gnu-tools-for-stm32.7-2018-q2-update.win32_1.0.0.201904181610/tools/bin/../lib/gcc/arm-none-eabi/7.3.1/../../../../arm-none-eabi/lib/thumb/v7-m\libc.a(lib_a-__call_atexit.o) (atexit)
c:/st/stm32cubeide_1.3.0/stm32cubeide/plugins/com.st.stm32cube.ide.mcu.externaltools.gnu-tools-for-stm32.7-2018-q2-update.win32_1.0.0.201904181610/tools/bin/../lib/gcc/arm-none-eabi/7.3.1/../../../../arm-none-eabi/lib/thumb/v7-m\libc.a(lib_a-fini.o)
[...]
Memory Configuration

Name             Origin             Length             Attributes
FLASH            0x0000000008000000 0x0000000000010000 xr
RAM              0x0000000020000000 0x0000000000005000 xrw
MEMORY_B1        0x0000000060000000 0x0000000000000000 xr
*default*        0x0000000000000000 0xffffffffffffffff

Linker script and memory map

LOAD c:/st/stm32cubeide_1.3.0/stm32cubeide/plugins/com.st.stm32cube.ide.mcu.externaltools.gnu-tools-for-stm32.7-2018-q2-update.win32_1.0.0.201904181610/tools/bin/../lib/gcc/arm-none-eabi/7.3.1/thumb/v7-m/crti.o
LOAD c:/st/stm32cubeide_1.3.0/stm32cubeide/plugins/com.st.stm32cube.ide.mcu.externaltools.gnu-tools-for-stm32.7-2018-q2-update.win32_1.0.0.201904181610/tools/bin/../lib/gcc/arm-none-eabi/7.3.1/thumb/v7-m/crtbegin.o
LOAD c:/st/stm32cubeide_1.3.0/stm32cubeide/plugins/com.st.stm32cube.ide.mcu.externaltools.gnu-tools-for-stm32.7-2018-q2-update.win32_1.0.0.201904181610/tools/bin/../lib/gcc/arm-none-eabi/7.3.1/../../../../arm-none-eabi/lib/thumb/v7-m/crt0.o
LOAD Libraries/STM32F10x_StdPeriph_Driver/src/misc.o
LOAD Libraries/STM32F10x_StdPeriph_Driver/src/stm32f10x_adc.o
LOAD Libraries/STM32F10x_StdPeriph_Driver/src/stm32f10x_bkp.o
LOAD Libraries/STM32F10x_StdPeriph_Driver/src/stm32f10x_can.o
LOAD Libraries/STM32F10x_StdPeriph_Driver/src/stm32f10x_cec.o
LOAD Libraries/STM32F10x_StdPeriph_Driver/src/stm32f10x_crc.o
LOAD Libraries/STM32F10x_StdPeriph_Driver/src/stm32f10x_dac.o
LOAD Libraries/STM32F10x_StdPeriph_Driver/src/stm32f10x_dbgmcu.o
LOAD Libraries/STM32F10x_StdPeriph_Driver/src/stm32f10x_dma.o
LOAD Libraries/STM32F10x_StdPeriph_Driver/src/stm32f10x_exti.o
LOAD Libraries/STM32F10x_StdPeriph_Driver/src/stm32f10x_flash.o
LOAD Libraries/STM32F10x_StdPeriph_Driver/src/stm32f10x_fsmc.o
LOAD Libraries/STM32F10x_StdPeriph_Driver/src/stm32f10x_gpio.o
LOAD Libraries/STM32F10x_StdPeriph_Driver/src/stm32f10x_i2c.o
LOAD Libraries/STM32F10x_StdPeriph_Driver/src/stm32f10x_iwdg.o
LOAD Libraries/STM32F10x_StdPeriph_Driver/src/stm32f10x_pwr.o
LOAD Libraries/STM32F10x_StdPeriph_Driver/src/stm32f10x_rcc.o
LOAD Libraries/STM32F10x_StdPeriph_Driver/src/stm32f10x_rtc.o
LOAD Libraries/STM32F10x_StdPeriph_Driver/src/stm32f10x_sdio.o
LOAD Libraries/STM32F10x_StdPeriph_Driver/src/stm32f10x_spi.o
LOAD Libraries/STM32F10x_StdPeriph_Driver/src/stm32f10x_tim.o
LOAD Libraries/STM32F10x_StdPeriph_Driver/src/stm32f10x_usart.o
LOAD Libraries/STM32F10x_StdPeriph_Driver/src/stm32f10x_wwdg.o
LOAD src/coolant_control.o
LOAD src/eeprom.o
LOAD src/gcode.o
LOAD src/jog.o
LOAD src/limits.o
LOAD src/main.o
LOAD src/motion_control.o
LOAD src/nuts_bolts.o
LOAD src/planner.o
LOAD src/print.o
LOAD src/probe.o
LOAD src/protocol.o
LOAD src/report.o
LOAD src/serial.o
LOAD src/settings.o
LOAD src/spindle_control.o
LOAD src/startup_stm32f10x_md.o
LOAD src/stepper.o
LOAD src/system.o
LOAD src/system_stm32f10x.o
LOAD src/tmc2300.o
LOAD stm_usb_fs_lib/src/usb_core.o
LOAD stm_usb_fs_lib/src/usb_init.o
LOAD stm_usb_fs_lib/src/usb_int.o
LOAD stm_usb_fs_lib/src/usb_mem.o
LOAD stm_usb_fs_lib/src/usb_regs.o
LOAD stm_usb_fs_lib/src/usb_sil.o
LOAD usb/hw_config.o
LOAD usb/usb_desc.o
LOAD usb/usb_endp.o
LOAD usb/usb_istr.o
LOAD usb/usb_prop.o
LOAD usb/usb_pwr.o
LOAD util/stm32f10x_it.o
START GROUP
LOAD c:/st/stm32cubeide_1.3.0/stm32cubeide/plugins/com.st.stm32cube.ide.mcu.externaltools.gnu-tools-for-stm32.7-2018-q2-update.win32_1.0.0.201904181610/tools/bin/../lib/gcc/arm-none-eabi/7.3.1/../../../../arm-none-eabi/lib/thumb/v7-m\libc.a
LOAD c:/st/stm32cubeide_1.3.0/stm32cubeide/plugins/com.st.stm32cube.ide.mcu.externaltools.gnu-tools-for-stm32.7-2018-q2-update.win32_1.0.0.201904181610/tools/bin/../lib/gcc/arm-none-eabi/7.3.1/../../../../arm-none-eabi/lib/thumb/v7-m\libm.a
END GROUP
START GROUP
LOAD c:/st/stm32cubeide_1.3.0/stm32cubeide/plugins/com.st.stm32cube.ide.mcu.externaltools.gnu-tools-for-stm32.7-2018-q2-update.win32_1.0.0.201904181610/tools/bin/../lib/gcc/arm-none-eabi/7.3.1/thumb/v7-m\libgcc.a
LOAD c:/st/stm32cubeide_1.3.0/stm32cubeide/plugins/com.st.stm32cube.ide.mcu.externaltools.gnu-tools-for-stm32.7-2018-q2-update.win32_1.0.0.201904181610/tools/bin/../lib/gcc/arm-none-eabi/7.3.1/../../../../arm-none-eabi/lib/thumb/v7-m\libc.a
END GROUP
START GROUP
LOAD c:/st/stm32cubeide_1.3.0/stm32cubeide/plugins/com.st.stm32cube.ide.mcu.externaltools.gnu-tools-for-stm32.7-2018-q2-update.win32_1.0.0.201904181610/tools/bin/../lib/gcc/arm-none-eabi/7.3.1/thumb/v7-m\libgcc.a
LOAD c:/st/stm32cubeide_1.3.0/stm32cubeide/plugins/com.st.stm32cube.ide.mcu.externaltools.gnu-tools-for-stm32.7-2018-q2-update.win32_1.0.0.201904181610/tools/bin/../lib/gcc/arm-none-eabi/7.3.1/../../../../arm-none-eabi/lib/thumb/v7-m\libc.a
LOAD c:/st/stm32cubeide_1.3.0/stm32cubeide/plugins/com.st.stm32cube.ide.mcu.externaltools.gnu-tools-for-stm32.7-2018-q2-update.win32_1.0.0.201904181610/tools/bin/../lib/gcc/arm-none-eabi/7.3.1/../../../../arm-none-eabi/lib/thumb/v7-m\libnosys.a
END GROUP
LOAD c:/st/stm32cubeide_1.3.0/stm32cubeide/plugins/com.st.stm32cube.ide.mcu.externaltools.gnu-tools-for-stm32.7-2018-q2-update.win32_1.0.0.201904181610/tools/bin/../lib/gcc/arm-none-eabi/7.3.1/thumb/v7-m/crtend.o
LOAD c:/st/stm32cubeide_1.3.0/stm32cubeide/plugins/com.st.stm32cube.ide.mcu.externaltools.gnu-tools-for-stm32.7-2018-q2-update.win32_1.0.0.201904181610/tools/bin/../lib/gcc/arm-none-eabi/7.3.1/thumb/v7-m/crtn.o
                0x0000000020005000                _estack = 0x20005000
                0x0000000000000080                _Min_Heap_Size = 0x80
                0x0000000000000200                _Min_Stack_Size = 0x200

.isr_vector     0x0000000008000000      0x10c
                0x0000000008000000                . = ALIGN (0x4)
 *(.isr_vector)
 .isr_vector    0x0000000008000000      0x10c src/startup_stm32f10x_md.o
                0x0000000008000000                g_pfnVectors
                0x000000000800010c                . = ALIGN (0x4)

.text           0x0000000008000110     0xc7e8
                0x0000000008000110                . = ALIGN (0x4)
 *(.text)
 .text          0x0000000008000110       0x40 c:/st/stm32cubeide_1.3.0/stm32cubeide/plugins/com.st.stm32cube.ide.mcu.externaltools.gnu-tools-for-stm32.7-2018-q2-update.win32_1.0.0.201904181610/tools/bin/../lib/gcc/arm-none-eabi/7.3.1/thumb/v7-m/crtbegin.o
 .text          0x0000000008000150      0x378 c:/st/stm32cubeide_1.3.0/stm32cubeide/plugins/com.st.stm32cube.ide.mcu.externaltools.gnu-tools-for-stm32.7-2018-q2-update.win32_1.0.0.201904181610/tools/bin/../lib/gcc/arm-none-eabi/7.3.1/thumb/v7-m\libgcc.a(_arm_addsubdf3.o)
                0x0000000008000150                __aeabi_drsub
                0x0000000008000158                __aeabi_dsub
                0x0000000008000158                __subdf3
                0x000000000800015c                __aeabi_dadd
                0x000000000800015c                __adddf3
                0x00000000080003d4                __floatunsidf
                0x00000000080003d4                __aeabi_ui2d
                0x00000000080003f4                __floatsidf
                0x00000000080003f4                __aeabi_i2d
                0x0000000008000418                __aeabi_f2d
                0x0000000008000418                __extendsfdf2
                0x000000000800045c                __floatundidf
                0x000000000800045c                __aeabi_ul2d
                0x000000000800046c                __floatdidf
                0x000000000800046c                __aeabi_l2d
 .text          0x00000000080004c8      0x424 c:/st/stm32cubeide_1.3.0/stm32cubeide/plugins/com.st.stm32cube.ide.mcu.externaltools.gnu-tools-for-stm32.7-2018-q2-update.win32_1.0.0.201904181610/tools/bin/../lib/gcc/arm-none-eabi/7.3.1/thumb/v7-m\libgcc.a(_arm_muldivdf3.o)
                0x00000000080004c8                __aeabi_dmul
                0x00000000080004c8                __muldf3
                0x000000000800071c                __divdf3
                0x000000000800071c                __aeabi_ddiv
 .text          0x00000000080008ec      0x110 c:/st/stm32cubeide_1.3.0/stm32cubeide/plugins/com.st.stm32cube.ide.mcu.externaltools.gnu-tools-for-stm32.7-2018-q2-update.win32_1.0.0.201904181610/tools/bin/../lib/gcc/arm-none-eabi/7.3.1/thumb/v7-m\libgcc.a(_arm_cmpdf2.o)
                0x00000000080008ec                __gtdf2
                0x00000000080008ec                __gedf2
                0x00000000080008f4                __ltdf2
                0x00000000080008f4                __ledf2
                0x00000000080008fc                __nedf2
                0x00000000080008fc                __eqdf2
                0x00000000080008fc                __cmpdf2
                0x0000000008000978                __aeabi_cdrcmple
                0x0000000008000988                __aeabi_cdcmpeq
                0x0000000008000988                __aeabi_cdcmple
                0x0000000008000998                __aeabi_dcmpeq
                0x00000000080009ac                __aeabi_dcmplt
                0x00000000080009c0                __aeabi_dcmple
                0x00000000080009d4                __aeabi_dcmpge
                0x00000000080009e8                __aeabi_dcmpgt
 .text          0x00000000080009fc       0xa0 c:/st/stm32cubeide_1.3.0/stm32cubeide/plugins/com.st.stm32cube.ide.mcu.externaltools.gnu-tools-for-stm32.7-2018-q2-update.win32_1.0.0.201904181610/tools/bin/../lib/gcc/arm-none-eabi/7.3.1/thumb/v7-m\libgcc.a(_arm_truncdfsf2.o)
                0x00000000080009fc                __truncdfsf2
                0x00000000080009fc                __aeabi_d2f
 .text          0x0000000008000a9c      0x21c c:/st/stm32cubeide_1.3.0/stm32cubeide/plugins/com.st.stm32cube.ide.mcu.externaltools.gnu-tools-for-stm32.7-2018-q2-update.win32_1.0.0.201904181610/tools/bin/../lib/gcc/arm-none-eabi/7.3.1/thumb/v7-m\libgcc.a(_arm_addsubsf3.o)
                0x0000000008000a9c                __aeabi_frsub
                0x0000000008000aa4                __subsf3
                0x0000000008000aa4                __aeabi_fsub
                0x0000000008000aa8                __aeabi_fadd
                0x0000000008000aa8                __addsf3
                0x0000000008000c08                __aeabi_ui2f
                0x0000000008000c08                __floatunsisf
                0x0000000008000c10                __aeabi_i2f
                0x0000000008000c10                __floatsisf
                0x0000000008000c2c                __aeabi_ul2f
                0x0000000008000c2c                __floatundisf
                0x0000000008000c3c                __aeabi_l2f
                0x0000000008000c3c                __floatdisf
 .text          0x0000000008000cb8      0x2a0 c:/st/stm32cubeide_1.3.0/stm32cubeide/plugins/com.st.stm32cube.ide.mcu.externaltools.gnu-tools-for-stm32.7-2018-q2-update.win32_1.0.0.201904181610/tools/bin/../lib/gcc/arm-none-eabi/7.3.1/thumb/v7-m\libgcc.a(_arm_muldivsf3.o)
                0x0000000008000cb8                __mulsf3
                0x0000000008000cb8                __aeabi_fmul
                0x0000000008000e20                __aeabi_fdiv
                0x0000000008000e20                __divsf3
 .text          0x0000000008000f58       0xec c:/st/stm32cubeide_1.3.0/stm32cubeide/plugins/com.st.stm32cube.ide.mcu.externaltools.gnu-tools-for-stm32.7-2018-q2-update.win32_1.0.0.201904181610/tools/bin/../lib/gcc/arm-none-eabi/7.3.1/thumb/v7-m\libgcc.a(_arm_cmpsf2.o)
                0x0000000008000f58                __gesf2
                0x0000000008000f58                __gtsf2
                0x0000000008000f60                __lesf2
                0x0000000008000f60                __ltsf2
                0x0000000008000f68                __nesf2
                0x0000000008000f68                __eqsf2
                0x0000000008000f68                __cmpsf2
                0x0000000008000fc8                __aeabi_cfrcmple
                0x0000000008000fd0                __aeabi_cfcmpeq
                0x0000000008000fd0                __aeabi_cfcmple
                0x0000000008000fe0                __aeabi_fcmpeq
                0x0000000008000ff4                __aeabi_fcmplt
                0x0000000008001008                __aeabi_fcmple
                0x000000000800101c                __aeabi_fcmpge
                0x0000000008001030                __aeabi_fcmpgt
 .text          0x0000000008001044       0x2c c:/st/stm32cubeide_1.3.0/stm32cubeide/plugins/com.st.stm32cube.ide.mcu.externaltools.gnu-tools-for-stm32.7-2018-q2-update.win32_1.0.0.201904181610/tools/bin/../lib/gcc/arm-none-eabi/7.3.1/thumb/v7-m\libgcc.a(_arm_unordsf2.o)
                0x0000000008001044                __unordsf2
                0x0000000008001044                __aeabi_fcmpun
 .text          0x0000000008001070       0x4c c:/st/stm32cubeide_1.3.0/stm32cubeide/plugins/com.st.stm32cube.ide.mcu.externaltools.gnu-tools-for-stm32.7-2018-q2-update.win32_1.0.0.201904181610/tools/bin/../lib/gcc/arm-none-eabi/7.3.1/thumb/v7-m\libgcc.a(_arm_fixsfsi.o)
                0x0000000008001070                __aeabi_f2iz
                0x0000000008001070                __fixsfsi
 .text          0x00000000080010bc       0x40 c:/st/stm32cubeide_1.3.0/stm32cubeide/plugins/com.st.stm32cube.ide.mcu.externaltools.gnu-tools-for-stm32.7-2018-q2-update.win32_1.0.0.201904181610/tools/bin/../lib/gcc/arm-none-eabi/7.3.1/thumb/v7-m\libgcc.a(_arm_fixunssfsi.o)
                0x00000000080010bc                __fixunssfsi
                0x00000000080010bc                __aeabi_f2uiz
 *(.text*)
 .text.NVIC_PriorityGroupConfig
                0x00000000080010fc       0x14 Libraries/STM32F10x_StdPeriph_Driver/src/misc.o
                0x00000000080010fc                NVIC_PriorityGroupConfig
 .text.NVIC_Init
                0x0000000008001110       0x58 Libraries/STM32F10x_StdPeriph_Driver/src/misc.o
                0x0000000008001110                NVIC_Init
 .text.EXTI_Init
                0x0000000008001168       0x7c Libraries/STM32F10x_StdPeriph_Driver/src/stm32f10x_exti.o
                0x0000000008001168                EXTI_Init
 .text.EXTI_GetITStatus
                0x00000000080011e4       0x1c Libraries/STM32F10x_StdPeriph_Driver/src/stm32f10x_exti.o
                0x00000000080011e4                EXTI_GetITStatus
 .text.EXTI_ClearITPendingBit
                0x0000000008001200        0xc Libraries/STM32F10x_StdPeriph_Driver/src/stm32f10x_exti.o
                0x0000000008001200                EXTI_ClearITPendingBit
 .text.FLASH_Unlock
                0x000000000800120c       0x18 Libraries/STM32F10x_StdPeriph_Driver/src/stm32f10x_flash.o
                0x000000000800120c                FLASH_Unlock
 .text.FLASH_ErasePage
                0x0000000008001224       0xd0 Libraries/STM32F10x_StdPeriph_Driver/src/stm32f10x_flash.o
                0x0000000008001224                FLASH_ErasePage
 .text.FLASH_ProgramHalfWord
                0x00000000080012f4       0xc8 Libraries/STM32F10x_StdPeriph_Driver/src/stm32f10x_flash.o
                0x00000000080012f4                FLASH_ProgramHalfWord
 .text.GPIO_Init
                0x00000000080013bc      0x30c Libraries/STM32F10x_StdPeriph_Driver/src/stm32f10x_gpio.o
                0x00000000080013bc                GPIO_Init
 .text.GPIO_ReadInputData
                0x00000000080016c8        0x8 Libraries/STM32F10x_StdPeriph_Driver/src/stm32f10x_gpio.o
                0x00000000080016c8                GPIO_ReadInputData
 .text.GPIO_ReadOutputData
                0x00000000080016d0        0x8 Libraries/STM32F10x_StdPeriph_Driver/src/stm32f10x_gpio.o
                0x00000000080016d0                GPIO_ReadOutputData
 .text.GPIO_SetBits
                0x00000000080016d8        0x4 Libraries/STM32F10x_StdPeriph_Driver/src/stm32f10x_gpio.o
                0x00000000080016d8                GPIO_SetBits
 .text.GPIO_ResetBits
                0x00000000080016dc        0x4 Libraries/STM32F10x_StdPeriph_Driver/src/stm32f10x_gpio.o
                0x00000000080016dc                GPIO_ResetBits
 .text.GPIO_WriteBit
                0x00000000080016e0        0xc Libraries/STM32F10x_StdPeriph_Driver/src/stm32f10x_gpio.o
                0x00000000080016e0                GPIO_WriteBit
 .text.GPIO_PinRemapConfig
                0x00000000080016ec       0x6c Libraries/STM32F10x_StdPeriph_Driver/src/stm32f10x_gpio.o
                0x00000000080016ec                GPIO_PinRemapConfig
 .text.GPIO_EXTILineConfig
                0x0000000008001758       0x30 Libraries/STM32F10x_StdPeriph_Driver/src/stm32f10x_gpio.o
                0x0000000008001758                GPIO_EXTILineConfig
 .text.RCC_USBCLKConfig
                0x0000000008001788        0xc Libraries/STM32F10x_StdPeriph_Driver/src/stm32f10x_rcc.o
                0x0000000008001788                RCC_USBCLKConfig
 .text.RCC_GetClocksFreq
                0x0000000008001794       0xa4 Libraries/STM32F10x_StdPeriph_Driver/src/stm32f10x_rcc.o
                0x0000000008001794                RCC_GetClocksFreq
 .text.RCC_APB2PeriphClockCmd
                0x0000000008001838       0x18 Libraries/STM32F10x_StdPeriph_Driver/src/stm32f10x_rcc.o
                0x0000000008001838                RCC_APB2PeriphClockCmd
 .text.RCC_APB1PeriphClockCmd
                0x0000000008001850       0x18 Libraries/STM32F10x_StdPeriph_Driver/src/stm32f10x_rcc.o
                0x0000000008001850                RCC_APB1PeriphClockCmd
 .text.TIM_TimeBaseInit
                0x0000000008001868       0xac Libraries/STM32F10x_StdPeriph_Driver/src/stm32f10x_tim.o
                0x0000000008001868                TIM_TimeBaseInit
 .text.TIM_OC1Init
                0x0000000008001914       0x88 Libraries/STM32F10x_StdPeriph_Driver/src/stm32f10x_tim.o
                0x0000000008001914                TIM_OC1Init
 .text.TIM_TimeBaseStructInit
                0x000000000800199c       0x10 Libraries/STM32F10x_StdPeriph_Driver/src/stm32f10x_tim.o
                0x000000000800199c                TIM_TimeBaseStructInit
 .text.TIM_Cmd  0x00000000080019ac       0x18 Libraries/STM32F10x_StdPeriph_Driver/src/stm32f10x_tim.o
                0x00000000080019ac                TIM_Cmd
 .text.TIM_CtrlPWMOutputs
                0x00000000080019c4       0x1c Libraries/STM32F10x_StdPeriph_Driver/src/stm32f10x_tim.o
                0x00000000080019c4                TIM_CtrlPWMOutputs
 .text.TIM_ITConfig
                0x00000000080019e0       0x14 Libraries/STM32F10x_StdPeriph_Driver/src/stm32f10x_tim.o
                0x00000000080019e0                TIM_ITConfig
 .text.TIM_OC1PreloadConfig
                0x00000000080019f4       0x10 Libraries/STM32F10x_StdPeriph_Driver/src/stm32f10x_tim.o
                0x00000000080019f4                TIM_OC1PreloadConfig
 .text.TIM_ClearITPendingBit
                0x0000000008001a04        0x8 Libraries/STM32F10x_StdPeriph_Driver/src/stm32f10x_tim.o
                0x0000000008001a04                TIM_ClearITPendingBit
 .text.USART_Init
                0x0000000008001a0c       0xb4 Libraries/STM32F10x_StdPeriph_Driver/src/stm32f10x_usart.o
                0x0000000008001a0c                USART_Init
 .text.USART_Cmd
                0x0000000008001ac0       0x18 Libraries/STM32F10x_StdPeriph_Driver/src/stm32f10x_usart.o
                0x0000000008001ac0                USART_Cmd
 .text.USART_ITConfig
                0x0000000008001ad8       0x38 Libraries/STM32F10x_StdPeriph_Driver/src/stm32f10x_usart.o
                0x0000000008001ad8                USART_ITConfig
 .text.USART_SendData
                0x0000000008001b10        0x8 Libraries/STM32F10x_StdPeriph_Driver/src/stm32f10x_usart.o
                0x0000000008001b10                USART_SendData
 .text.coolant_init
                0x0000000008001b18       0x64 src/coolant_control.o
                0x0000000008001b18                coolant_init
 .text.coolant_get_state
                0x0000000008001b7c       0x24 src/coolant_control.o
                0x0000000008001b7c                coolant_get_state
 .text.coolant_stop
                0x0000000008001ba0       0x1c src/coolant_control.o
                0x0000000008001ba0                coolant_stop
 .text.coolant_set_state
                0x0000000008001bbc       0x48 src/coolant_control.o
                0x0000000008001bbc                coolant_set_state
 .text.coolant_sync
                0x0000000008001c04       0x54 src/coolant_control.o
                0x0000000008001c04                coolant_sync
 .text.eeprom_init
                0x0000000008001c58       0x3c src/eeprom.o
                0x0000000008001c58                eeprom_init
 .text.eeprom_get_char
                0x0000000008001c94        0xc src/eeprom.o
                0x0000000008001c94                eeprom_get_char
 .text.eeprom_put_char
                0x0000000008001ca0        0xc src/eeprom.o
                0x0000000008001ca0                eeprom_put_char
 .text.memcpy_to_eeprom_with_checksum
                0x0000000008001cac       0x9c src/eeprom.o
                0x0000000008001cac                memcpy_to_eeprom_with_checksum
 .text.memcpy_from_eeprom_with_checksum
                0x0000000008001d48       0x4c src/eeprom.o
                0x0000000008001d48                memcpy_from_eeprom_with_checksum
 .text.gc_init  0x0000000008001d94       0x2c src/gcode.o
                0x0000000008001d94                gc_init
 .text.gc_sync_position
                0x0000000008001dc0       0x10 src/gcode.o
                0x0000000008001dc0                gc_sync_position
 .text.gc_execute_line
                0x0000000008001dd0     0x13ac src/gcode.o
                0x0000000008001dd0                gc_execute_line
 .text.jog_execute
                0x000000000800317c       0x60 src/jog.o
                0x000000000800317c                jog_execute
 .text.limits_init
                0x00000000080031dc       0xac src/limits.o
                0x00000000080031dc                limits_init
 .text.limits_disable
                0x0000000008003288       0x10 src/limits.o
                0x0000000008003288                limits_disable
 .text.limits_get_state
                0x0000000008003298       0x7c src/limits.o
                0x0000000008003298                limits_get_state
 .text.EXTI15_10_IRQHandler
                0x0000000008003314       0x88 src/limits.o
                0x0000000008003314                EXTI15_10_IRQHandler
 .text.limits_go_home
                0x000000000800339c      0x410 src/limits.o
                0x000000000800339c                limits_go_home
 .text.limits_soft_check
                0x00000000080037ac       0x44 src/limits.o
                0x00000000080037ac                limits_soft_check
 .text.USART3_Configuration
                0x00000000080037f0       0xa8 src/main.o
                0x00000000080037f0                USART3_Configuration
 .text.startup.main
                0x0000000008003898      0x114 src/main.o
                0x0000000008003898                main
 .text._delay_ms
                0x00000000080039ac       0x30 src/main.o
                0x00000000080039ac                _delay_ms
 .text.LedBlink
                0x00000000080039dc       0x28 src/main.o
                0x00000000080039dc                LedBlink
 .text.mc_line  0x0000000008003a04       0x68 src/motion_control.o
                0x0000000008003a04                mc_line
 *fill*         0x0000000008003a6c        0x4 
 .text.mc_arc   0x0000000008003a70      0x404 src/motion_control.o
                0x0000000008003a70                mc_arc
 .text.mc_dwell
                0x0000000008003e74       0x24 src/motion_control.o
                0x0000000008003e74                mc_dwell
 .text.mc_homing_cycle
                0x0000000008003e98       0x60 src/motion_control.o
                0x0000000008003e98                mc_homing_cycle
 .text.mc_probe_cycle
                0x0000000008003ef8      0x124 src/motion_control.o
                0x0000000008003ef8                mc_probe_cycle
 .text.mc_reset
                0x000000000800401c       0x64 src/motion_control.o
                0x000000000800401c                mc_reset
 .text.read_float
                0x0000000008004080      0x108 src/nuts_bolts.o
                0x0000000008004080                read_float
 .text.delay_sec
                0x0000000008004188       0x70 src/nuts_bolts.o
                0x0000000008004188                delay_sec
 .text.delay_ms
                0x00000000080041f8       0x20 src/nuts_bolts.o
                0x00000000080041f8                delay_ms
 .text.hypot_f  0x0000000008004218       0x24 src/nuts_bolts.o
                0x0000000008004218                hypot_f
 .text.convert_delta_vector_to_unit_vector
                0x000000000800423c       0xb8 src/nuts_bolts.o
                0x000000000800423c                convert_delta_vector_to_unit_vector
 .text.limit_value_by_axis_maximum
                0x00000000080042f4       0xac src/nuts_bolts.o
                0x00000000080042f4                limit_value_by_axis_maximum
 .text.planner_recalculate
                0x00000000080043a0      0x20c src/planner.o
 .text.plan_reset
                0x00000000080045ac       0x38 src/planner.o
                0x00000000080045ac                plan_reset
 .text.plan_discard_current_block
                0x00000000080045e4       0x38 src/planner.o
                0x00000000080045e4                plan_discard_current_block
 .text.plan_get_system_motion_block
                0x000000000800461c       0x18 src/planner.o
                0x000000000800461c                plan_get_system_motion_block
 .text.plan_get_current_block
                0x0000000008004634       0x28 src/planner.o
                0x0000000008004634                plan_get_current_block
 .text.plan_get_exec_block_exit_speed_sqr
                0x000000000800465c       0x34 src/planner.o
                0x000000000800465c                plan_get_exec_block_exit_speed_sqr
 .text.plan_check_full_buffer
                0x0000000008004690       0x1c src/planner.o
                0x0000000008004690                plan_check_full_buffer
 .text.plan_compute_profile_nominal_speed
                0x00000000080046ac       0x6c src/planner.o
                0x00000000080046ac                plan_compute_profile_nominal_speed
 .text.plan_update_velocity_profile_parameters
                0x0000000008004718       0xf8 src/planner.o
                0x0000000008004718                plan_update_velocity_profile_parameters
 .text.plan_buffer_line
                0x0000000008004810      0x4a8 src/planner.o
                0x0000000008004810                plan_buffer_line
 .text.plan_sync_position
                0x0000000008004cb8       0x24 src/planner.o
                0x0000000008004cb8                plan_sync_position
 .text.plan_get_block_buffer_available
                0x0000000008004cdc       0x24 src/planner.o
                0x0000000008004cdc                plan_get_block_buffer_available
 .text.plan_cycle_reinitialize
                0x0000000008004d00       0x20 src/planner.o
                0x0000000008004d00                plan_cycle_reinitialize
 .text.printString
                0x0000000008004d20       0x18 src/print.o
                0x0000000008004d20                printString
 .text.print_uint8_base10
                0x0000000008004d38       0x84 src/print.o
                0x0000000008004d38                print_uint8_base10
 .text.printFloat
                0x0000000008004dbc      0x1e0 src/print.o
                0x0000000008004dbc                printFloat
 .text.printFloat_CoordValue
                0x0000000008004f9c      0x1e0 src/print.o
                0x0000000008004f9c                printFloat_CoordValue
 .text.printFloat_RateValue
                0x000000000800517c      0x144 src/print.o
                0x000000000800517c                printFloat_RateValue
 .text.probe_init
                0x00000000080052c0       0x4c src/probe.o
                0x00000000080052c0                probe_init
 .text.probe_configure_invert_mask
                0x000000000800530c       0x28 src/probe.o
                0x000000000800530c                probe_configure_invert_mask
 .text.probe_get_state
                0x0000000008005334       0x20 src/probe.o
                0x0000000008005334                probe_get_state
 .text.probe_state_monitor
                0x0000000008005354       0x48 src/probe.o
                0x0000000008005354                probe_state_monitor
 .text.protocol_auto_cycle_start
                0x000000000800539c       0x14 src/protocol.o
                0x000000000800539c                protocol_auto_cycle_start
 .text.protocol_exec_rt_system
                0x00000000080053b0      0x3cc src/protocol.o
                0x00000000080053b0                protocol_exec_rt_system
 .text.protocol_exec_rt_suspend
                0x000000000800577c      0x630 src/protocol.o
 .text.protocol_execute_realtime
                0x0000000008005dac      0x3dc src/protocol.o
                0x0000000008005dac                protocol_execute_realtime
 .text.protocol_buffer_synchronize
                0x0000000008006188      0x448 src/protocol.o
                0x0000000008006188                protocol_buffer_synchronize
 .text.protocol_main_loop
                0x00000000080065d0      0x178 src/protocol.o
                0x00000000080065d0                protocol_main_loop
 .text.report_status_message
                0x0000000008006748       0x30 src/report.o
                0x0000000008006748                report_status_message
 .text.report_alarm_message
                0x0000000008006778       0x2c src/report.o
                0x0000000008006778                report_alarm_message
 .text.report_feedback_message
                0x00000000080067a4       0xbc src/report.o
                0x00000000080067a4                report_feedback_message
 .text.report_init_message
                0x0000000008006860        0xc src/report.o
                0x0000000008006860                report_init_message
 .text.report_grbl_help
                0x000000000800686c        0xc src/report.o
                0x000000000800686c                report_grbl_help
 .text.report_grbl_settings
                0x0000000008006878      0x590 src/report.o
                0x0000000008006878                report_grbl_settings
 .text.report_probe_parameters
                0x0000000008006e08       0x6c src/report.o
                0x0000000008006e08                report_probe_parameters
 .text.report_ngc_parameters
                0x0000000008006e74      0x17c src/report.o
                0x0000000008006e74                report_ngc_parameters
 .text.report_gcode_modes
                0x0000000008006ff0      0x178 src/report.o
                0x0000000008006ff0                report_gcode_modes
 .text.report_startup_line
                0x0000000008007168       0x30 src/report.o
                0x0000000008007168                report_startup_line
 .text.report_execute_startup_message
                0x0000000008007198       0x48 src/report.o
                0x0000000008007198                report_execute_startup_message
 .text.report_build_info
                0x00000000080071e0       0x78 src/report.o
                0x00000000080071e0                report_build_info
 .text.report_realtime_status
                0x0000000008007258      0x3e0 src/report.o
                0x0000000008007258                report_realtime_status
 .text.serial_get_rx_buffer_available
                0x0000000008007638       0x24 src/serial.o
                0x0000000008007638                serial_get_rx_buffer_available
 .text.serial3_get_rx_buffer_count
                0x000000000800765c       0x20 src/serial.o
                0x000000000800765c                serial3_get_rx_buffer_count
 .text.serial_init
                0x000000000800767c        0x4 src/serial.o
                0x000000000800767c                serial_init
 .text.serial_write
                0x0000000008007680       0x54 src/serial.o
                0x0000000008007680                serial_write
 .text.serial_read
                0x00000000080076d4       0x30 src/serial.o
                0x00000000080076d4                serial_read
 .text.serial3_read
                0x0000000008007704       0x30 src/serial.o
                0x0000000008007704                serial3_read
 .text.OnUsbDataRx
                0x0000000008007734      0x1a8 src/serial.o
                0x0000000008007734                OnUsbDataRx
 .text.USART3_IRQHandler
                0x00000000080078dc       0x58 src/serial.o
                0x00000000080078dc                USART3_IRQHandler
 .text.serial_reset_read_buffer
                0x0000000008007934       0x14 src/serial.o
                0x0000000008007934                serial_reset_read_buffer
 .text.serial3_reset_read_buffer
                0x0000000008007948       0x14 src/serial.o
                0x0000000008007948                serial3_reset_read_buffer
 .text.settings_store_startup_line
                0x000000000800795c       0x24 src/settings.o
                0x000000000800795c                settings_store_startup_line
 .text.settings_store_build_info
                0x0000000008007980        0xc src/settings.o
                0x0000000008007980                settings_store_build_info
 .text.settings_write_coord_data
                0x000000000800798c       0x20 src/settings.o
                0x000000000800798c                settings_write_coord_data
 .text.settings_restore
                0x00000000080079ac      0x130 src/settings.o
                0x00000000080079ac                settings_restore
 .text.settings_read_startup_line
                0x0000000008007adc       0x38 src/settings.o
                0x0000000008007adc                settings_read_startup_line
 .text.settings_read_build_info
                0x0000000008007b14       0x28 src/settings.o
                0x0000000008007b14                settings_read_build_info
 .text.settings_read_coord_data
                0x0000000008007b3c       0x3c src/settings.o
                0x0000000008007b3c                settings_read_coord_data
 .text.settings_store_global_setting
                0x0000000008007b78      0x2bc src/settings.o
                0x0000000008007b78                settings_store_global_setting
 .text.settings_init
                0x0000000008007e34      0x138 src/settings.o
                0x0000000008007e34                settings_init
 .text.spindle_init
                0x0000000008007f6c      0x12c src/spindle_control.o
                0x0000000008007f6c                spindle_init
 .text.spindle_get_state
                0x0000000008008098       0x20 src/spindle_control.o
                0x0000000008008098                spindle_get_state
 .text.spindle_stop
                0x00000000080080b8       0x20 src/spindle_control.o
                0x00000000080080b8                spindle_stop
 .text.spindle_set_speed
                0x00000000080080d8       0x14 src/spindle_control.o
                0x00000000080080d8                spindle_set_speed
 .text.spindle_compute_pwm_value
                0x00000000080080ec       0x8c src/spindle_control.o
                0x00000000080080ec                spindle_compute_pwm_value
 .text.spindle_set_state
                0x0000000008008178      0x118 src/spindle_control.o
                0x0000000008008178                spindle_set_state
 .text.spindle_sync
                0x0000000008008290      0x120 src/spindle_control.o
                0x0000000008008290                spindle_sync
 .text.Reset_Handler
                0x00000000080083b0       0x50 src/startup_stm32f10x_md.o
                0x00000000080083b0                Reset_Handler
 .text.Default_Handler
                0x0000000008008400        0x2 src/startup_stm32f10x_md.o
                0x0000000008008400                EXTI2_IRQHandler
                0x0000000008008400                TIM1_CC_IRQHandler
                0x0000000008008400                SysTick_Handler
                0x0000000008008400                PVD_IRQHandler
                0x0000000008008400                EXTI3_IRQHandler
                0x0000000008008400                EXTI0_IRQHandler
                0x0000000008008400                I2C2_EV_IRQHandler
                0x0000000008008400                ADC1_2_IRQHandler
                0x0000000008008400                SPI1_IRQHandler
                0x0000000008008400                TAMPER_IRQHandler
                0x0000000008008400                DMA1_Channel4_IRQHandler
                0x0000000008008400                RTC_IRQHandler
                0x0000000008008400                DMA1_Channel7_IRQHandler
                0x0000000008008400                CAN1_RX1_IRQHandler
                0x0000000008008400                TIM4_IRQHandler
                0x0000000008008400                I2C1_EV_IRQHandler
                0x0000000008008400                DMA1_Channel6_IRQHandler
                0x0000000008008400                RCC_IRQHandler
                0x0000000008008400                TIM1_TRG_COM_IRQHandler
                0x0000000008008400                DMA1_Channel1_IRQHandler
                0x0000000008008400                Default_Handler
                0x0000000008008400                SPI2_IRQHandler
                0x0000000008008400                DMA1_Channel5_IRQHandler
                0x0000000008008400                EXTI4_IRQHandler
                0x0000000008008400                USB_HP_CAN1_TX_IRQHandler
                0x0000000008008400                DMA1_Channel3_IRQHandler
                0x0000000008008400                TIM1_UP_IRQHandler
                0x0000000008008400                WWDG_IRQHandler
                0x0000000008008400                TIM1_BRK_IRQHandler
                0x0000000008008400                EXTI1_IRQHandler
                0x0000000008008400                RTCAlarm_IRQHandler
                0x0000000008008400                USART2_IRQHandler
                0x0000000008008400                I2C2_ER_IRQHandler
                0x0000000008008400                DMA1_Channel2_IRQHandler
                0x0000000008008400                CAN1_SCE_IRQHandler
                0x0000000008008400                FLASH_IRQHandler
                0x0000000008008400                USART1_IRQHandler
                0x0000000008008400                I2C1_ER_IRQHandler
                0x0000000008008400                USBWakeUp_IRQHandler
 *fill*         0x0000000008008402        0x2 
 .text.st_wake_up
                0x0000000008008404       0x80 src/stepper.o
                0x0000000008008404                st_wake_up
 .text.st_go_idle
                0x0000000008008484       0x7c src/stepper.o
                0x0000000008008484                st_go_idle
 .text.TIM2_IRQHandler
                0x0000000008008500      0x290 src/stepper.o
                0x0000000008008500                TIM2_IRQHandler
 .text.TIM3_IRQHandler
                0x0000000008008790       0x40 src/stepper.o
                0x0000000008008790                TIM3_IRQHandler
 .text.st_generate_step_dir_invert_masks
                0x00000000080087d0       0x68 src/stepper.o
                0x00000000080087d0                st_generate_step_dir_invert_masks
 .text.st_reset
                0x0000000008008838      0x140 src/stepper.o
                0x0000000008008838                st_reset
 .text.stepper_init
                0x0000000008008978      0x164 src/stepper.o
                0x0000000008008978                stepper_init
 .text.st_update_plan_block_parameters
                0x0000000008008adc       0x2c src/stepper.o
                0x0000000008008adc                st_update_plan_block_parameters
 .text.st_prep_buffer
                0x0000000008008b08      0xba0 src/stepper.o
                0x0000000008008b08                st_prep_buffer
 .text.st_get_realtime_rate
                0x00000000080096a8       0x1c src/stepper.o
                0x00000000080096a8                st_get_realtime_rate
 .text.system_init
                0x00000000080096c4       0x88 src/system.o
                0x00000000080096c4                system_init
 .text.system_control_get_state
                0x000000000800974c       0x30 src/system.o
                0x000000000800974c                system_control_get_state
 .text.EXTI9_5_IRQHandler
                0x000000000800977c       0x5c src/system.o
                0x000000000800977c                EXTI9_5_IRQHandler
 .text.system_check_safety_door_ajar
                0x00000000080097d8        0x4 src/system.o
                0x00000000080097d8                system_check_safety_door_ajar
 .text.system_execute_startup
                0x00000000080097dc       0x44 src/system.o
                0x00000000080097dc                system_execute_startup
 .text.system_execute_line
                0x0000000008009820      0x3e8 src/system.o
                0x0000000008009820                system_execute_line
 .text.system_flag_wco_change
                0x0000000008009c08       0x14 src/system.o
                0x0000000008009c08                system_flag_wco_change
 .text.system_convert_array_steps_to_mpos
                0x0000000008009c1c       0x48 src/system.o
                0x0000000008009c1c                system_convert_array_steps_to_mpos
 .text.system_check_travel_limits
                0x0000000008009c64       0xfc src/system.o
                0x0000000008009c64                system_check_travel_limits
 .text.system_set_exec_state_flag
                0x0000000008009d60       0x14 src/system.o
                0x0000000008009d60                system_set_exec_state_flag
 .text.system_clear_exec_state_flag
                0x0000000008009d74       0x14 src/system.o
                0x0000000008009d74                system_clear_exec_state_flag
 .text.system_set_exec_alarm
                0x0000000008009d88       0x10 src/system.o
                0x0000000008009d88                system_set_exec_alarm
 .text.system_clear_exec_alarm
                0x0000000008009d98       0x10 src/system.o
                0x0000000008009d98                system_clear_exec_alarm
 .text.system_set_exec_motion_override_flag
                0x0000000008009da8       0x14 src/system.o
                0x0000000008009da8                system_set_exec_motion_override_flag
 .text.system_set_exec_accessory_override_flag
                0x0000000008009dbc       0x14 src/system.o
                0x0000000008009dbc                system_set_exec_accessory_override_flag
 .text.system_clear_exec_motion_overrides
                0x0000000008009dd0       0x10 src/system.o
                0x0000000008009dd0                system_clear_exec_motion_overrides
 .text.system_clear_exec_accessory_overrides
                0x0000000008009de0       0x10 src/system.o
                0x0000000008009de0                system_clear_exec_accessory_overrides
 .text.SystemInit
                0x0000000008009df0      0x104 src/system_stm32f10x.o
                0x0000000008009df0                SystemInit
 .text.tmc_set  0x0000000008009ef4      0x10c src/tmc2300.o
                0x0000000008009ef4                tmc_set
 .text.tmc_read
                0x000000000800a000      0x1cc src/tmc2300.o
                0x000000000800a000                tmc_read
 .text.Standard_GetConfiguration
                0x000000000800a1cc       0x28 stm_usb_fs_lib/src/usb_core.o
                0x000000000800a1cc                Standard_GetConfiguration
 .text.Standard_GetInterface
                0x000000000800a1f4       0x28 stm_usb_fs_lib/src/usb_core.o
                0x000000000800a1f4                Standard_GetInterface
 .text.Standard_GetStatus
                0x000000000800a21c       0x8c stm_usb_fs_lib/src/usb_core.o
                0x000000000800a21c                Standard_GetStatus
 .text.DataStageIn
                0x000000000800a2a8       0xb0 stm_usb_fs_lib/src/usb_core.o
 .text.Standard_ClearFeature
                0x000000000800a358       0xcc stm_usb_fs_lib/src/usb_core.o
                0x000000000800a358                Standard_ClearFeature
 .text.Standard_SetEndPointFeature
                0x000000000800a424       0x8c stm_usb_fs_lib/src/usb_core.o
                0x000000000800a424                Standard_SetEndPointFeature
 .text.Standard_GetDescriptorData
                0x000000000800a4b0       0x1c stm_usb_fs_lib/src/usb_core.o
                0x000000000800a4b0                Standard_GetDescriptorData
 .text.Setup0_Process
                0x000000000800a4cc      0x3e8 stm_usb_fs_lib/src/usb_core.o
                0x000000000800a4cc                Setup0_Process
 .text.In0_Process
                0x000000000800a8b4       0xcc stm_usb_fs_lib/src/usb_core.o
                0x000000000800a8b4                In0_Process
 .text.Out0_Process
                0x000000000800a980      0x110 stm_usb_fs_lib/src/usb_core.o
                0x000000000800a980                Out0_Process
 .text.SetDeviceAddress
                0x000000000800aa90       0x40 stm_usb_fs_lib/src/usb_core.o
                0x000000000800aa90                SetDeviceAddress
 .text.NOP_Process
                0x000000000800aad0        0x4 stm_usb_fs_lib/src/usb_core.o
                0x000000000800aad0                NOP_Process
 .text.USB_Init
                0x000000000800aad4       0x38 stm_usb_fs_lib/src/usb_init.o
                0x000000000800aad4                USB_Init
 .text.CTR_LP   0x000000000800ab0c      0x184 stm_usb_fs_lib/src/usb_int.o
                0x000000000800ab0c                CTR_LP
 .text.UserToPMABufferCopy
                0x000000000800ac90       0x20 stm_usb_fs_lib/src/usb_mem.o
                0x000000000800ac90                UserToPMABufferCopy
 .text.PMAToUserBufferCopy
                0x000000000800acb0       0x24 stm_usb_fs_lib/src/usb_mem.o
                0x000000000800acb0                PMAToUserBufferCopy
 .text.SetBTABLE
                0x000000000800acd4       0x10 stm_usb_fs_lib/src/usb_regs.o
                0x000000000800acd4                SetBTABLE
 .text.SetEPType
                0x000000000800ace4       0x1c stm_usb_fs_lib/src/usb_regs.o
                0x000000000800ace4                SetEPType
 .text.SetEPTxStatus
                0x000000000800ad00       0x34 stm_usb_fs_lib/src/usb_regs.o
                0x000000000800ad00                SetEPTxStatus
 .text.SetEPRxStatus
                0x000000000800ad34       0x34 stm_usb_fs_lib/src/usb_regs.o
                0x000000000800ad34                SetEPRxStatus
 .text.SetEPTxValid
                0x000000000800ad68       0x28 stm_usb_fs_lib/src/usb_regs.o
                0x000000000800ad68                SetEPTxValid
 .text.SetEPRxValid
                0x000000000800ad90       0x28 stm_usb_fs_lib/src/usb_regs.o
                0x000000000800ad90                SetEPRxValid
 .text.Clear_Status_Out
                0x000000000800adb8       0x20 stm_usb_fs_lib/src/usb_regs.o
                0x000000000800adb8                Clear_Status_Out
 .text.ClearDTOG_RX
                0x000000000800add8       0x24 stm_usb_fs_lib/src/usb_regs.o
                0x000000000800add8                ClearDTOG_RX
 .text.ClearDTOG_TX
                0x000000000800adfc       0x24 stm_usb_fs_lib/src/usb_regs.o
                0x000000000800adfc                ClearDTOG_TX
 .text.SetEPTxAddr
                0x000000000800ae20       0x20 stm_usb_fs_lib/src/usb_regs.o
                0x000000000800ae20                SetEPTxAddr
 .text.SetEPRxAddr
                0x000000000800ae40       0x20 stm_usb_fs_lib/src/usb_regs.o
                0x000000000800ae40                SetEPRxAddr
 .text.GetEPTxAddr
                0x000000000800ae60       0x1c stm_usb_fs_lib/src/usb_regs.o
                0x000000000800ae60                GetEPTxAddr
 .text.GetEPRxAddr
                0x000000000800ae7c       0x1c stm_usb_fs_lib/src/usb_regs.o
                0x000000000800ae7c                GetEPRxAddr
 .text.SetEPTxCount
                0x000000000800ae98       0x1c stm_usb_fs_lib/src/usb_regs.o
                0x000000000800ae98                SetEPTxCount
 .text.SetEPRxCount
                0x000000000800aeb4       0x44 stm_usb_fs_lib/src/usb_regs.o
                0x000000000800aeb4                SetEPRxCount
 .text.GetEPRxCount
                0x000000000800aef8       0x20 stm_usb_fs_lib/src/usb_regs.o
                0x000000000800aef8                GetEPRxCount
 .text.ByteSwap
                0x000000000800af18        0xc stm_usb_fs_lib/src/usb_regs.o
                0x000000000800af18                ByteSwap
 .text.USB_SIL_Init
                0x000000000800af24       0x24 stm_usb_fs_lib/src/usb_sil.o
                0x000000000800af24                USB_SIL_Init
 .text.USB_SIL_Read
                0x000000000800af48       0x24 stm_usb_fs_lib/src/usb_sil.o
                0x000000000800af48                USB_SIL_Read
 .text.Set_USBClock
                0x000000000800af6c       0x18 usb/hw_config.o
                0x000000000800af6c                Set_USBClock
 .text.USB_Interrupts_Config
                0x000000000800af84       0x24 usb/hw_config.o
                0x000000000800af84                USB_Interrupts_Config
 .text.USB_Cable_Config
                0x000000000800afa8        0x4 usb/hw_config.o
                0x000000000800afa8                USB_Cable_Config
 .text.Get_SerialNum
                0x000000000800afac      0x120 usb/hw_config.o
                0x000000000800afac                Get_SerialNum
 .text.EP3_OUT_Callback
                0x000000000800b0cc       0x24 usb/usb_endp.o
                0x000000000800b0cc                EP3_OUT_Callback
 .text.EP1_IN_Callback
                0x000000000800b0f0       0xc0 usb/usb_endp.o
                0x000000000800b0f0                EP1_IN_Callback
 .text.SOF_Callback
                0x000000000800b1b0       0xcc usb/usb_endp.o
                0x000000000800b1b0                SOF_Callback
 .text.USB_Istr
                0x000000000800b27c       0x80 usb/usb_istr.o
                0x000000000800b27c                USB_Istr
 .text.Virtual_Com_Port_SetConfiguration
                0x000000000800b2fc       0x18 usb/usb_prop.o
                0x000000000800b2fc                Virtual_Com_Port_SetConfiguration
 .text.Virtual_Com_Port_SetDeviceAddress
                0x000000000800b314        0xc usb/usb_prop.o
                0x000000000800b314                Virtual_Com_Port_SetDeviceAddress
 .text.Virtual_Com_Port_Status_In
                0x000000000800b320       0x14 usb/usb_prop.o
                0x000000000800b320                Virtual_Com_Port_Status_In
 .text.Virtual_Com_Port_Status_Out
                0x000000000800b334        0x4 usb/usb_prop.o
                0x000000000800b334                Virtual_Com_Port_Status_Out
 .text.Virtual_Com_Port_Data_Setup
                0x000000000800b338       0x5c usb/usb_prop.o
                0x000000000800b338                Virtual_Com_Port_Data_Setup
 .text.Virtual_Com_Port_NoData_Setup
                0x000000000800b394       0x24 usb/usb_prop.o
                0x000000000800b394                Virtual_Com_Port_NoData_Setup
 .text.Virtual_Com_Port_Get_Interface_Setting
                0x000000000800b3b8       0x10 usb/usb_prop.o
                0x000000000800b3b8                Virtual_Com_Port_Get_Interface_Setting
 .text.Virtual_Com_Port_GetLineCoding
                0x000000000800b3c8       0x18 usb/usb_prop.o
                0x000000000800b3c8                Virtual_Com_Port_GetLineCoding
 .text.Virtual_Com_Port_init
                0x000000000800b3e0       0x24 usb/usb_prop.o
                0x000000000800b3e0                Virtual_Com_Port_init
 .text.Virtual_Com_Port_Reset
                0x000000000800b404       0xe0 usb/usb_prop.o
                0x000000000800b404                Virtual_Com_Port_Reset
 .text.Virtual_Com_Port_GetDeviceDescriptor
                0x000000000800b4e4        0xc usb/usb_prop.o
                0x000000000800b4e4                Virtual_Com_Port_GetDeviceDescriptor
 .text.Virtual_Com_Port_GetConfigDescriptor
                0x000000000800b4f0        0xc usb/usb_prop.o
                0x000000000800b4f0                Virtual_Com_Port_GetConfigDescriptor
 .text.Virtual_Com_Port_GetStringDescriptor
                0x000000000800b4fc       0x20 usb/usb_prop.o
                0x000000000800b4fc                Virtual_Com_Port_GetStringDescriptor
 .text.Virtual_Com_Port_SetLineCoding
                0x000000000800b51c       0x18 usb/usb_prop.o
                0x000000000800b51c                Virtual_Com_Port_SetLineCoding
 .text.PowerOn  0x000000000800b534       0x30 usb/usb_pwr.o
                0x000000000800b534                PowerOn
 .text.NMI_Handler
                0x000000000800b564        0x4 util/stm32f10x_it.o
                0x000000000800b564                NMI_Handler
 .text.HardFault_Handler
                0x000000000800b568        0x4 util/stm32f10x_it.o
                0x000000000800b568                HardFault_Handler
 .text.MemManage_Handler
                0x000000000800b56c        0x4 util/stm32f10x_it.o
                0x000000000800b56c                MemManage_Handler
 .text.BusFault_Handler
                0x000000000800b570        0x4 util/stm32f10x_it.o
                0x000000000800b570                BusFault_Handler
 .text.UsageFault_Handler
                0x000000000800b574        0x4 util/stm32f10x_it.o
                0x000000000800b574                UsageFault_Handler
 .text.SVC_Handler
                0x000000000800b578        0x4 util/stm32f10x_it.o
                0x000000000800b578                SVC_Handler
 .text.DebugMon_Handler
                0x000000000800b57c        0x4 util/stm32f10x_it.o
                0x000000000800b57c                DebugMon_Handler
 .text.PendSV_Handler
                0x000000000800b580        0x4 util/stm32f10x_it.o
                0x000000000800b580                PendSV_Handler
 .text.USB_LP_CAN1_RX0_IRQHandler
                0x000000000800b584        0x4 util/stm32f10x_it.o
                0x000000000800b584                USB_LP_CAN1_RX0_IRQHandler
 .text.__libc_init_array
                0x000000000800b588       0x48 c:/st/stm32cubeide_1.3.0/stm32cubeide/plugins/com.st.stm32cube.ide.mcu.externaltools.gnu-tools-for-stm32.7-2018-q2-update.win32_1.0.0.201904181610/tools/bin/../lib/gcc/arm-none-eabi/7.3.1/../../../../arm-none-eabi/lib/thumb/v7-m\libc.a(lib_a-init.o)
                0x000000000800b588                __libc_init_array
 .text.__itoa   0x000000000800b5d0       0x30 c:/st/stm32cubeide_1.3.0/stm32cubeide/plugins/com.st.stm32cube.ide.mcu.externaltools.gnu-tools-for-stm32.7-2018-q2-update.win32_1.0.0.201904181610/tools/bin/../lib/gcc/arm-none-eabi/7.3.1/../../../../arm-none-eabi/lib/thumb/v7-m\libc.a(lib_a-itoa.o)
                0x000000000800b5d0                __itoa
 .text.itoa     0x000000000800b600        0x4 c:/st/stm32cubeide_1.3.0/stm32cubeide/plugins/com.st.stm32cube.ide.mcu.externaltools.gnu-tools-for-stm32.7-2018-q2-update.win32_1.0.0.201904181610/tools/bin/../lib/gcc/arm-none-eabi/7.3.1/../../../../arm-none-eabi/lib/thumb/v7-m\libc.a(lib_a-itoa.o)
                0x000000000800b600                itoa
 .text.memcmp   0x000000000800b604       0x1e c:/st/stm32cubeide_1.3.0/stm32cubeide/plugins/com.st.stm32cube.ide.mcu.externaltools.gnu-tools-for-stm32.7-2018-q2-update.win32_1.0.0.201904181610/tools/bin/../lib/gcc/arm-none-eabi/7.3.1/../../../../arm-none-eabi/lib/thumb/v7-m\libc.a(lib_a-memcmp.o)
                0x000000000800b604                memcmp
 .text.memset   0x000000000800b622       0x10 c:/st/stm32cubeide_1.3.0/stm32cubeide/plugins/com.st.stm32cube.ide.mcu.externaltools.gnu-tools-for-stm32.7-2018-q2-update.win32_1.0.0.201904181610/tools/bin/../lib/gcc/arm-none-eabi/7.3.1/../../../../arm-none-eabi/lib/thumb/v7-m\libc.a(lib_a-memset.o)
                0x000000000800b622                memset
 *fill*         0x000000000800b632        0x2 
 .text.__utoa   0x000000000800b634       0x7c c:/st/stm32cubeide_1.3.0/stm32cubeide/plugins/com.st.stm32cube.ide.mcu.externaltools.gnu-tools-for-stm32.7-2018-q2-update.win32_1.0.0.201904181610/tools/bin/../lib/gcc/arm-none-eabi/7.3.1/../../../../arm-none-eabi/lib/thumb/v7-m\libc.a(lib_a-utoa.o)
                0x000000000800b634                __utoa
 .text.startup.register_fini
                0x000000000800b6b0       0x14 c:/st/stm32cubeide_1.3.0/stm32cubeide/plugins/com.st.stm32cube.ide.mcu.externaltools.gnu-tools-for-stm32.7-2018-q2-update.win32_1.0.0.201904181610/tools/bin/../lib/gcc/arm-none-eabi/7.3.1/../../../../arm-none-eabi/lib/thumb/v7-m\libc.a(lib_a-__call_atexit.o)
 .text.atexit   0x000000000800b6c4        0xc c:/st/stm32cubeide_1.3.0/stm32cubeide/plugins/com.st.stm32cube.ide.mcu.externaltools.gnu-tools-for-stm32.7-2018-q2-update.win32_1.0.0.201904181610/tools/bin/../lib/gcc/arm-none-eabi/7.3.1/../../../../arm-none-eabi/lib/thumb/v7-m\libc.a(lib_a-atexit.o)
                0x000000000800b6c4                atexit
 .text.__libc_fini_array
                0x000000000800b6d0       0x28 c:/st/stm32cubeide_1.3.0/stm32cubeide/plugins/com.st.stm32cube.ide.mcu.externaltools.gnu-tools-for-stm32.7-2018-q2-update.win32_1.0.0.201904181610/tools/bin/../lib/gcc/arm-none-eabi/7.3.1/../../../../arm-none-eabi/lib/thumb/v7-m\libc.a(lib_a-fini.o)
                0x000000000800b6d0                __libc_fini_array
 .text.__retarget_lock_acquire_recursive
                0x000000000800b6f8        0x2 c:/st/stm32cubeide_1.3.0/stm32cubeide/plugins/com.st.stm32cube.ide.mcu.externaltools.gnu-tools-for-stm32.7-2018-q2-update.win32_1.0.0.201904181610/tools/bin/../lib/gcc/arm-none-eabi/7.3.1/../../../../arm-none-eabi/lib/thumb/v7-m\libc.a(lib_a-lock.o)
                0x000000000800b6f8                __retarget_lock_acquire_recursive
 .text.__retarget_lock_release_recursive
                0x000000000800b6fa        0x2 c:/st/stm32cubeide_1.3.0/stm32cubeide/plugins/com.st.stm32cube.ide.mcu.externaltools.gnu-tools-for-stm32.7-2018-q2-update.win32_1.0.0.201904181610/tools/bin/../lib/gcc/arm-none-eabi/7.3.1/../../../../arm-none-eabi/lib/thumb/v7-m\libc.a(lib_a-lock.o)
                0x000000000800b6fa                __retarget_lock_release_recursive
 .text.__register_exitproc
                0x000000000800b6fc       0xac c:/st/stm32cubeide_1.3.0/stm32cubeide/plugins/com.st.stm32cube.ide.mcu.externaltools.gnu-tools-for-stm32.7-2018-q2-update.win32_1.0.0.201904181610/tools/bin/../lib/gcc/arm-none-eabi/7.3.1/../../../../arm-none-eabi/lib/thumb/v7-m\libc.a(lib_a-__atexit.o)
                0x000000000800b6fc                __register_exitproc
 .text.ceilf    0x000000000800b7a8       0x80 c:/st/stm32cubeide_1.3.0/stm32cubeide/plugins/com.st.stm32cube.ide.mcu.externaltools.gnu-tools-for-stm32.7-2018-q2-update.win32_1.0.0.201904181610/tools/bin/../lib/gcc/arm-none-eabi/7.3.1/../../../../arm-none-eabi/lib/thumb/v7-m\libm.a(lib_a-sf_ceil.o)
                0x000000000800b7a8                ceilf
 .text.cosf     0x000000000800b828       0x68 c:/st/stm32cubeide_1.3.0/stm32cubeide/plugins/com.st.stm32cube.ide.mcu.externaltools.gnu-tools-for-stm32.7-2018-q2-update.win32_1.0.0.201904181610/tools/bin/../lib/gcc/arm-none-eabi/7.3.1/../../../../arm-none-eabi/lib/thumb/v7-m\libm.a(lib_a-sf_cos.o)
                0x000000000800b828                cosf
 .text.floorf   0x000000000800b890       0x80 c:/st/stm32cubeide_1.3.0/stm32cubeide/plugins/com.st.stm32cube.ide.mcu.externaltools.gnu-tools-for-stm32.7-2018-q2-update.win32_1.0.0.201904181610/tools/bin/../lib/gcc/arm-none-eabi/7.3.1/../../../../arm-none-eabi/lib/thumb/v7-m\libm.a(lib_a-sf_floor.o)
                0x000000000800b890                floorf
 .text.lroundf  0x000000000800b910       0x58 c:/st/stm32cubeide_1.3.0/stm32cubeide/plugins/com.st.stm32cube.ide.mcu.externaltools.gnu-tools-for-stm32.7-2018-q2-update.win32_1.0.0.201904181610/tools/bin/../lib/gcc/arm-none-eabi/7.3.1/../../../../arm-none-eabi/lib/thumb/v7-m\libm.a(lib_a-sf_lround.o)
                0x000000000800b910                lroundf
 .text.sinf     0x000000000800b968       0x6c c:/st/stm32cubeide_1.3.0/stm32cubeide/plugins/com.st.stm32cube.ide.mcu.externaltools.gnu-tools-for-stm32.7-2018-q2-update.win32_1.0.0.201904181610/tools/bin/../lib/gcc/arm-none-eabi/7.3.1/../../../../arm-none-eabi/lib/thumb/v7-m\libm.a(lib_a-sf_sin.o)
                0x000000000800b968                sinf
 .text.atan2f   0x000000000800b9d4        0x4 c:/st/stm32cubeide_1.3.0/stm32cubeide/plugins/com.st.stm32cube.ide.mcu.externaltools.gnu-tools-for-stm32.7-2018-q2-update.win32_1.0.0.201904181610/tools/bin/../lib/gcc/arm-none-eabi/7.3.1/../../../../arm-none-eabi/lib/thumb/v7-m\libm.a(lib_a-wf_atan2.o)
                0x000000000800b9d4                atan2f
 .text.sqrtf    0x000000000800b9d8       0x94 c:/st/stm32cubeide_1.3.0/stm32cubeide/plugins/com.st.stm32cube.ide.mcu.externaltools.gnu-tools-for-stm32.7-2018-q2-update.win32_1.0.0.201904181610/tools/bin/../lib/gcc/arm-none-eabi/7.3.1/../../../../arm-none-eabi/lib/thumb/v7-m\libm.a(lib_a-wf_sqrt.o)
                0x000000000800b9d8                sqrtf
 .text.__ieee754_atan2f
                0x000000000800ba6c      0x120 c:/st/stm32cubeide_1.3.0/stm32cubeide/plugins/com.st.stm32cube.ide.mcu.externaltools.gnu-tools-for-stm32.7-2018-q2-update.win32_1.0.0.201904181610/tools/bin/../lib/gcc/arm-none-eabi/7.3.1/../../../../arm-none-eabi/lib/thumb/v7-m\libm.a(lib_a-ef_atan2.o)
                0x000000000800ba6c                __ieee754_atan2f
 .text.__ieee754_rem_pio2f
                0x000000000800bb8c      0x2b0 c:/st/stm32cubeide_1.3.0/stm32cubeide/plugins/com.st.stm32cube.ide.mcu.externaltools.gnu-tools-for-stm32.7-2018-q2-update.win32_1.0.0.201904181610/tools/bin/../lib/gcc/arm-none-eabi/7.3.1/../../../../arm-none-eabi/lib/thumb/v7-m\libm.a(lib_a-ef_rem_pio2.o)
                0x000000000800bb8c                __ieee754_rem_pio2f
 .text.__ieee754_sqrtf
                0x000000000800be3c       0xa6 c:/st/stm32cubeide_1.3.0/stm32cubeide/plugins/com.st.stm32cube.ide.mcu.externaltools.gnu-tools-for-stm32.7-2018-q2-update.win32_1.0.0.201904181610/tools/bin/../lib/gcc/arm-none-eabi/7.3.1/../../../../arm-none-eabi/lib/thumb/v7-m\libm.a(lib_a-ef_sqrt.o)
                0x000000000800be3c                __ieee754_sqrtf
 *fill*         0x000000000800bee2        0x2 
 .text.__kernel_cosf
                0x000000000800bee4      0x100 c:/st/stm32cubeide_1.3.0/stm32cubeide/plugins/com.st.stm32cube.ide.mcu.externaltools.gnu-tools-for-stm32.7-2018-q2-update.win32_1.0.0.201904181610/tools/bin/../lib/gcc/arm-none-eabi/7.3.1/../../../../arm-none-eabi/lib/thumb/v7-m\libm.a(lib_a-kf_cos.o)
                0x000000000800bee4                __kernel_cosf
 .text.__kernel_rem_pio2f
                0x000000000800bfe4      0x53c c:/st/stm32cubeide_1.3.0/stm32cubeide/plugins/com.st.stm32cube.ide.mcu.externaltools.gnu-tools-for-stm32.7-2018-q2-update.win32_1.0.0.201904181610/tools/bin/../lib/gcc/arm-none-eabi/7.3.1/../../../../arm-none-eabi/lib/thumb/v7-m\libm.a(lib_a-kf_rem_pio2.o)
                0x000000000800bfe4                __kernel_rem_pio2f
 .text.__kernel_sinf
                0x000000000800c520       0xec c:/st/stm32cubeide_1.3.0/stm32cubeide/plugins/com.st.stm32cube.ide.mcu.externaltools.gnu-tools-for-stm32.7-2018-q2-update.win32_1.0.0.201904181610/tools/bin/../lib/gcc/arm-none-eabi/7.3.1/../../../../arm-none-eabi/lib/thumb/v7-m\libm.a(lib_a-kf_sin.o)
                0x000000000800c520                __kernel_sinf
 .text.matherr  0x000000000800c60c        0x4 c:/st/stm32cubeide_1.3.0/stm32cubeide/plugins/com.st.stm32cube.ide.mcu.externaltools.gnu-tools-for-stm32.7-2018-q2-update.win32_1.0.0.201904181610/tools/bin/../lib/gcc/arm-none-eabi/7.3.1/../../../../arm-none-eabi/lib/thumb/v7-m\libm.a(lib_a-s_matherr.o)
                0x000000000800c60c                matherr
 .text.atanf    0x000000000800c610      0x218 c:/st/stm32cubeide_1.3.0/stm32cubeide/plugins/com.st.stm32cube.ide.mcu.externaltools.gnu-tools-for-stm32.7-2018-q2-update.win32_1.0.0.201904181610/tools/bin/../lib/gcc/arm-none-eabi/7.3.1/../../../../arm-none-eabi/lib/thumb/v7-m\libm.a(lib_a-sf_atan.o)
                0x000000000800c610                atanf
 .text.fabsf    0x000000000800c828        0x6 c:/st/stm32cubeide_1.3.0/stm32cubeide/plugins/com.st.stm32cube.ide.mcu.externaltools.gnu-tools-for-stm32.7-2018-q2-update.win32_1.0.0.201904181610/tools/bin/../lib/gcc/arm-none-eabi/7.3.1/../../../../arm-none-eabi/lib/thumb/v7-m\libm.a(lib_a-sf_fabs.o)
                0x000000000800c828                fabsf
 *fill*         0x000000000800c82e        0x2 
 .text.scalbnf  0x000000000800c830       0x98 c:/st/stm32cubeide_1.3.0/stm32cubeide/plugins/com.st.stm32cube.ide.mcu.externaltools.gnu-tools-for-stm32.7-2018-q2-update.win32_1.0.0.201904181610/tools/bin/../lib/gcc/arm-none-eabi/7.3.1/../../../../arm-none-eabi/lib/thumb/v7-m\libm.a(lib_a-sf_scalbn.o)
                0x000000000800c830                scalbnf
 .text.copysignf
                0x000000000800c8c8        0xc c:/st/stm32cubeide_1.3.0/stm32cubeide/plugins/com.st.stm32cube.ide.mcu.externaltools.gnu-tools-for-stm32.7-2018-q2-update.win32_1.0.0.201904181610/tools/bin/../lib/gcc/arm-none-eabi/7.3.1/../../../../arm-none-eabi/lib/thumb/v7-m\libm.a(lib_a-sf_copysign.o)
                0x000000000800c8c8                copysignf
 .text.__errno  0x000000000800c8d4        0xc c:/st/stm32cubeide_1.3.0/stm32cubeide/plugins/com.st.stm32cube.ide.mcu.externaltools.gnu-tools-for-stm32.7-2018-q2-update.win32_1.0.0.201904181610/tools/bin/../lib/gcc/arm-none-eabi/7.3.1/../../../../arm-none-eabi/lib/thumb/v7-m\libc.a(lib_a-errno.o)
                0x000000000800c8d4                __errno
 *(.glue_7)
 .glue_7        0x000000000800c8e0        0x0 linker stubs
 *(.glue_7t)
 .glue_7t       0x000000000800c8e0        0x0 linker stubs
 *(.eh_frame)
 .eh_frame      0x000000000800c8e0        0x0 c:/st/stm32cubeide_1.3.0/stm32cubeide/plugins/com.st.stm32cube.ide.mcu.externaltools.gnu-tools-for-stm32.7-2018-q2-update.win32_1.0.0.201904181610/tools/bin/../lib/gcc/arm-none-eabi/7.3.1/thumb/v7-m/crtbegin.o
 *(.init)
 .init          0x000000000800c8e0        0x4 c:/st/stm32cubeide_1.3.0/stm32cubeide/plugins/com.st.stm32cube.ide.mcu.externaltools.gnu-tools-for-stm32.7-2018-q2-update.win32_1.0.0.201904181610/tools/bin/../lib/gcc/arm-none-eabi/7.3.1/thumb/v7-m/crti.o
                0x000000000800c8e0                _init
 .init          0x000000000800c8e4        0x8 c:/st/stm32cubeide_1.3.0/stm32cubeide/plugins/com.st.stm32cube.ide.mcu.externaltools.gnu-tools-for-stm32.7-2018-q2-update.win32_1.0.0.201904181610/tools/bin/../lib/gcc/arm-none-eabi/7.3.1/thumb/v7-m/crtn.o
 *(.fini)
 .fini          0x000000000800c8ec        0x4 c:/st/stm32cubeide_1.3.0/stm32cubeide/plugins/com.st.stm32cube.ide.mcu.externaltools.gnu-tools-for-stm32.7-2018-q2-update.win32_1.0.0.201904181610/tools/bin/../lib/gcc/arm-none-eabi/7.3.1/thumb/v7-m/crti.o
                0x000000000800c8ec                _fini
 .fini          0x000000000800c8f0        0x8 c:/st/stm32cubeide_1.3.0/stm32cubeide/plugins/com.st.stm32cube.ide.mcu.externaltools.gnu-tools-for-stm32.7-2018-q2-update.win32_1.0.0.201904181610/tools/bin/../lib/gcc/arm-none-eabi/7.3.1/thumb/v7-m/crtn.o
                0x000000000800c8f8                . = ALIGN (0x4)
                0x000000000800c8f8                _etext = .

.vfp11_veneer   0x000000000800c8f8        0x0
 .vfp11_veneer  0x000000000800c8f8        0x0 linker stubs

.v4_bx          0x000000000800c8f8        0x0
 .v4_bx         0x000000000800c8f8        0x0 linker stubs

.iplt           0x000000000800c8f8        0x0
 .iplt          0x000000000800c8f8        0x0 c:/st/stm32cubeide_1.3.0/stm32cubeide/plugins/com.st.stm32cube.ide.mcu.externaltools.gnu-tools-for-stm32.7-2018-q2-update.win32_1.0.0.201904181610/tools/bin/../lib/gcc/arm-none-eabi/7.3.1/thumb/v7-m/crtbegin.o

.rodata         0x000000000800c8f8      0x6fc
                0x000000000800c8f8                . = ALIGN (0x4)
 *(.rodata)
 *(.rodata*)
 .rodata.report_alarm_message.str1.4
                0x000000000800c8f8        0x7 src/report.o
 *fill*         0x000000000800c8ff        0x1 
 .rodata.report_build_info.str1.4
                0x000000000800c900       0x22 src/report.o
 *fill*         0x000000000800c922        0x2 
 .rodata.report_feedback_message.str1.4
                0x000000000800c924       0xad src/report.o
 *fill*         0x000000000800c9d1        0x3 
 .rodata.report_gcode_modes.str1.4
                0x000000000800c9d4       0x1f src/report.o
 *fill*         0x000000000800c9f3        0x1 
 .rodata.report_grbl_help.str1.4
                0x000000000800c9f4       0x4a src/report.o
 *fill*         0x000000000800ca3e        0x2 
 .rodata.report_init_message.str1.4
                0x000000000800ca40       0x22 src/report.o
 *fill*         0x000000000800ca62        0x2 
 .rodata.report_ngc_parameters.str1.4
                0x000000000800ca64       0x1a src/report.o
 *fill*         0x000000000800ca7e        0x2 
 .rodata.report_probe_parameters.str1.4
                0x000000000800ca80        0x6 src/report.o
 *fill*         0x000000000800ca86        0x2 
 .rodata.report_realtime_status.str1.4
                0x000000000800ca88       0x7b src/report.o
 *fill*         0x000000000800cb03        0x1 
 .rodata.report_startup_line.str1.4
                0x000000000800cb04        0x3 src/report.o
 *fill*         0x000000000800cb07        0x1 
 .rodata.report_status_message.str1.4
                0x000000000800cb08       0x13 src/report.o
 *fill*         0x000000000800cb1b        0x1 
 .rodata.direction_pin_mask
                0x000000000800cb1c        0x8 src/stepper.o
                0x000000000800cb1c                direction_pin_mask
 .rodata.limit_pin_mask
                0x000000000800cb24        0x8 src/stepper.o
                0x000000000800cb24                limit_pin_mask
 .rodata.step_pin_mask
                0x000000000800cb2c        0x8 src/stepper.o
                0x000000000800cb2c                step_pin_mask
 .rodata.tmc_read.str1.4
                0x000000000800cb34       0x10 src/tmc2300.o
 .rodata.Virtual_Com_Port_ConfigDescriptor
                0x000000000800cb44       0x43 usb/usb_desc.o
                0x000000000800cb44                Virtual_Com_Port_ConfigDescriptor
 *fill*         0x000000000800cb87        0x1 
 .rodata.Virtual_Com_Port_DeviceDescriptor
                0x000000000800cb88       0x12 usb/usb_desc.o
                0x000000000800cb88                Virtual_Com_Port_DeviceDescriptor
 *fill*         0x000000000800cb9a        0x2 
 .rodata.Virtual_Com_Port_StringLangID
                0x000000000800cb9c        0x4 usb/usb_desc.o
                0x000000000800cb9c                Virtual_Com_Port_StringLangID
 .rodata.Virtual_Com_Port_StringProduct
                0x000000000800cba0       0x1c usb/usb_desc.o
                0x000000000800cba0                Virtual_Com_Port_StringProduct
 .rodata.Virtual_Com_Port_StringVendor
                0x000000000800cbbc       0x16 usb/usb_desc.o
                0x000000000800cbbc                Virtual_Com_Port_StringVendor
 *fill*         0x000000000800cbd2        0x2 
 .rodata._global_impure_ptr
                0x000000000800cbd4        0x4 c:/st/stm32cubeide_1.3.0/stm32cubeide/plugins/com.st.stm32cube.ide.mcu.externaltools.gnu-tools-for-stm32.7-2018-q2-update.win32_1.0.0.201904181610/tools/bin/../lib/gcc/arm-none-eabi/7.3.1/../../../../arm-none-eabi/lib/thumb/v7-m\libc.a(lib_a-impure.o)
                0x000000000800cbd4                _global_impure_ptr
 .rodata.__utoa.str1.1
                0x000000000800cbd8       0x25 c:/st/stm32cubeide_1.3.0/stm32cubeide/plugins/com.st.stm32cube.ide.mcu.externaltools.gnu-tools-for-stm32.7-2018-q2-update.win32_1.0.0.201904181610/tools/bin/../lib/gcc/arm-none-eabi/7.3.1/../../../../arm-none-eabi/lib/thumb/v7-m\libc.a(lib_a-utoa.o)
 .rodata.sqrtf.str1.1
                0x000000000800cbfd        0x6 c:/st/stm32cubeide_1.3.0/stm32cubeide/plugins/com.st.stm32cube.ide.mcu.externaltools.gnu-tools-for-stm32.7-2018-q2-update.win32_1.0.0.201904181610/tools/bin/../lib/gcc/arm-none-eabi/7.3.1/../../../../arm-none-eabi/lib/thumb/v7-m\libm.a(lib_a-wf_sqrt.o)
 *fill*         0x000000000800cc03        0x1 
 .rodata.npio2_hw
                0x000000000800cc04       0x80 c:/st/stm32cubeide_1.3.0/stm32cubeide/plugins/com.st.stm32cube.ide.mcu.externaltools.gnu-tools-for-stm32.7-2018-q2-update.win32_1.0.0.201904181610/tools/bin/../lib/gcc/arm-none-eabi/7.3.1/../../../../arm-none-eabi/lib/thumb/v7-m\libm.a(lib_a-ef_rem_pio2.o)
 .rodata.two_over_pi
                0x000000000800cc84      0x318 c:/st/stm32cubeide_1.3.0/stm32cubeide/plugins/com.st.stm32cube.ide.mcu.externaltools.gnu-tools-for-stm32.7-2018-q2-update.win32_1.0.0.201904181610/tools/bin/../lib/gcc/arm-none-eabi/7.3.1/../../../../arm-none-eabi/lib/thumb/v7-m\libm.a(lib_a-ef_rem_pio2.o)
 .rodata.PIo2   0x000000000800cf9c       0x2c c:/st/stm32cubeide_1.3.0/stm32cubeide/plugins/com.st.stm32cube.ide.mcu.externaltools.gnu-tools-for-stm32.7-2018-q2-update.win32_1.0.0.201904181610/tools/bin/../lib/gcc/arm-none-eabi/7.3.1/../../../../arm-none-eabi/lib/thumb/v7-m\libm.a(lib_a-kf_rem_pio2.o)
 .rodata.init_jk
                0x000000000800cfc8        0xc c:/st/stm32cubeide_1.3.0/stm32cubeide/plugins/com.st.stm32cube.ide.mcu.externaltools.gnu-tools-for-stm32.7-2018-q2-update.win32_1.0.0.201904181610/tools/bin/../lib/gcc/arm-none-eabi/7.3.1/../../../../arm-none-eabi/lib/thumb/v7-m\libm.a(lib_a-kf_rem_pio2.o)
 .rodata.atanhi
                0x000000000800cfd4       0x10 c:/st/stm32cubeide_1.3.0/stm32cubeide/plugins/com.st.stm32cube.ide.mcu.externaltools.gnu-tools-for-stm32.7-2018-q2-update.win32_1.0.0.201904181610/tools/bin/../lib/gcc/arm-none-eabi/7.3.1/../../../../arm-none-eabi/lib/thumb/v7-m\libm.a(lib_a-sf_atan.o)
 .rodata.atanlo
                0x000000000800cfe4       0x10 c:/st/stm32cubeide_1.3.0/stm32cubeide/plugins/com.st.stm32cube.ide.mcu.externaltools.gnu-tools-for-stm32.7-2018-q2-update.win32_1.0.0.201904181610/tools/bin/../lib/gcc/arm-none-eabi/7.3.1/../../../../arm-none-eabi/lib/thumb/v7-m\libm.a(lib_a-sf_atan.o)
                0x000000000800cff4                . = ALIGN (0x4)

.rel.dyn        0x000000000800cff4        0x0
 .rel.iplt      0x000000000800cff4        0x0 c:/st/stm32cubeide_1.3.0/stm32cubeide/plugins/com.st.stm32cube.ide.mcu.externaltools.gnu-tools-for-stm32.7-2018-q2-update.win32_1.0.0.201904181610/tools/bin/../lib/gcc/arm-none-eabi/7.3.1/thumb/v7-m/crtbegin.o

.ARM.extab
 *(.ARM.extab* .gnu.linkonce.armextab.*)

.ARM            0x000000000800cff4        0x0
                0x000000000800cff4                __exidx_start = .
 *(.ARM.exidx*)
                0x000000000800cff4                __exidx_end = .

.preinit_array  0x000000000800cff4        0x0
                0x000000000800cff4                PROVIDE (__preinit_array_start = .)
 *(.preinit_array*)
                0x000000000800cff4                PROVIDE (__preinit_array_end = .)

.init_array     0x000000000800cff4        0x8
                0x000000000800cff4                PROVIDE (__init_array_start = .)
 *(SORT_BY_NAME(.init_array.*))
 .init_array.00000
                0x000000000800cff4        0x4 c:/st/stm32cubeide_1.3.0/stm32cubeide/plugins/com.st.stm32cube.ide.mcu.externaltools.gnu-tools-for-stm32.7-2018-q2-update.win32_1.0.0.201904181610/tools/bin/../lib/gcc/arm-none-eabi/7.3.1/../../../../arm-none-eabi/lib/thumb/v7-m\libc.a(lib_a-__call_atexit.o)
 *(.init_array*)
 .init_array    0x000000000800cff8        0x4 c:/st/stm32cubeide_1.3.0/stm32cubeide/plugins/com.st.stm32cube.ide.mcu.externaltools.gnu-tools-for-stm32.7-2018-q2-update.win32_1.0.0.201904181610/tools/bin/../lib/gcc/arm-none-eabi/7.3.1/thumb/v7-m/crtbegin.o
                0x000000000800cffc                PROVIDE (__init_array_end = .)

.fini_array     0x000000000800cffc        0x4
                0x000000000800cffc                PROVIDE (__fini_array_start = .)
 *(SORT_BY_NAME(.fini_array.*))
 *(.fini_array*)
 .fini_array    0x000000000800cffc        0x4 c:/st/stm32cubeide_1.3.0/stm32cubeide/plugins/com.st.stm32cube.ide.mcu.externaltools.gnu-tools-for-stm32.7-2018-q2-update.win32_1.0.0.201904181610/tools/bin/../lib/gcc/arm-none-eabi/7.3.1/thumb/v7-m/crtbegin.o
                0x000000000800d000                PROVIDE (__fini_array_end = .)
                0x000000000800d000                _sidata = LOADADDR (.data)

.data           0x0000000020000000      0x538 load address 0x000000000800d000
                0x0000000020000000                . = ALIGN (0x4)
                0x0000000020000000                _sdata = .
 *(.data)
 *(.data*)
 .data.ADCPrescTable
                0x0000000020000000        0x4 Libraries/STM32F10x_StdPeriph_Driver/src/stm32f10x_rcc.o
 .data.APBAHBPrescTable
                0x0000000020000004       0x10 Libraries/STM32F10x_StdPeriph_Driver/src/stm32f10x_rcc.o
 .data.nOnFlag.8708
                0x0000000020000014        0x1 src/main.o
 *fill*         0x0000000020000015        0x3 
 .data.SystemCoreClock
                0x0000000020000018        0x4 src/system_stm32f10x.o
                0x0000000020000018                SystemCoreClock
 .data.Virtual_Com_Port_StringSerial
                0x000000002000001c       0x1a usb/usb_desc.o
                0x000000002000001c                Virtual_Com_Port_StringSerial
 *fill*         0x0000000020000036        0x2 
 .data.pEpInt_IN
                0x0000000020000038       0x1c usb/usb_istr.o
                0x0000000020000038                pEpInt_IN
 .data.pEpInt_OUT
                0x0000000020000054       0x1c usb/usb_istr.o
                0x0000000020000054                pEpInt_OUT
 .data.Config_Descriptor
                0x0000000020000070        0x8 usb/usb_prop.o
                0x0000000020000070                Config_Descriptor
 .data.Device_Descriptor
                0x0000000020000078        0x8 usb/usb_prop.o
                0x0000000020000078                Device_Descriptor
 .data.Device_Property
                0x0000000020000080       0x30 usb/usb_prop.o
                0x0000000020000080                Device_Property
 .data.Device_Table
                0x00000000200000b0        0x2 usb/usb_prop.o
                0x00000000200000b0                Device_Table
 *fill*         0x00000000200000b2        0x2 
 .data.String_Descriptor
                0x00000000200000b4       0x20 usb/usb_prop.o
                0x00000000200000b4                String_Descriptor
 .data.User_Standard_Requests
                0x00000000200000d4       0x24 usb/usb_prop.o
                0x00000000200000d4                User_Standard_Requests
 .data.linecoding
                0x00000000200000f8        0x8 usb/usb_prop.o
                0x00000000200000f8                linecoding
 .data._impure_ptr
                0x0000000020000100        0x4 c:/st/stm32cubeide_1.3.0/stm32cubeide/plugins/com.st.stm32cube.ide.mcu.externaltools.gnu-tools-for-stm32.7-2018-q2-update.win32_1.0.0.201904181610/tools/bin/../lib/gcc/arm-none-eabi/7.3.1/../../../../arm-none-eabi/lib/thumb/v7-m\libc.a(lib_a-impure.o)
                0x0000000020000100                _impure_ptr
 *fill*         0x0000000020000104        0x4 
 .data.impure_data
                0x0000000020000108      0x428 c:/st/stm32cubeide_1.3.0/stm32cubeide/plugins/com.st.stm32cube.ide.mcu.externaltools.gnu-tools-for-stm32.7-2018-q2-update.win32_1.0.0.201904181610/tools/bin/../lib/gcc/arm-none-eabi/7.3.1/../../../../arm-none-eabi/lib/thumb/v7-m\libc.a(lib_a-impure.o)
 .data.__atexit_recursive_mutex
                0x0000000020000530        0x4 c:/st/stm32cubeide_1.3.0/stm32cubeide/plugins/com.st.stm32cube.ide.mcu.externaltools.gnu-tools-for-stm32.7-2018-q2-update.win32_1.0.0.201904181610/tools/bin/../lib/gcc/arm-none-eabi/7.3.1/../../../../arm-none-eabi/lib/thumb/v7-m\libc.a(lib_a-__call_atexit.o)
                0x0000000020000530                __atexit_recursive_mutex
 .data.__fdlib_version
                0x0000000020000534        0x1 c:/st/stm32cubeide_1.3.0/stm32cubeide/plugins/com.st.stm32cube.ide.mcu.externaltools.gnu-tools-for-stm32.7-2018-q2-update.win32_1.0.0.201904181610/tools/bin/../lib/gcc/arm-none-eabi/7.3.1/../../../../arm-none-eabi/lib/thumb/v7-m\libm.a(lib_a-s_lib_ver.o)
                0x0000000020000534                __fdlib_version
                0x0000000020000538                . = ALIGN (0x4)
 *fill*         0x0000000020000535        0x3 
                0x0000000020000538                _edata = .

.igot.plt       0x0000000020000538        0x0 load address 0x000000000800d538
 .igot.plt      0x0000000020000538        0x0 c:/st/stm32cubeide_1.3.0/stm32cubeide/plugins/com.st.stm32cube.ide.mcu.externaltools.gnu-tools-for-stm32.7-2018-q2-update.win32_1.0.0.201904181610/tools/bin/../lib/gcc/arm-none-eabi/7.3.1/thumb/v7-m/crtbegin.o
                0x0000000020000538                . = ALIGN (0x4)

.bss            0x0000000020000538     0x1300 load address 0x000000000800d538
                0x0000000020000538                _sbss = .
                0x0000000020000538                __bss_start__ = _sbss
 *(.bss)
 .bss           0x0000000020000538       0x1c c:/st/stm32cubeide_1.3.0/stm32cubeide/plugins/com.st.stm32cube.ide.mcu.externaltools.gnu-tools-for-stm32.7-2018-q2-update.win32_1.0.0.201904181610/tools/bin/../lib/gcc/arm-none-eabi/7.3.1/thumb/v7-m/crtbegin.o
 *(.bss*)
 .bss.block_buffer
                0x0000000020000554      0x7e0 src/planner.o
 .bss.block_buffer_head
                0x0000000020000d34        0x1 src/planner.o
 .bss.block_buffer_planned
                0x0000000020000d35        0x1 src/planner.o
 .bss.block_buffer_tail
                0x0000000020000d36        0x1 src/planner.o
 .bss.next_buffer_head
                0x0000000020000d37        0x1 src/planner.o
 .bss.pl        0x0000000020000d38       0x24 src/planner.o
 .bss.line      0x0000000020000d5c       0x50 src/protocol.o
 .bss.serial3_rx_buffer_head
                0x0000000020000dac        0x1 src/serial.o
                0x0000000020000dac                serial3_rx_buffer_head
 .bss.serial3_rx_buffer_tail
                0x0000000020000dad        0x1 src/serial.o
                0x0000000020000dad                serial3_rx_buffer_tail
 .bss.serial_rx_buffer_head
                0x0000000020000dae        0x1 src/serial.o
                0x0000000020000dae                serial_rx_buffer_head
 .bss.serial_rx_buffer_tail
                0x0000000020000daf        0x1 src/serial.o
                0x0000000020000daf                serial_rx_buffer_tail
 .bss.serial_tx_buffer_head
                0x0000000020000db0        0x1 src/serial.o
                0x0000000020000db0                serial_tx_buffer_head
 .bss.serial_tx_buffer_tail
                0x0000000020000db1        0x1 src/serial.o
                0x0000000020000db1                serial_tx_buffer_tail
 *fill*         0x0000000020000db2        0x2 
 .bss.pwm_gradient
                0x0000000020000db4        0x4 src/spindle_control.o
 .bss.busy      0x0000000020000db8        0x1 src/stepper.o
 *fill*         0x0000000020000db9        0x1 
 .bss.dir_port_invert_mask
                0x0000000020000dba        0x2 src/stepper.o
 .bss.pl_block  0x0000000020000dbc        0x4 src/stepper.o
 .bss.prep      0x0000000020000dc0       0x38 src/stepper.o
 .bss.segment_buffer
                0x0000000020000df8       0x50 src/stepper.o
 .bss.segment_buffer_head
                0x0000000020000e48        0x1 src/stepper.o
 .bss.segment_buffer_tail
                0x0000000020000e49        0x1 src/stepper.o
 .bss.segment_next_head
                0x0000000020000e4a        0x1 src/stepper.o
 *fill*         0x0000000020000e4b        0x1 
 .bss.st        0x0000000020000e4c       0x34 src/stepper.o
 .bss.st_block_buffer
                0x0000000020000e80       0xd8 src/stepper.o
 .bss.st_prep_block
                0x0000000020000f58        0x4 src/stepper.o
 .bss.step_port_invert_mask
                0x0000000020000f5c        0x2 src/stepper.o
 *fill*         0x0000000020000f5e        0x2 
 .bss.Data_Mul_MaxPacketSize
                0x0000000020000f60        0x4 stm_usb_fs_lib/src/usb_core.o
                0x0000000020000f60                Data_Mul_MaxPacketSize
 .bss.txUsbLock
                0x0000000020000f64        0x1 usb/usb_endp.o
                0x0000000020000f64                txUsbLock
 .bss.bIntPackSOF
                0x0000000020000f65        0x1 usb/usb_istr.o
                0x0000000020000f65                bIntPackSOF
 .bss.Request   0x0000000020000f66        0x1 usb/usb_prop.o
                0x0000000020000f66                Request
 *fill*         0x0000000020000f67        0x1 
 .bss.bDeviceState
                0x0000000020000f68        0x4 usb/usb_pwr.o
                0x0000000020000f68                bDeviceState
 *(COMMON)
 COMMON         0x0000000020000f6c      0x400 src/eeprom.o
                0x0000000020000f6c                EE_Buffer
 COMMON         0x000000002000136c       0x98 src/gcode.o
                0x000000002000136c                gc_state
                0x00000000200013bc                gc_block
 COMMON         0x0000000020001404       0x3d src/main.o
                0x0000000020001404                sys_rt_exec_motion_override
                0x0000000020001408                sys
                0x000000002000141c                sys_rt_exec_accessory_override
                0x000000002000141d                sys_rt_exec_state
                0x000000002000141e                sys_probe_state
                0x0000000020001420                sys_probe_position
                0x0000000020001430                sys_position
                0x0000000020001440                sys_rt_exec_alarm
 *fill*         0x0000000020001441        0x1 
 COMMON         0x0000000020001442        0x2 src/probe.o
                0x0000000020001442                probe_invert_mask
 COMMON         0x0000000020001444      0x300 src/serial.o
                0x0000000020001444                serial3_rx_buffer
                0x0000000020001544                serial_tx_buffer
                0x00000000200015c4                serial_rx_buffer
                0x00000000200016c4                serial3_tx_buffer
 COMMON         0x0000000020001744       0x6c src/settings.o
                0x0000000020001744                settings
 COMMON         0x00000000200017b0        0x2 stm_usb_fs_lib/src/usb_core.o
                0x00000000200017b0                StatusInfo
 *fill*         0x00000000200017b2        0x2 
 COMMON         0x00000000200017b4       0x32 stm_usb_fs_lib/src/usb_init.o
                0x00000000200017b4                SaveState
                0x00000000200017b8                pProperty
                0x00000000200017bc                EPindex
                0x00000000200017c0                Device_Info
                0x00000000200017dc                pUser_Standard_Requests
                0x00000000200017e0                pInformation
                0x00000000200017e4                wInterrupt_Mask
 COMMON         0x00000000200017e6        0x4 stm_usb_fs_lib/src/usb_int.o
                0x00000000200017e6                SaveRState
                0x00000000200017e8                SaveTState
 *fill*         0x00000000200017ea        0x2 
 COMMON         0x00000000200017ec       0x40 usb/usb_endp.o
                0x00000000200017ec                USB_Rx_Buffer
 COMMON         0x000000002000182c        0x2 usb/usb_istr.o
                0x000000002000182c                wIstr
 COMMON         0x000000002000182e        0x9 c:/st/stm32cubeide_1.3.0/stm32cubeide/plugins/com.st.stm32cube.ide.mcu.externaltools.gnu-tools-for-stm32.7-2018-q2-update.win32_1.0.0.201904181610/tools/bin/../lib/gcc/arm-none-eabi/7.3.1/../../../../arm-none-eabi/lib/thumb/v7-m\libc.a(lib_a-lock.o)
                0x000000002000182e                __lock___atexit_recursive_mutex
                0x000000002000182f                __lock___arc4random_mutex
                0x0000000020001830                __lock___env_recursive_mutex
                0x0000000020001831                __lock___sinit_recursive_mutex
                0x0000000020001832                __lock___malloc_recursive_mutex
                0x0000000020001833                __lock___at_quick_exit_mutex
                0x0000000020001834                __lock___dd_hash_mutex
                0x0000000020001835                __lock___tz_mutex
                0x0000000020001836                __lock___sfp_recursive_mutex
                0x0000000020001838                . = ALIGN (0x4)
 *fill*         0x0000000020001837        0x1 
                0x0000000020001838                _ebss = .
                0x0000000020001838                __bss_end__ = _ebss

._user_heap_stack
                0x0000000020001838      0x280 load address 0x000000000800d538
                0x0000000020001838                . = ALIGN (0x4)
                [!provide]                        PROVIDE (end = .)
                [!provide]                        PROVIDE (_end = .)
                0x00000000200018b8                . = (. + _Min_Heap_Size)
 *fill*         0x0000000020001838       0x80 
                0x0000000020001ab8                . = (. + _Min_Stack_Size)
 *fill*         0x00000000200018b8      0x200 
                0x0000000020001ab8                . = ALIGN (0x4)

.memory_b1_text
 *(.mb1text)
 *(.mb1text*)
 *(.mb1rodata)
 *(.mb1rodata*)

/DISCARD/
 libc.a(*)
 libm.a(*)
 libgcc.a(*)

.ARM.attributes
                0x0000000000000000       0x29
 *(.ARM.attributes)
 .ARM.attributes
                0x0000000000000000       0x1d c:/st/stm32cubeide_1.3.0/stm32cubeide/plugins/com.st.stm32cube.ide.mcu.externaltools.gnu-tools-for-stm32.7-2018-q2-update.win32_1.0.0.201904181610/tools/bin/../lib/gcc/arm-none-eabi/7.3.1/thumb/v7-m/crti.o
 .ARM.attributes
                0x000000000000001d       0x2d c:/st/stm32cubeide_1.3.0/stm32cubeide/plugins/com.st.stm32cube.ide.mcu.externaltools.gnu-tools-for-stm32.7-2018-q2-update.win32_1.0.0.201904181610/tools/bin/../lib/gcc/arm-none-eabi/7.3.1/thumb/v7-m/crtbegin.o
 .ARM.attributes
                0x000000000000004a       0x2f Libraries/STM32F10x_StdPeriph_Driver/src/misc.o
 .ARM.attributes
                0x0000000000000079       0x2f Libraries/STM32F10x_StdPeriph_Driver/src/stm32f10x_exti.o
 .ARM.attributes
                0x00000000000000a8       0x2f Libraries/STM32F10x_StdPeriph_Driver/src/stm32f10x_flash.o
 .ARM.attributes
                0x00000000000000d7       0x2f Libraries/STM32F10x_StdPeriph_Driver/src/stm32f10x_gpio.o
 .ARM.attributes
                0x0000000000000106       0x2f Libraries/STM32F10x_StdPeriph_Driver/src/stm32f10x_rcc.o
 .ARM.attributes
                0x0000000000000135       0x2f Libraries/STM32F10x_StdPeriph_Driver/src/stm32f10x_tim.o
 .ARM.attributes
                0x0000000000000164       0x2f Libraries/STM32F10x_StdPeriph_Driver/src/stm32f10x_usart.o
 .ARM.attributes
                0x0000000000000193       0x2f src/coolant_control.o
 .ARM.attributes
                0x00000000000001c2       0x2f src/eeprom.o
 .ARM.attributes
                0x00000000000001f1       0x2f src/gcode.o
 .ARM.attributes
                0x0000000000000220       0x2f src/jog.o
 .ARM.attributes
                0x000000000000024f       0x2f src/limits.o
 .ARM.attributes
                0x000000000000027e       0x2f src/main.o
 .ARM.attributes
                0x00000000000002ad       0x2f src/motion_control.o
 .ARM.attributes
                0x00000000000002dc       0x2f src/nuts_bolts.o
 .ARM.attributes
                0x000000000000030b       0x2f src/planner.o
 .ARM.attributes
                0x000000000000033a       0x2f src/print.o
 .ARM.attributes
                0x0000000000000369       0x2f src/probe.o
 .ARM.attributes
                0x0000000000000398       0x2f src/protocol.o
 .ARM.attributes
                0x00000000000003c7       0x2f src/report.o
 .ARM.attributes
                0x00000000000003f6       0x2f src/serial.o
 .ARM.attributes
                0x0000000000000425       0x2f src/settings.o
 .ARM.attributes
                0x0000000000000454       0x2f src/spindle_control.o
 .ARM.attributes
                0x0000000000000483       0x21 src/startup_stm32f10x_md.o
 .ARM.attributes
                0x00000000000004a4       0x2f src/stepper.o
 .ARM.attributes
                0x00000000000004d3       0x2f src/system.o
 .ARM.attributes
                0x0000000000000502       0x2f src/system_stm32f10x.o
 .ARM.attributes
                0x0000000000000531       0x2f src/tmc2300.o
 .ARM.attributes
                0x0000000000000560       0x2f stm_usb_fs_lib/src/usb_core.o
 .ARM.attributes
                0x000000000000058f       0x2f stm_usb_fs_lib/src/usb_init.o
 .ARM.attributes
                0x00000000000005be       0x2f stm_usb_fs_lib/src/usb_int.o
 .ARM.attributes
                0x00000000000005ed       0x2f stm_usb_fs_lib/src/usb_mem.o
 .ARM.attributes
                0x000000000000061c       0x2f stm_usb_fs_lib/src/usb_regs.o